{
  "checkpoint": "training/runs/prose-casing/last.pt",
  "checkpointSha256": "a3e695075a980b5de88c77c40b1a5cd95891f06fc9c5da2a3fdcf95c280406e6",
  "artifactSha256": "c70ebf43271fac5dea9cd58ecc18156c0b7b81e92950eb7ddd24587b02453ba0",
  "boundaryThreshold": 5.0,
  "calibration": {
    "threshold": 5.0,
    "criterion": "Maximize the worst clause-boundary F1 across same-frame validation and reordered development data. Ties choose the lower threshold. These sets were already used for development and model selection; this is not test-set calibration.",
    "grid": [
      {
        "threshold": 0.0,
        "metrics": {
          "validation": {
            "f1": 0.9940417080436942,
            "truePositive": 1001,
            "falsePositive": 11,
            "falseNegative": 1
          },
          "heldoutDevelopment": {
            "f1": 0.7008639308855291,
            "truePositive": 1298,
            "falsePositive": 1108,
            "falseNegative": 0
          }
        }
      },
      {
        "threshold": 0.25,
        "metrics": {
          "validation": {
            "f1": 0.9940417080436942,
            "truePositive": 1001,
            "falsePositive": 11,
            "falseNegative": 1
          },
          "heldoutDevelopment": {
            "f1": 0.7044776119402985,
            "truePositive": 1298,
            "falsePositive": 1089,
            "falseNegative": 0
          }
        }
      },
      {
        "threshold": 0.5,
        "metrics": {
          "validation": {
            "f1": 0.994535519125683,
            "truePositive": 1001,
            "falsePositive": 10,
            "falseNegative": 1
          },
          "heldoutDevelopment": {
            "f1": 0.7110380717611613,
            "truePositive": 1298,
            "falsePositive": 1055,
            "falseNegative": 0
          }
        }
      },
      {
        "threshold": 0.75,
        "metrics": {
          "validation": {
            "f1": 0.9955246146195923,
            "truePositive": 1001,
            "falsePositive": 8,
            "falseNegative": 1
          },
          "heldoutDevelopment": {
            "f1": 0.7171270718232045,
            "truePositive": 1298,
            "falsePositive": 1024,
            "falseNegative": 0
          }
        }
      },
      {
        "threshold": 1.0,
        "metrics": {
          "validation": {
            "f1": 0.9960199004975124,
            "truePositive": 1001,
            "falsePositive": 7,
            "falseNegative": 1
          },
          "heldoutDevelopment": {
            "f1": 0.7251396648044692,
            "truePositive": 1298,
            "falsePositive": 984,
            "falseNegative": 0
          }
        }
      },
      {
        "threshold": 1.25,
        "metrics": {
          "validation": {
            "f1": 0.9960199004975124,
            "truePositive": 1001,
            "falsePositive": 7,
            "falseNegative": 1
          },
          "heldoutDevelopment": {
            "f1": 0.7339553293751767,
            "truePositive": 1298,
            "falsePositive": 941,
            "falseNegative": 0
          }
        }
      },
      {
        "threshold": 1.5,
        "metrics": {
          "validation": {
            "f1": 0.9970119521912351,
            "truePositive": 1001,
            "falsePositive": 5,
            "falseNegative": 1
          },
          "heldoutDevelopment": {
            "f1": 0.7408675799086758,
            "truePositive": 1298,
            "falsePositive": 908,
            "falseNegative": 0
          }
        }
      },
      {
        "threshold": 1.75,
        "metrics": {
          "validation": {
            "f1": 0.9970119521912351,
            "truePositive": 1001,
            "falsePositive": 5,
            "falseNegative": 1
          },
          "heldoutDevelopment": {
            "f1": 0.7489901904212348,
            "truePositive": 1298,
            "falsePositive": 870,
            "falseNegative": 0
          }
        }
      },
      {
        "threshold": 2.0,
        "metrics": {
          "validation": {
            "f1": 0.9970119521912351,
            "truePositive": 1001,
            "falsePositive": 5,
            "falseNegative": 1
          },
          "heldoutDevelopment": {
            "f1": 0.7586206896551724,
            "truePositive": 1298,
            "falsePositive": 826,
            "falseNegative": 0
          }
        }
      },
      {
        "threshold": 2.25,
        "metrics": {
          "validation": {
            "f1": 0.9970119521912351,
            "truePositive": 1001,
            "falsePositive": 5,
            "falseNegative": 1
          },
          "heldoutDevelopment": {
            "f1": 0.7694131594546533,
            "truePositive": 1298,
            "falsePositive": 778,
            "falseNegative": 0
          }
        }
      },
      {
        "threshold": 2.5,
        "metrics": {
          "validation": {
            "f1": 0.9970089730807578,
            "truePositive": 1000,
            "falsePositive": 4,
            "falseNegative": 2
          },
          "heldoutDevelopment": {
            "f1": 0.7814569536423841,
            "truePositive": 1298,
            "falsePositive": 726,
            "falseNegative": 0
          }
        }
      },
      {
        "threshold": 2.75,
        "metrics": {
          "validation": {
            "f1": 0.9970089730807578,
            "truePositive": 1000,
            "falsePositive": 4,
            "falseNegative": 2
          },
          "heldoutDevelopment": {
            "f1": 0.7948560930802204,
            "truePositive": 1298,
            "falsePositive": 670,
            "falseNegative": 0
          }
        }
      },
      {
        "threshold": 3.0,
        "metrics": {
          "validation": {
            "f1": 0.9970089730807578,
            "truePositive": 1000,
            "falsePositive": 4,
            "falseNegative": 2
          },
          "heldoutDevelopment": {
            "f1": 0.809731752963194,
            "truePositive": 1298,
            "falsePositive": 610,
            "falseNegative": 0
          }
        }
      },
      {
        "threshold": 3.25,
        "metrics": {
          "validation": {
            "f1": 0.9970089730807578,
            "truePositive": 1000,
            "falsePositive": 4,
            "falseNegative": 2
          },
          "heldoutDevelopment": {
            "f1": 0.8243886948237535,
            "truePositive": 1298,
            "falsePositive": 553,
            "falseNegative": 0
          }
        }
      },
      {
        "threshold": 3.5,
        "metrics": {
          "validation": {
            "f1": 0.9970089730807578,
            "truePositive": 1000,
            "falsePositive": 4,
            "falseNegative": 2
          },
          "heldoutDevelopment": {
            "f1": 0.8376895772829945,
            "truePositive": 1298,
            "falsePositive": 503,
            "falseNegative": 0
          }
        }
      },
      {
        "threshold": 3.75,
        "metrics": {
          "validation": {
            "f1": 0.9975062344139651,
            "truePositive": 1000,
            "falsePositive": 3,
            "falseNegative": 2
          },
          "heldoutDevelopment": {
            "f1": 0.8539473684210527,
            "truePositive": 1298,
            "falsePositive": 444,
            "falseNegative": 0
          }
        }
      },
      {
        "threshold": 4.0,
        "metrics": {
          "validation": {
            "f1": 0.997002997002997,
            "truePositive": 998,
            "falsePositive": 2,
            "falseNegative": 4
          },
          "heldoutDevelopment": {
            "f1": 0.8679371447676363,
            "truePositive": 1298,
            "falsePositive": 395,
            "falseNegative": 0
          }
        }
      },
      {
        "threshold": 4.25,
        "metrics": {
          "validation": {
            "f1": 0.9965017491254373,
            "truePositive": 997,
            "falsePositive": 2,
            "falseNegative": 5
          },
          "heldoutDevelopment": {
            "f1": 0.8832936372915958,
            "truePositive": 1298,
            "falsePositive": 343,
            "falseNegative": 0
          }
        }
      },
      {
        "threshold": 4.5,
        "metrics": {
          "validation": {
            "f1": 0.996,
            "truePositive": 996,
            "falsePositive": 2,
            "falseNegative": 6
          },
          "heldoutDevelopment": {
            "f1": 0.8992033252511258,
            "truePositive": 1298,
            "falsePositive": 291,
            "falseNegative": 0
          }
        }
      },
      {
        "threshold": 4.75,
        "metrics": {
          "validation": {
            "f1": 0.996,
            "truePositive": 996,
            "falsePositive": 2,
            "falseNegative": 6
          },
          "heldoutDevelopment": {
            "f1": 0.9127988748241913,
            "truePositive": 1298,
            "falsePositive": 248,
            "falseNegative": 0
          }
        }
      },
      {
        "threshold": 5.0,
        "metrics": {
          "validation": {
            "f1": 0.9954977488744372,
            "truePositive": 995,
            "falsePositive": 2,
            "falseNegative": 7
          },
          "heldoutDevelopment": {
            "f1": 0.9245014245014245,
            "truePositive": 1298,
            "falsePositive": 212,
            "falseNegative": 0
          }
        }
      }
    ]
  },
  "epoch": 3,
  "tokensSeenAtCheckpoint": 209632593,
  "lineage": [
    {
      "checkpoint": "training/runs/prose-casing/last.pt",
      "sha256": "a3e695075a980b5de88c77c40b1a5cd95891f06fc9c5da2a3fdcf95c280406e6",
      "epoch": 3,
      "trainingTokens": 12098451
    },
    {
      "checkpoint": "/Users/arikko/Developer/vibecode/gpu-time-rewrite/training/runs/prose-durations/last.pt",
      "sha256": "0c1198524b16faa4a52036d81f1789c8d4208cbedd9fab4311c929e39502d39d",
      "epoch": 4,
      "trainingTokens": 16120775
    },
    {
      "checkpoint": "/Users/arikko/Developer/vibecode/gpu-time-rewrite/training/runs/prose-context/last.pt",
      "sha256": "aa332cd5851986f48981d8dba7535b9648a69d817d9069c76ea7880a4f81dff9",
      "epoch": 3,
      "trainingTokens": 12075714
    },
    {
      "checkpoint": "/Users/arikko/Developer/vibecode/gpu-time-rewrite/training/runs/timezone-free/best.pt",
      "sha256": "4abbe1eeb3f9218dbee317ca6339eec177bdcaef76b866639c4b05233bb952d4",
      "epoch": 1,
      "trainingTokens": 3889018
    },
    {
      "checkpoint": "/Users/arikko/Developer/vibecode/gpu-time-rewrite/training/runs/caller-timezone/best.pt",
      "sha256": "e3a7716f53059dc8a7eae876d1e324c4f6c84b29ce95a54929251cab7b7ca9da",
      "epoch": 2,
      "trainingTokens": 7803214
    },
    {
      "checkpoint": "/Users/arikko/Developer/vibecode/gpu-time-rewrite/training/runs/natural-grammar/best.pt",
      "sha256": "3192efb3f907073baa31ffadce4d3753fd36ddcb483474594a91c60ae6df2888",
      "epoch": 2,
      "trainingTokens": 7659498
    },
    {
      "checkpoint": "/Users/arikko/Developer/vibecode/gpu-time-rewrite/training/runs/timezone-grammar/best.pt",
      "sha256": "db532eb33cff44bbdde1c154b6c611ca70522abd04a160d415eb8dfe80d430c7",
      "epoch": 1,
      "trainingTokens": 3820163
    },
    {
      "checkpoint": "/Users/arikko/Developer/vibecode/gpu-time-rewrite/training/runs/range-grammar/best.pt",
      "sha256": "e8bbd55dfdad73a9c676af05b777fa3b619dbc577c0d8710f9e780f8383c49df",
      "epoch": 2,
      "trainingTokens": 7776685
    },
    {
      "checkpoint": "/Users/arikko/Developer/vibecode/gpu-time-rewrite/training/runs/written-time/best.pt",
      "sha256": "a251091c0350f83059e06396731b8922b5cb39e4d072299e264c5b3e3f46383a",
      "epoch": 1,
      "trainingTokens": 3886977
    },
    {
      "checkpoint": "/Users/arikko/Developer/vibecode/gpu-time-rewrite/training/runs/complete-grammar/best.pt",
      "sha256": "d6b126345206512308c29c6bccbd5cfb87c90d6c0d933549236163c80deaab38",
      "epoch": 1,
      "trainingTokens": 3873541
    },
    {
      "checkpoint": "/Users/arikko/Developer/vibecode/gpu-time-rewrite/training/runs/modifier-context/best.pt",
      "sha256": "7dbc03c567769b7caeff76e8023c61c1e1c9dd18c8f553f55858dd5a2f9d5ac6",
      "epoch": 1,
      "trainingTokens": 4210121
    },
    {
      "checkpoint": "/Users/arikko/Developer/vibecode/gpu-time-rewrite/training/runs/grammar-contrasts/best.pt",
      "sha256": "3ff0d3caa9c6d65fc5f3d3eed3b1ffb22fa7cdd1e2726326112369322c0afbdf",
      "epoch": 1,
      "trainingTokens": 4199340
    },
    {
      "checkpoint": "/Users/arikko/Developer/vibecode/gpu-time-rewrite/training/runs/grammar-context/best.pt",
      "sha256": "4663a3c890f380eee299611b0ea25158969051982bea9cd941d28b913bd2c8d0",
      "epoch": 2,
      "trainingTokens": 8305966
    },
    {
      "checkpoint": "/Users/arikko/Developer/vibecode/gpu-time-rewrite/training/runs/core-grammar/best.pt",
      "sha256": "32e745c07f07bd55fe36f562d73e7516ee69bce2b33a09935fc25fac4834e615",
      "epoch": 3,
      "trainingTokens": 12536650
    },
    {
      "checkpoint": "/Users/arikko/Developer/vibecode/gpu-time-rewrite/training/runs/grammar-coverage/best.pt",
      "sha256": "ae743a161809e9ceae976d118acf28d7bcc8972e37e4a19dcfb017c4a8614e75",
      "epoch": 3,
      "trainingTokens": 13221729
    },
    {
      "checkpoint": "/Users/arikko/Developer/vibecode/gpu-time-rewrite/training/runs/compact/last.pt",
      "sha256": "128022aa97bfda180c0d4fb77f450b8ae6f1881bbc835bfd14e54c27572ba75b",
      "epoch": 20,
      "trainingTokens": 88154751
    }
  ],
  "parameters": 24761,
  "quantizationBits": 6,
  "logicalPackedBytes": 18571,
  "encodedCharacters": 24761,
  "moduleBytes": 27043,
  "moduleGzipBytes": 16925,
  "moduleBrotliBytes": 14955,
  "labels": [
    "O",
    "NUM",
    "ORD",
    "UNIT",
    "DIR_BEFORE",
    "DIR_AFTER",
    "NOW",
    "REL_DAY",
    "DEICTIC",
    "WEEKDAY",
    "DAYGROUP",
    "MONTH",
    "DOM",
    "YEAR",
    "HOUR",
    "MINUTE",
    "SECOND",
    "MERIDIEM",
    "TIME_NAMED",
    "DAYPART",
    "RANGE_START",
    "RANGE_END",
    "RECUR",
    "FREQ",
    "TIMES",
    "BOUND_START",
    "BOUND_END",
    "COUNT",
    "DUR",
    "EXCEPT",
    "HOLIDAY",
    "JOIN",
    "GLUE",
    "EDGE"
  ],
  "metrics": {
    "validation": {
      "tokens": 79813,
      "sequences": 10000,
      "tokenAccuracy": 0.999749414255823,
      "exactLabelAndBoundarySequence": 0.9974,
      "boundaryPrecision": 0.9979939819458375,
      "boundaryRecall": 0.9930139720558883,
      "boundaryF1": 0.9954977488744373,
      "boundaryCounts": {
        "truePositive": 995,
        "falsePositive": 2,
        "falseNegative": 7
      }
    },
    "heldout": {
      "tokens": 71630,
      "sequences": 10000,
      "tokenAccuracy": 0.9701382102471031,
      "exactLabelAndBoundarySequence": 0.8348,
      "boundaryPrecision": 0.8596026490066225,
      "boundaryRecall": 1.0,
      "boundaryF1": 0.9245014245014246,
      "boundaryCounts": {
        "truePositive": 1298,
        "falsePositive": 212,
        "falseNegative": 0
      }
    }
  },
  "scope": "Exact decoded int6 weights, sequential CPU PyTorch inference reference with the recorded intermediate precision. Training uses the mathematically equivalent parallel affine scan. Browser parity and end-to-end schedule accuracy are separate gates.",
  "parity": {
    "prefix": "training/parity",
    "sequences": 512,
    "tokens": 6002,
    "rowsPerToken": 17,
    "rolesPerToken": 40,
    "boundaryThreshold": 5.0
  },
  "exportSourceDirectory": "training/exports/c70ebf43271fac5dea9cd58ecc18156c0b7b81e92950eb7ddd24587b02453ba0/source",
  "exportSourceHashes": {
    "training/export.py": "c24a6453e3c1304bc3d5cf25258b4149ea8a6bab2d01d7611051377d35f47aa1",
    "training/calibrate.py": "a36888bf0f01f8b92b56d35c9d2417276a6bd896666402513ec60362e8d4ab74",
    "training/model.py": "2d293439c4b256bf424ed09cc0523121752c5a455cd0640f308ab3730bd7cc43",
    "training/train.py": "8a197e6ff4d5af0ba3fe1a7a7cf65b8ed697a3cd213489d66648aeb8b44241f3",
    "training/uv.lock": "e38fc9c47a173255a61427fa2aade8440a7f642a0e55a85ef1bba2ece4d0034f"
  }
}
