{
  "checkpoint": "training/runs/clock-periods/last.pt",
  "checkpointSha256": "ef52b6ad9935d72e4f6e6de1408e11eae527a0fbbd73cd4671ce6c1d1c309003",
  "artifactSha256": "986640d821f70a0959ebc73fa05742455f14e17c9ca140a2596c112b2d9db577",
  "boundaryThreshold": 5.0,
  "calibration": {
    "threshold": 5.0,
    "criterion": "Maximize the worst clause-boundary F1 across same-frame validation and reordered development data. Ties choose the lower threshold. These sets were already used for development and model selection; this is not test-set calibration.",
    "grid": [
      {
        "threshold": 0.0,
        "metrics": {
          "validation": {
            "f1": 0.9974657881398885,
            "truePositive": 984,
            "falsePositive": 4,
            "falseNegative": 1
          },
          "heldoutDevelopment": {
            "f1": 0.6944890315676833,
            "truePositive": 1298,
            "falsePositive": 1142,
            "falseNegative": 0
          }
        }
      },
      {
        "threshold": 0.25,
        "metrics": {
          "validation": {
            "f1": 0.9974657881398885,
            "truePositive": 984,
            "falsePositive": 4,
            "falseNegative": 1
          },
          "heldoutDevelopment": {
            "f1": 0.6978494623655914,
            "truePositive": 1298,
            "falsePositive": 1124,
            "falseNegative": 0
          }
        }
      },
      {
        "threshold": 0.5,
        "metrics": {
          "validation": {
            "f1": 0.9979716024340771,
            "truePositive": 984,
            "falsePositive": 3,
            "falseNegative": 1
          },
          "heldoutDevelopment": {
            "f1": 0.6991650956100188,
            "truePositive": 1298,
            "falsePositive": 1117,
            "falseNegative": 0
          }
        }
      },
      {
        "threshold": 0.75,
        "metrics": {
          "validation": {
            "f1": 0.9979716024340771,
            "truePositive": 984,
            "falsePositive": 3,
            "falseNegative": 1
          },
          "heldoutDevelopment": {
            "f1": 0.7021909656478226,
            "truePositive": 1298,
            "falsePositive": 1101,
            "falseNegative": 0
          }
        }
      },
      {
        "threshold": 1.0,
        "metrics": {
          "validation": {
            "f1": 0.9984779299847792,
            "truePositive": 984,
            "falsePositive": 2,
            "falseNegative": 1
          },
          "heldoutDevelopment": {
            "f1": 0.7044776119402985,
            "truePositive": 1298,
            "falsePositive": 1089,
            "falseNegative": 0
          }
        }
      },
      {
        "threshold": 1.25,
        "metrics": {
          "validation": {
            "f1": 0.9989847715736041,
            "truePositive": 984,
            "falsePositive": 1,
            "falseNegative": 1
          },
          "heldoutDevelopment": {
            "f1": 0.7065868263473054,
            "truePositive": 1298,
            "falsePositive": 1078,
            "falseNegative": 0
          }
        }
      },
      {
        "threshold": 1.5,
        "metrics": {
          "validation": {
            "f1": 0.9989847715736041,
            "truePositive": 984,
            "falsePositive": 1,
            "falseNegative": 1
          },
          "heldoutDevelopment": {
            "f1": 0.7081287506819421,
            "truePositive": 1298,
            "falsePositive": 1070,
            "falseNegative": 0
          }
        }
      },
      {
        "threshold": 1.75,
        "metrics": {
          "validation": {
            "f1": 0.9994921279837481,
            "truePositive": 984,
            "falsePositive": 0,
            "falseNegative": 1
          },
          "heldoutDevelopment": {
            "f1": 0.7100656455142232,
            "truePositive": 1298,
            "falsePositive": 1060,
            "falseNegative": 0
          }
        }
      },
      {
        "threshold": 2.0,
        "metrics": {
          "validation": {
            "f1": 0.9994921279837481,
            "truePositive": 984,
            "falsePositive": 0,
            "falseNegative": 1
          },
          "heldoutDevelopment": {
            "f1": 0.713382797471833,
            "truePositive": 1298,
            "falsePositive": 1043,
            "falseNegative": 0
          }
        }
      },
      {
        "threshold": 2.25,
        "metrics": {
          "validation": {
            "f1": 0.9994921279837481,
            "truePositive": 984,
            "falsePositive": 0,
            "falseNegative": 1
          },
          "heldoutDevelopment": {
            "f1": 0.7187153931339978,
            "truePositive": 1298,
            "falsePositive": 1016,
            "falseNegative": 0
          }
        }
      },
      {
        "threshold": 2.5,
        "metrics": {
          "validation": {
            "f1": 0.9994921279837481,
            "truePositive": 984,
            "falsePositive": 0,
            "falseNegative": 1
          },
          "heldoutDevelopment": {
            "f1": 0.7215119510839355,
            "truePositive": 1298,
            "falsePositive": 1002,
            "falseNegative": 0
          }
        }
      },
      {
        "threshold": 2.75,
        "metrics": {
          "validation": {
            "f1": 0.9989837398373984,
            "truePositive": 983,
            "falsePositive": 0,
            "falseNegative": 2
          },
          "heldoutDevelopment": {
            "f1": 0.7259507829977628,
            "truePositive": 1298,
            "falsePositive": 980,
            "falseNegative": 0
          }
        }
      },
      {
        "threshold": 3.0,
        "metrics": {
          "validation": {
            "f1": 0.9984748347737672,
            "truePositive": 982,
            "falsePositive": 0,
            "falseNegative": 3
          },
          "heldoutDevelopment": {
            "f1": 0.7290087054198259,
            "truePositive": 1298,
            "falsePositive": 965,
            "falseNegative": 0
          }
        }
      },
      {
        "threshold": 3.25,
        "metrics": {
          "validation": {
            "f1": 0.9979654120040692,
            "truePositive": 981,
            "falsePositive": 0,
            "falseNegative": 4
          },
          "heldoutDevelopment": {
            "f1": 0.7343705799151343,
            "truePositive": 1298,
            "falsePositive": 939,
            "falseNegative": 0
          }
        }
      },
      {
        "threshold": 3.5,
        "metrics": {
          "validation": {
            "f1": 0.9969450101832994,
            "truePositive": 979,
            "falsePositive": 0,
            "falseNegative": 6
          },
          "heldoutDevelopment": {
            "f1": 0.7387592487194081,
            "truePositive": 1298,
            "falsePositive": 918,
            "falseNegative": 0
          }
        }
      },
      {
        "threshold": 3.75,
        "metrics": {
          "validation": {
            "f1": 0.9964340295466123,
            "truePositive": 978,
            "falsePositive": 0,
            "falseNegative": 7
          },
          "heldoutDevelopment": {
            "f1": 0.7449067431850789,
            "truePositive": 1298,
            "falsePositive": 889,
            "falseNegative": 0
          }
        }
      },
      {
        "threshold": 4.0,
        "metrics": {
          "validation": {
            "f1": 0.9964340295466123,
            "truePositive": 978,
            "falsePositive": 0,
            "falseNegative": 7
          },
          "heldoutDevelopment": {
            "f1": 0.7515923566878981,
            "truePositive": 1298,
            "falsePositive": 858,
            "falseNegative": 0
          }
        }
      },
      {
        "threshold": 4.25,
        "metrics": {
          "validation": {
            "f1": 0.9964340295466123,
            "truePositive": 978,
            "falsePositive": 0,
            "falseNegative": 7
          },
          "heldoutDevelopment": {
            "f1": 0.7590643274853801,
            "truePositive": 1298,
            "falsePositive": 824,
            "falseNegative": 0
          }
        }
      },
      {
        "threshold": 4.5,
        "metrics": {
          "validation": {
            "f1": 0.9954105048444671,
            "truePositive": 976,
            "falsePositive": 0,
            "falseNegative": 9
          },
          "heldoutDevelopment": {
            "f1": 0.7662337662337663,
            "truePositive": 1298,
            "falsePositive": 792,
            "falseNegative": 0
          }
        }
      },
      {
        "threshold": 4.75,
        "metrics": {
          "validation": {
            "f1": 0.9938712972420838,
            "truePositive": 973,
            "falsePositive": 0,
            "falseNegative": 12
          },
          "heldoutDevelopment": {
            "f1": 0.7784107946026987,
            "truePositive": 1298,
            "falsePositive": 739,
            "falseNegative": 0
          }
        }
      },
      {
        "threshold": 5.0,
        "metrics": {
          "validation": {
            "f1": 0.9923273657289002,
            "truePositive": 970,
            "falsePositive": 0,
            "falseNegative": 15
          },
          "heldoutDevelopment": {
            "f1": 0.7878603945371775,
            "truePositive": 1298,
            "falsePositive": 699,
            "falseNegative": 0
          }
        }
      }
    ]
  },
  "epoch": 4,
  "tokensSeenAtCheckpoint": 225941968,
  "lineage": [
    {
      "checkpoint": "training/runs/clock-periods/last.pt",
      "sha256": "ef52b6ad9935d72e4f6e6de1408e11eae527a0fbbd73cd4671ce6c1d1c309003",
      "epoch": 4,
      "trainingTokens": 16309375
    },
    {
      "checkpoint": "/Users/arikko/Developer/vibecode/gpu-time-rewrite/training/runs/prose-casing/last.pt",
      "sha256": "a3e695075a980b5de88c77c40b1a5cd95891f06fc9c5da2a3fdcf95c280406e6",
      "epoch": 3,
      "trainingTokens": 12098451
    },
    {
      "checkpoint": "/Users/arikko/Developer/vibecode/gpu-time-rewrite/training/runs/prose-durations/last.pt",
      "sha256": "0c1198524b16faa4a52036d81f1789c8d4208cbedd9fab4311c929e39502d39d",
      "epoch": 4,
      "trainingTokens": 16120775
    },
    {
      "checkpoint": "/Users/arikko/Developer/vibecode/gpu-time-rewrite/training/runs/prose-context/last.pt",
      "sha256": "aa332cd5851986f48981d8dba7535b9648a69d817d9069c76ea7880a4f81dff9",
      "epoch": 3,
      "trainingTokens": 12075714
    },
    {
      "checkpoint": "/Users/arikko/Developer/vibecode/gpu-time-rewrite/training/runs/timezone-free/best.pt",
      "sha256": "4abbe1eeb3f9218dbee317ca6339eec177bdcaef76b866639c4b05233bb952d4",
      "epoch": 1,
      "trainingTokens": 3889018
    },
    {
      "checkpoint": "/Users/arikko/Developer/vibecode/gpu-time-rewrite/training/runs/caller-timezone/best.pt",
      "sha256": "e3a7716f53059dc8a7eae876d1e324c4f6c84b29ce95a54929251cab7b7ca9da",
      "epoch": 2,
      "trainingTokens": 7803214
    },
    {
      "checkpoint": "/Users/arikko/Developer/vibecode/gpu-time-rewrite/training/runs/natural-grammar/best.pt",
      "sha256": "3192efb3f907073baa31ffadce4d3753fd36ddcb483474594a91c60ae6df2888",
      "epoch": 2,
      "trainingTokens": 7659498
    },
    {
      "checkpoint": "/Users/arikko/Developer/vibecode/gpu-time-rewrite/training/runs/timezone-grammar/best.pt",
      "sha256": "db532eb33cff44bbdde1c154b6c611ca70522abd04a160d415eb8dfe80d430c7",
      "epoch": 1,
      "trainingTokens": 3820163
    },
    {
      "checkpoint": "/Users/arikko/Developer/vibecode/gpu-time-rewrite/training/runs/range-grammar/best.pt",
      "sha256": "e8bbd55dfdad73a9c676af05b777fa3b619dbc577c0d8710f9e780f8383c49df",
      "epoch": 2,
      "trainingTokens": 7776685
    },
    {
      "checkpoint": "/Users/arikko/Developer/vibecode/gpu-time-rewrite/training/runs/written-time/best.pt",
      "sha256": "a251091c0350f83059e06396731b8922b5cb39e4d072299e264c5b3e3f46383a",
      "epoch": 1,
      "trainingTokens": 3886977
    },
    {
      "checkpoint": "/Users/arikko/Developer/vibecode/gpu-time-rewrite/training/runs/complete-grammar/best.pt",
      "sha256": "d6b126345206512308c29c6bccbd5cfb87c90d6c0d933549236163c80deaab38",
      "epoch": 1,
      "trainingTokens": 3873541
    },
    {
      "checkpoint": "/Users/arikko/Developer/vibecode/gpu-time-rewrite/training/runs/modifier-context/best.pt",
      "sha256": "7dbc03c567769b7caeff76e8023c61c1e1c9dd18c8f553f55858dd5a2f9d5ac6",
      "epoch": 1,
      "trainingTokens": 4210121
    },
    {
      "checkpoint": "/Users/arikko/Developer/vibecode/gpu-time-rewrite/training/runs/grammar-contrasts/best.pt",
      "sha256": "3ff0d3caa9c6d65fc5f3d3eed3b1ffb22fa7cdd1e2726326112369322c0afbdf",
      "epoch": 1,
      "trainingTokens": 4199340
    },
    {
      "checkpoint": "/Users/arikko/Developer/vibecode/gpu-time-rewrite/training/runs/grammar-context/best.pt",
      "sha256": "4663a3c890f380eee299611b0ea25158969051982bea9cd941d28b913bd2c8d0",
      "epoch": 2,
      "trainingTokens": 8305966
    },
    {
      "checkpoint": "/Users/arikko/Developer/vibecode/gpu-time-rewrite/training/runs/core-grammar/best.pt",
      "sha256": "32e745c07f07bd55fe36f562d73e7516ee69bce2b33a09935fc25fac4834e615",
      "epoch": 3,
      "trainingTokens": 12536650
    },
    {
      "checkpoint": "/Users/arikko/Developer/vibecode/gpu-time-rewrite/training/runs/grammar-coverage/best.pt",
      "sha256": "ae743a161809e9ceae976d118acf28d7bcc8972e37e4a19dcfb017c4a8614e75",
      "epoch": 3,
      "trainingTokens": 13221729
    },
    {
      "checkpoint": "/Users/arikko/Developer/vibecode/gpu-time-rewrite/training/runs/compact/last.pt",
      "sha256": "128022aa97bfda180c0d4fb77f450b8ae6f1881bbc835bfd14e54c27572ba75b",
      "epoch": 20,
      "trainingTokens": 88154751
    }
  ],
  "parameters": 24761,
  "quantizationBits": 6,
  "logicalPackedBytes": 18571,
  "encodedCharacters": 24761,
  "moduleBytes": 27039,
  "moduleGzipBytes": 16919,
  "moduleBrotliBytes": 14988,
  "labels": [
    "O",
    "NUM",
    "ORD",
    "UNIT",
    "DIR_BEFORE",
    "DIR_AFTER",
    "NOW",
    "REL_DAY",
    "DEICTIC",
    "WEEKDAY",
    "DAYGROUP",
    "MONTH",
    "DOM",
    "YEAR",
    "HOUR",
    "MINUTE",
    "SECOND",
    "MERIDIEM",
    "TIME_NAMED",
    "DAYPART",
    "RANGE_START",
    "RANGE_END",
    "RECUR",
    "FREQ",
    "TIMES",
    "BOUND_START",
    "BOUND_END",
    "COUNT",
    "DUR",
    "EXCEPT",
    "HOLIDAY",
    "JOIN",
    "GLUE",
    "EDGE"
  ],
  "metrics": {
    "validation": {
      "tokens": 80944,
      "sequences": 10000,
      "tokenAccuracy": 0.9996911444949594,
      "exactLabelAndBoundarySequence": 0.9962,
      "boundaryPrecision": 1.0,
      "boundaryRecall": 0.9847715736040609,
      "boundaryF1": 0.9923273657289001,
      "boundaryCounts": {
        "truePositive": 970,
        "falsePositive": 0,
        "falseNegative": 15
      }
    },
    "heldout": {
      "tokens": 71630,
      "sequences": 10000,
      "tokenAccuracy": 0.9725533994136535,
      "exactLabelAndBoundarySequence": 0.795,
      "boundaryPrecision": 0.6499749624436655,
      "boundaryRecall": 1.0,
      "boundaryF1": 0.7878603945371775,
      "boundaryCounts": {
        "truePositive": 1298,
        "falsePositive": 699,
        "falseNegative": 0
      }
    }
  },
  "scope": "Exact decoded int6 weights, sequential CPU PyTorch inference reference with the recorded intermediate precision. Training uses the mathematically equivalent parallel affine scan. Browser parity and end-to-end schedule accuracy are separate gates.",
  "parity": {
    "prefix": "training/parity",
    "sequences": 512,
    "tokens": 6002,
    "rowsPerToken": 17,
    "rolesPerToken": 40,
    "boundaryThreshold": 5.0
  },
  "exportSourceDirectory": "training/exports/986640d821f70a0959ebc73fa05742455f14e17c9ca140a2596c112b2d9db577/source",
  "exportSourceHashes": {
    "training/export.py": "c24a6453e3c1304bc3d5cf25258b4149ea8a6bab2d01d7611051377d35f47aa1",
    "training/calibrate.py": "a36888bf0f01f8b92b56d35c9d2417276a6bd896666402513ec60362e8d4ab74",
    "training/model.py": "2d293439c4b256bf424ed09cc0523121752c5a455cd0640f308ab3730bd7cc43",
    "training/train.py": "8a197e6ff4d5af0ba3fe1a7a7cf65b8ed697a3cd213489d66648aeb8b44241f3",
    "training/uv.lock": "e38fc9c47a173255a61427fa2aade8440a7f642a0e55a85ef1bba2ece4d0034f"
  }
}
