{
  "checkpoint": "training/runs/grammar-contrasts/best.pt",
  "checkpointSha256": "3ff0d3caa9c6d65fc5f3d3eed3b1ffb22fa7cdd1e2726326112369322c0afbdf",
  "artifactSha256": "658016f80cb17d1646035a0e4cd6d0a016d64551caa652f10ef8b1ab3edba62a",
  "boundaryThreshold": 5.0,
  "calibration": {
    "threshold": 5.0,
    "criterion": "Maximize the worst clause-boundary F1 across same-frame validation and reordered development data. Ties choose the lower threshold. These sets were already used for development and model selection; this is not test-set calibration.",
    "grid": [
      {
        "threshold": 0.0,
        "metrics": {
          "validation": {
            "f1": 0.9965288734616599,
            "truePositive": 1579,
            "falsePositive": 9,
            "falseNegative": 2
          },
          "heldoutDevelopment": {
            "f1": 0.708112628937831,
            "truePositive": 1270,
            "falsePositive": 1047,
            "falseNegative": 0
          }
        }
      },
      {
        "threshold": 0.25,
        "metrics": {
          "validation": {
            "f1": 0.997158193874329,
            "truePositive": 1579,
            "falsePositive": 7,
            "falseNegative": 2
          },
          "heldoutDevelopment": {
            "f1": 0.7110862262038073,
            "truePositive": 1270,
            "falsePositive": 1032,
            "falseNegative": 0
          }
        }
      },
      {
        "threshold": 0.5,
        "metrics": {
          "validation": {
            "f1": 0.9974731522425774,
            "truePositive": 1579,
            "falsePositive": 6,
            "falseNegative": 2
          },
          "heldoutDevelopment": {
            "f1": 0.7124824684431977,
            "truePositive": 1270,
            "falsePositive": 1025,
            "falseNegative": 0
          }
        }
      },
      {
        "threshold": 0.75,
        "metrics": {
          "validation": {
            "f1": 0.9981036662452591,
            "truePositive": 1579,
            "falsePositive": 4,
            "falseNegative": 2
          },
          "heldoutDevelopment": {
            "f1": 0.714084903008153,
            "truePositive": 1270,
            "falsePositive": 1017,
            "falseNegative": 0
          }
        }
      },
      {
        "threshold": 1.0,
        "metrics": {
          "validation": {
            "f1": 0.9981036662452591,
            "truePositive": 1579,
            "falsePositive": 4,
            "falseNegative": 2
          },
          "heldoutDevelopment": {
            "f1": 0.7148888263439347,
            "truePositive": 1270,
            "falsePositive": 1013,
            "falseNegative": 0
          }
        }
      },
      {
        "threshold": 1.25,
        "metrics": {
          "validation": {
            "f1": 0.9981036662452591,
            "truePositive": 1579,
            "falsePositive": 4,
            "falseNegative": 2
          },
          "heldoutDevelopment": {
            "f1": 0.715694561848408,
            "truePositive": 1270,
            "falsePositive": 1009,
            "falseNegative": 0
          }
        }
      },
      {
        "threshold": 1.5,
        "metrics": {
          "validation": {
            "f1": 0.9977869111602908,
            "truePositive": 1578,
            "falsePositive": 4,
            "falseNegative": 3
          },
          "heldoutDevelopment": {
            "f1": 0.7167042889390519,
            "truePositive": 1270,
            "falsePositive": 1004,
            "falseNegative": 0
          }
        }
      },
      {
        "threshold": 1.75,
        "metrics": {
          "validation": {
            "f1": 0.9974699557242251,
            "truePositive": 1577,
            "falsePositive": 4,
            "falseNegative": 4
          },
          "heldoutDevelopment": {
            "f1": 0.7173114939282689,
            "truePositive": 1270,
            "falsePositive": 1001,
            "falseNegative": 0
          }
        }
      },
      {
        "threshold": 2.0,
        "metrics": {
          "validation": {
            "f1": 0.9977855109142676,
            "truePositive": 1577,
            "falsePositive": 3,
            "falseNegative": 4
          },
          "heldoutDevelopment": {
            "f1": 0.7181227028555273,
            "truePositive": 1270,
            "falsePositive": 997,
            "falseNegative": 0
          }
        }
      },
      {
        "threshold": 2.25,
        "metrics": {
          "validation": {
            "f1": 0.99778410889522,
            "truePositive": 1576,
            "falsePositive": 2,
            "falseNegative": 5
          },
          "heldoutDevelopment": {
            "f1": 0.7189357486555336,
            "truePositive": 1270,
            "falsePositive": 993,
            "falseNegative": 0
          }
        }
      },
      {
        "threshold": 2.5,
        "metrics": {
          "validation": {
            "f1": 0.9981000633312223,
            "truePositive": 1576,
            "falsePositive": 1,
            "falseNegative": 5
          },
          "heldoutDevelopment": {
            "f1": 0.7205673758865249,
            "truePositive": 1270,
            "falsePositive": 985,
            "falseNegative": 0
          }
        }
      },
      {
        "threshold": 2.75,
        "metrics": {
          "validation": {
            "f1": 0.9974651457541192,
            "truePositive": 1574,
            "falsePositive": 1,
            "falseNegative": 7
          },
          "heldoutDevelopment": {
            "f1": 0.7226173541963016,
            "truePositive": 1270,
            "falsePositive": 975,
            "falseNegative": 0
          }
        }
      },
      {
        "threshold": 3.0,
        "metrics": {
          "validation": {
            "f1": 0.9974651457541192,
            "truePositive": 1574,
            "falsePositive": 1,
            "falseNegative": 7
          },
          "heldoutDevelopment": {
            "f1": 0.7259216919119749,
            "truePositive": 1270,
            "falsePositive": 959,
            "falseNegative": 0
          }
        }
      },
      {
        "threshold": 3.25,
        "metrics": {
          "validation": {
            "f1": 0.9968294229549778,
            "truePositive": 1572,
            "falsePositive": 1,
            "falseNegative": 9
          },
          "heldoutDevelopment": {
            "f1": 0.7338919387460272,
            "truePositive": 1270,
            "falsePositive": 921,
            "falseNegative": 0
          }
        }
      },
      {
        "threshold": 3.5,
        "metrics": {
          "validation": {
            "f1": 0.9961928934010152,
            "truePositive": 1570,
            "falsePositive": 1,
            "falseNegative": 11
          },
          "heldoutDevelopment": {
            "f1": 0.7403089478286214,
            "truePositive": 1270,
            "falsePositive": 891,
            "falseNegative": 0
          }
        }
      },
      {
        "threshold": 3.75,
        "metrics": {
          "validation": {
            "f1": 0.9949174078780177,
            "truePositive": 1566,
            "falsePositive": 1,
            "falseNegative": 15
          },
          "heldoutDevelopment": {
            "f1": 0.7494836234877545,
            "truePositive": 1270,
            "falsePositive": 849,
            "falseNegative": 0
          }
        }
      },
      {
        "threshold": 4.0,
        "metrics": {
          "validation": {
            "f1": 0.9929980903882877,
            "truePositive": 1560,
            "falsePositive": 1,
            "falseNegative": 21
          },
          "heldoutDevelopment": {
            "f1": 0.7645996387718242,
            "truePositive": 1270,
            "falsePositive": 782,
            "falseNegative": 0
          }
        }
      },
      {
        "threshold": 4.25,
        "metrics": {
          "validation": {
            "f1": 0.9917144678138942,
            "truePositive": 1556,
            "falsePositive": 1,
            "falseNegative": 25
          },
          "heldoutDevelopment": {
            "f1": 0.7844348363187152,
            "truePositive": 1270,
            "falsePositive": 698,
            "falseNegative": 0
          }
        }
      },
      {
        "threshold": 4.5,
        "metrics": {
          "validation": {
            "f1": 0.990105330354293,
            "truePositive": 1551,
            "falsePositive": 1,
            "falseNegative": 30
          },
          "heldoutDevelopment": {
            "f1": 0.806093303713107,
            "truePositive": 1270,
            "falsePositive": 611,
            "falseNegative": 0
          }
        }
      },
      {
        "threshold": 4.75,
        "metrics": {
          "validation": {
            "f1": 0.9878438899552143,
            "truePositive": 1544,
            "falsePositive": 1,
            "falseNegative": 37
          },
          "heldoutDevelopment": {
            "f1": 0.8358012504113195,
            "truePositive": 1270,
            "falsePositive": 499,
            "falseNegative": 0
          }
        }
      },
      {
        "threshold": 5.0,
        "metrics": {
          "validation": {
            "f1": 0.9849117174959872,
            "truePositive": 1534,
            "falsePositive": 0,
            "falseNegative": 47
          },
          "heldoutDevelopment": {
            "f1": 0.8648280558392918,
            "truePositive": 1270,
            "falsePositive": 397,
            "falseNegative": 0
          }
        }
      }
    ]
  },
  "epoch": 1,
  "tokensSeenAtCheckpoint": 126418436,
  "lineage": [
    {
      "checkpoint": "training/runs/grammar-contrasts/best.pt",
      "sha256": "3ff0d3caa9c6d65fc5f3d3eed3b1ffb22fa7cdd1e2726326112369322c0afbdf",
      "epoch": 1,
      "trainingTokens": 4199340
    },
    {
      "checkpoint": "/Users/arikko/Developer/vibecode/gpu-time-rewrite/training/runs/grammar-context/best.pt",
      "sha256": "4663a3c890f380eee299611b0ea25158969051982bea9cd941d28b913bd2c8d0",
      "epoch": 2,
      "trainingTokens": 8305966
    },
    {
      "checkpoint": "/Users/arikko/Developer/vibecode/gpu-time-rewrite/training/runs/core-grammar/best.pt",
      "sha256": "32e745c07f07bd55fe36f562d73e7516ee69bce2b33a09935fc25fac4834e615",
      "epoch": 3,
      "trainingTokens": 12536650
    },
    {
      "checkpoint": "/Users/arikko/Developer/vibecode/gpu-time-rewrite/training/runs/grammar-coverage/best.pt",
      "sha256": "ae743a161809e9ceae976d118acf28d7bcc8972e37e4a19dcfb017c4a8614e75",
      "epoch": 3,
      "trainingTokens": 13221729
    },
    {
      "checkpoint": "/Users/arikko/Developer/vibecode/gpu-time-rewrite/training/runs/compact/last.pt",
      "sha256": "128022aa97bfda180c0d4fb77f450b8ae6f1881bbc835bfd14e54c27572ba75b",
      "epoch": 20,
      "trainingTokens": 88154751
    }
  ],
  "parameters": 24761,
  "quantizationBits": 6,
  "logicalPackedBytes": 18571,
  "encodedCharacters": 24761,
  "moduleBytes": 27051,
  "moduleGzipBytes": 17152,
  "moduleBrotliBytes": 15260,
  "labels": [
    "O",
    "NUM",
    "ORD",
    "UNIT",
    "DIR_BEFORE",
    "DIR_AFTER",
    "NOW",
    "REL_DAY",
    "DEICTIC",
    "WEEKDAY",
    "DAYGROUP",
    "MONTH",
    "DOM",
    "YEAR",
    "HOUR",
    "MINUTE",
    "SECOND",
    "MERIDIEM",
    "TIME_NAMED",
    "DAYPART",
    "RANGE_START",
    "RANGE_END",
    "RECUR",
    "FREQ",
    "TIMES",
    "BOUND_START",
    "BOUND_END",
    "COUNT",
    "DUR",
    "EXCEPT",
    "TZ",
    "HOLIDAY",
    "JOIN",
    "GLUE",
    "EDGE"
  ],
  "metrics": {
    "validation": {
      "tokens": 86602,
      "sequences": 10000,
      "tokenAccuracy": 0.9993533636636567,
      "exactLabelAndBoundarySequence": 0.9903,
      "boundaryPrecision": 1.0,
      "boundaryRecall": 0.9702719797596457,
      "boundaryF1": 0.9849117174959872,
      "boundaryCounts": {
        "truePositive": 1534,
        "falsePositive": 0,
        "falseNegative": 47
      }
    },
    "heldout": {
      "tokens": 71821,
      "sequences": 10000,
      "tokenAccuracy": 0.9742554406092926,
      "exactLabelAndBoundarySequence": 0.8212,
      "boundaryPrecision": 0.7618476304739052,
      "boundaryRecall": 1.0,
      "boundaryF1": 0.8648280558392918,
      "boundaryCounts": {
        "truePositive": 1270,
        "falsePositive": 397,
        "falseNegative": 0
      }
    }
  },
  "scope": "Exact decoded int6 weights, sequential CPU PyTorch inference reference with the recorded intermediate precision. Training uses the mathematically equivalent parallel affine scan. Browser parity and end-to-end schedule accuracy are separate gates.",
  "parity": {
    "prefix": "training/parity",
    "sequences": 512,
    "tokens": 6048,
    "rowsPerToken": 17,
    "rolesPerToken": 40,
    "boundaryThreshold": 5.0
  },
  "exportSourceDirectory": "training/exports/658016f80cb17d1646035a0e4cd6d0a016d64551caa652f10ef8b1ab3edba62a/source",
  "exportSourceHashes": {
    "training/export.py": "c24a6453e3c1304bc3d5cf25258b4149ea8a6bab2d01d7611051377d35f47aa1",
    "training/calibrate.py": "a36888bf0f01f8b92b56d35c9d2417276a6bd896666402513ec60362e8d4ab74",
    "training/model.py": "2d293439c4b256bf424ed09cc0523121752c5a455cd0640f308ab3730bd7cc43",
    "training/train.py": "265a263b18bea692265bd42b8a3839b2e59d713ae134c18f7ac20d8951da6bc3",
    "training/uv.lock": "e38fc9c47a173255a61427fa2aade8440a7f642a0e55a85ef1bba2ece4d0034f"
  }
}
