{
  "checkpoint": "training/runs/complete-grammar/best.pt",
  "checkpointSha256": "d6b126345206512308c29c6bccbd5cfb87c90d6c0d933549236163c80deaab38",
  "artifactSha256": "644c4a0335d0697ff99920e4deabf7c3bcb331ce419c9161def9cd3952f88879",
  "boundaryThreshold": 5.0,
  "calibration": {
    "threshold": 5.0,
    "criterion": "Maximize the worst clause-boundary F1 across same-frame validation and reordered development data. Ties choose the lower threshold. These sets were already used for development and model selection; this is not test-set calibration.",
    "grid": [
      {
        "threshold": 0.0,
        "metrics": {
          "validation": {
            "f1": 0.9990521327014218,
            "truePositive": 1054,
            "falsePositive": 1,
            "falseNegative": 1
          },
          "heldoutDevelopment": {
            "f1": 0.7148888263439347,
            "truePositive": 1270,
            "falsePositive": 1013,
            "falseNegative": 0
          }
        }
      },
      {
        "threshold": 0.25,
        "metrics": {
          "validation": {
            "f1": 0.9985775248933144,
            "truePositive": 1053,
            "falsePositive": 1,
            "falseNegative": 2
          },
          "heldoutDevelopment": {
            "f1": 0.7203630175836642,
            "truePositive": 1270,
            "falsePositive": 986,
            "falseNegative": 0
          }
        }
      },
      {
        "threshold": 0.5,
        "metrics": {
          "validation": {
            "f1": 0.9985775248933144,
            "truePositive": 1053,
            "falsePositive": 1,
            "falseNegative": 2
          },
          "heldoutDevelopment": {
            "f1": 0.7280022929206076,
            "truePositive": 1270,
            "falsePositive": 949,
            "falseNegative": 0
          }
        }
      },
      {
        "threshold": 0.75,
        "metrics": {
          "validation": {
            "f1": 0.9985775248933144,
            "truePositive": 1053,
            "falsePositive": 1,
            "falseNegative": 2
          },
          "heldoutDevelopment": {
            "f1": 0.7353792704111175,
            "truePositive": 1270,
            "falsePositive": 914,
            "falseNegative": 0
          }
        }
      },
      {
        "threshold": 1.0,
        "metrics": {
          "validation": {
            "f1": 0.9985775248933144,
            "truePositive": 1053,
            "falsePositive": 1,
            "falseNegative": 2
          },
          "heldoutDevelopment": {
            "f1": 0.7448680351906158,
            "truePositive": 1270,
            "falsePositive": 870,
            "falseNegative": 0
          }
        }
      },
      {
        "threshold": 1.25,
        "metrics": {
          "validation": {
            "f1": 0.9985775248933144,
            "truePositive": 1053,
            "falsePositive": 1,
            "falseNegative": 2
          },
          "heldoutDevelopment": {
            "f1": 0.7588885569166418,
            "truePositive": 1270,
            "falsePositive": 807,
            "falseNegative": 0
          }
        }
      },
      {
        "threshold": 1.5,
        "metrics": {
          "validation": {
            "f1": 0.9985775248933144,
            "truePositive": 1053,
            "falsePositive": 1,
            "falseNegative": 2
          },
          "heldoutDevelopment": {
            "f1": 0.7722712070538158,
            "truePositive": 1270,
            "falsePositive": 749,
            "falseNegative": 0
          }
        }
      },
      {
        "threshold": 1.75,
        "metrics": {
          "validation": {
            "f1": 0.9981024667931688,
            "truePositive": 1052,
            "falsePositive": 1,
            "falseNegative": 3
          },
          "heldoutDevelopment": {
            "f1": 0.7885749767153059,
            "truePositive": 1270,
            "falsePositive": 681,
            "falseNegative": 0
          }
        }
      },
      {
        "threshold": 2.0,
        "metrics": {
          "validation": {
            "f1": 0.9985761746559089,
            "truePositive": 1052,
            "falsePositive": 0,
            "falseNegative": 3
          },
          "heldoutDevelopment": {
            "f1": 0.8032890575585073,
            "truePositive": 1270,
            "falsePositive": 622,
            "falseNegative": 0
          }
        }
      },
      {
        "threshold": 2.25,
        "metrics": {
          "validation": {
            "f1": 0.9985761746559089,
            "truePositive": 1052,
            "falsePositive": 0,
            "falseNegative": 3
          },
          "heldoutDevelopment": {
            "f1": 0.8193548387096774,
            "truePositive": 1270,
            "falsePositive": 560,
            "falseNegative": 0
          }
        }
      },
      {
        "threshold": 2.5,
        "metrics": {
          "validation": {
            "f1": 0.9981006647673314,
            "truePositive": 1051,
            "falsePositive": 0,
            "falseNegative": 4
          },
          "heldoutDevelopment": {
            "f1": 0.838007258330584,
            "truePositive": 1270,
            "falsePositive": 491,
            "falseNegative": 0
          }
        }
      },
      {
        "threshold": 2.75,
        "metrics": {
          "validation": {
            "f1": 0.9981006647673314,
            "truePositive": 1051,
            "falsePositive": 0,
            "falseNegative": 4
          },
          "heldoutDevelopment": {
            "f1": 0.8636518191091466,
            "truePositive": 1270,
            "falsePositive": 401,
            "falseNegative": 0
          }
        }
      },
      {
        "threshold": 3.0,
        "metrics": {
          "validation": {
            "f1": 0.997624703087886,
            "truePositive": 1050,
            "falsePositive": 0,
            "falseNegative": 5
          },
          "heldoutDevelopment": {
            "f1": 0.8859434949424485,
            "truePositive": 1270,
            "falsePositive": 327,
            "falseNegative": 0
          }
        }
      },
      {
        "threshold": 3.25,
        "metrics": {
          "validation": {
            "f1": 0.997624703087886,
            "truePositive": 1050,
            "falsePositive": 0,
            "falseNegative": 5
          },
          "heldoutDevelopment": {
            "f1": 0.903271692745377,
            "truePositive": 1270,
            "falsePositive": 272,
            "falseNegative": 0
          }
        }
      },
      {
        "threshold": 3.5,
        "metrics": {
          "validation": {
            "f1": 0.997148288973384,
            "truePositive": 1049,
            "falsePositive": 0,
            "falseNegative": 6
          },
          "heldoutDevelopment": {
            "f1": 0.9196234612599565,
            "truePositive": 1270,
            "falsePositive": 222,
            "falseNegative": 0
          }
        }
      },
      {
        "threshold": 3.75,
        "metrics": {
          "validation": {
            "f1": 0.9966714217784118,
            "truePositive": 1048,
            "falsePositive": 0,
            "falseNegative": 7
          },
          "heldoutDevelopment": {
            "f1": 0.9355432780847146,
            "truePositive": 1270,
            "falsePositive": 175,
            "falseNegative": 0
          }
        }
      },
      {
        "threshold": 4.0,
        "metrics": {
          "validation": {
            "f1": 0.9966714217784118,
            "truePositive": 1048,
            "falsePositive": 0,
            "falseNegative": 7
          },
          "heldoutDevelopment": {
            "f1": 0.9488233096750094,
            "truePositive": 1270,
            "falsePositive": 137,
            "falseNegative": 0
          }
        }
      },
      {
        "threshold": 4.25,
        "metrics": {
          "validation": {
            "f1": 0.9957163255592575,
            "truePositive": 1046,
            "falsePositive": 0,
            "falseNegative": 9
          },
          "heldoutDevelopment": {
            "f1": 0.963215775502465,
            "truePositive": 1270,
            "falsePositive": 97,
            "falseNegative": 0
          }
        }
      },
      {
        "threshold": 4.5,
        "metrics": {
          "validation": {
            "f1": 0.9952380952380953,
            "truePositive": 1045,
            "falsePositive": 0,
            "falseNegative": 10
          },
          "heldoutDevelopment": {
            "f1": 0.9754224270353302,
            "truePositive": 1270,
            "falsePositive": 64,
            "falseNegative": 0
          }
        }
      },
      {
        "threshold": 4.75,
        "metrics": {
          "validation": {
            "f1": 0.9947594092424964,
            "truePositive": 1044,
            "falsePositive": 0,
            "falseNegative": 11
          },
          "heldoutDevelopment": {
            "f1": 0.9810737736577829,
            "truePositive": 1270,
            "falsePositive": 49,
            "falseNegative": 0
          }
        }
      },
      {
        "threshold": 5.0,
        "metrics": {
          "validation": {
            "f1": 0.9928400954653938,
            "truePositive": 1040,
            "falsePositive": 0,
            "falseNegative": 15
          },
          "heldoutDevelopment": {
            "f1": 0.9883268482490273,
            "truePositive": 1270,
            "falsePositive": 30,
            "falseNegative": 0
          }
        }
      }
    ]
  },
  "epoch": 1,
  "tokensSeenAtCheckpoint": 134502098,
  "lineage": [
    {
      "checkpoint": "training/runs/complete-grammar/best.pt",
      "sha256": "d6b126345206512308c29c6bccbd5cfb87c90d6c0d933549236163c80deaab38",
      "epoch": 1,
      "trainingTokens": 3873541
    },
    {
      "checkpoint": "/Users/arikko/Developer/vibecode/gpu-time-rewrite/training/runs/modifier-context/best.pt",
      "sha256": "7dbc03c567769b7caeff76e8023c61c1e1c9dd18c8f553f55858dd5a2f9d5ac6",
      "epoch": 1,
      "trainingTokens": 4210121
    },
    {
      "checkpoint": "/Users/arikko/Developer/vibecode/gpu-time-rewrite/training/runs/grammar-contrasts/best.pt",
      "sha256": "3ff0d3caa9c6d65fc5f3d3eed3b1ffb22fa7cdd1e2726326112369322c0afbdf",
      "epoch": 1,
      "trainingTokens": 4199340
    },
    {
      "checkpoint": "/Users/arikko/Developer/vibecode/gpu-time-rewrite/training/runs/grammar-context/best.pt",
      "sha256": "4663a3c890f380eee299611b0ea25158969051982bea9cd941d28b913bd2c8d0",
      "epoch": 2,
      "trainingTokens": 8305966
    },
    {
      "checkpoint": "/Users/arikko/Developer/vibecode/gpu-time-rewrite/training/runs/core-grammar/best.pt",
      "sha256": "32e745c07f07bd55fe36f562d73e7516ee69bce2b33a09935fc25fac4834e615",
      "epoch": 3,
      "trainingTokens": 12536650
    },
    {
      "checkpoint": "/Users/arikko/Developer/vibecode/gpu-time-rewrite/training/runs/grammar-coverage/best.pt",
      "sha256": "ae743a161809e9ceae976d118acf28d7bcc8972e37e4a19dcfb017c4a8614e75",
      "epoch": 3,
      "trainingTokens": 13221729
    },
    {
      "checkpoint": "/Users/arikko/Developer/vibecode/gpu-time-rewrite/training/runs/compact/last.pt",
      "sha256": "128022aa97bfda180c0d4fb77f450b8ae6f1881bbc835bfd14e54c27572ba75b",
      "epoch": 20,
      "trainingTokens": 88154751
    }
  ],
  "parameters": 24761,
  "quantizationBits": 6,
  "logicalPackedBytes": 18571,
  "encodedCharacters": 24761,
  "moduleBytes": 27056,
  "moduleGzipBytes": 17126,
  "moduleBrotliBytes": 15336,
  "labels": [
    "O",
    "NUM",
    "ORD",
    "UNIT",
    "DIR_BEFORE",
    "DIR_AFTER",
    "NOW",
    "REL_DAY",
    "DEICTIC",
    "WEEKDAY",
    "DAYGROUP",
    "MONTH",
    "DOM",
    "YEAR",
    "HOUR",
    "MINUTE",
    "SECOND",
    "MERIDIEM",
    "TIME_NAMED",
    "DAYPART",
    "RANGE_START",
    "RANGE_END",
    "RECUR",
    "FREQ",
    "TIMES",
    "BOUND_START",
    "BOUND_END",
    "COUNT",
    "DUR",
    "EXCEPT",
    "TZ",
    "HOLIDAY",
    "JOIN",
    "GLUE",
    "EDGE"
  ],
  "metrics": {
    "validation": {
      "tokens": 78758,
      "sequences": 10000,
      "tokenAccuracy": 0.9997841489118565,
      "exactLabelAndBoundarySequence": 0.9969,
      "boundaryPrecision": 1.0,
      "boundaryRecall": 0.985781990521327,
      "boundaryF1": 0.9928400954653938,
      "boundaryCounts": {
        "truePositive": 1040,
        "falsePositive": 0,
        "falseNegative": 15
      }
    },
    "heldout": {
      "tokens": 71821,
      "sequences": 10000,
      "tokenAccuracy": 0.9722922265075674,
      "exactLabelAndBoundarySequence": 0.8514,
      "boundaryPrecision": 0.9769230769230769,
      "boundaryRecall": 1.0,
      "boundaryF1": 0.9883268482490272,
      "boundaryCounts": {
        "truePositive": 1270,
        "falsePositive": 30,
        "falseNegative": 0
      }
    }
  },
  "scope": "Exact decoded int6 weights, sequential CPU PyTorch inference reference with the recorded intermediate precision. Training uses the mathematically equivalent parallel affine scan. Browser parity and end-to-end schedule accuracy are separate gates.",
  "parity": {
    "prefix": "training/parity",
    "sequences": 512,
    "tokens": 6048,
    "rowsPerToken": 17,
    "rolesPerToken": 40,
    "boundaryThreshold": 5.0
  },
  "exportSourceDirectory": "training/exports/644c4a0335d0697ff99920e4deabf7c3bcb331ce419c9161def9cd3952f88879/source",
  "exportSourceHashes": {
    "training/export.py": "c24a6453e3c1304bc3d5cf25258b4149ea8a6bab2d01d7611051377d35f47aa1",
    "training/calibrate.py": "a36888bf0f01f8b92b56d35c9d2417276a6bd896666402513ec60362e8d4ab74",
    "training/model.py": "2d293439c4b256bf424ed09cc0523121752c5a455cd0640f308ab3730bd7cc43",
    "training/train.py": "265a263b18bea692265bd42b8a3839b2e59d713ae134c18f7ac20d8951da6bc3",
    "training/uv.lock": "e38fc9c47a173255a61427fa2aade8440a7f642a0e55a85ef1bba2ece4d0034f"
  }
}
