{
  "checkpoint": "training/runs/grammar-context/best.pt",
  "checkpointSha256": "4663a3c890f380eee299611b0ea25158969051982bea9cd941d28b913bd2c8d0",
  "artifactSha256": "38a0eae2d07dc2c08720e2a7c5c39ccbda9a2eeff433c5fe8f3a996361404621",
  "boundaryThreshold": 5.0,
  "calibration": {
    "threshold": 5.0,
    "criterion": "Maximize the worst clause-boundary F1 across same-frame validation and reordered development data. Ties choose the lower threshold. These sets were already used for development and model selection; this is not test-set calibration.",
    "grid": [
      {
        "threshold": 0.0,
        "metrics": {
          "validation": {
            "f1": 0.9961904761904762,
            "truePositive": 1569,
            "falsePositive": 12,
            "falseNegative": 0
          },
          "heldoutDevelopment": {
            "f1": 0.7110862262038073,
            "truePositive": 1270,
            "falsePositive": 1032,
            "falseNegative": 0
          }
        }
      },
      {
        "threshold": 0.25,
        "metrics": {
          "validation": {
            "f1": 0.9968233799237611,
            "truePositive": 1569,
            "falsePositive": 10,
            "falseNegative": 0
          },
          "heldoutDevelopment": {
            "f1": 0.7130825379000562,
            "truePositive": 1270,
            "falsePositive": 1022,
            "falseNegative": 0
          }
        }
      },
      {
        "threshold": 0.5,
        "metrics": {
          "validation": {
            "f1": 0.9968213604577241,
            "truePositive": 1568,
            "falsePositive": 9,
            "falseNegative": 1
          },
          "heldoutDevelopment": {
            "f1": 0.7142857142857143,
            "truePositive": 1270,
            "falsePositive": 1016,
            "falseNegative": 0
          }
        }
      },
      {
        "threshold": 0.75,
        "metrics": {
          "validation": {
            "f1": 0.9968193384223919,
            "truePositive": 1567,
            "falsePositive": 8,
            "falseNegative": 2
          },
          "heldoutDevelopment": {
            "f1": 0.7163000564015792,
            "truePositive": 1270,
            "falsePositive": 1006,
            "falseNegative": 0
          }
        }
      },
      {
        "threshold": 1.0,
        "metrics": {
          "validation": {
            "f1": 0.9961807765754297,
            "truePositive": 1565,
            "falsePositive": 8,
            "falseNegative": 4
          },
          "heldoutDevelopment": {
            "f1": 0.7173114939282689,
            "truePositive": 1270,
            "falsePositive": 1001,
            "falseNegative": 0
          }
        }
      },
      {
        "threshold": 1.25,
        "metrics": {
          "validation": {
            "f1": 0.9961807765754297,
            "truePositive": 1565,
            "falsePositive": 8,
            "falseNegative": 4
          },
          "heldoutDevelopment": {
            "f1": 0.7189357486555336,
            "truePositive": 1270,
            "falsePositive": 993,
            "falseNegative": 0
          }
        }
      },
      {
        "threshold": 1.5,
        "metrics": {
          "validation": {
            "f1": 0.9958611907035976,
            "truePositive": 1564,
            "falsePositive": 8,
            "falseNegative": 5
          },
          "heldoutDevelopment": {
            "f1": 0.7195467422096318,
            "truePositive": 1270,
            "falsePositive": 990,
            "falseNegative": 0
          }
        }
      },
      {
        "threshold": 1.75,
        "metrics": {
          "validation": {
            "f1": 0.9958611907035976,
            "truePositive": 1564,
            "falsePositive": 8,
            "falseNegative": 5
          },
          "heldoutDevelopment": {
            "f1": 0.7211811470755253,
            "truePositive": 1270,
            "falsePositive": 982,
            "falseNegative": 0
          }
        }
      },
      {
        "threshold": 2.0,
        "metrics": {
          "validation": {
            "f1": 0.9958611907035976,
            "truePositive": 1564,
            "falsePositive": 8,
            "falseNegative": 5
          },
          "heldoutDevelopment": {
            "f1": 0.7230287503558213,
            "truePositive": 1270,
            "falsePositive": 973,
            "falseNegative": 0
          }
        }
      },
      {
        "threshold": 2.25,
        "metrics": {
          "validation": {
            "f1": 0.9964956992672825,
            "truePositive": 1564,
            "falsePositive": 6,
            "falseNegative": 5
          },
          "heldoutDevelopment": {
            "f1": 0.7271686229602061,
            "truePositive": 1270,
            "falsePositive": 953,
            "falseNegative": 0
          }
        }
      },
      {
        "threshold": 2.5,
        "metrics": {
          "validation": {
            "f1": 0.9964956992672825,
            "truePositive": 1564,
            "falsePositive": 6,
            "falseNegative": 5
          },
          "heldoutDevelopment": {
            "f1": 0.7334680912503609,
            "truePositive": 1270,
            "falsePositive": 923,
            "falseNegative": 0
          }
        }
      },
      {
        "threshold": 2.75,
        "metrics": {
          "validation": {
            "f1": 0.9964956992672825,
            "truePositive": 1564,
            "falsePositive": 6,
            "falseNegative": 5
          },
          "heldoutDevelopment": {
            "f1": 0.7424729611224788,
            "truePositive": 1270,
            "falsePositive": 881,
            "falseNegative": 0
          }
        }
      },
      {
        "threshold": 3.0,
        "metrics": {
          "validation": {
            "f1": 0.9961759082217974,
            "truePositive": 1563,
            "falsePositive": 6,
            "falseNegative": 6
          },
          "heldoutDevelopment": {
            "f1": 0.75125702454895,
            "truePositive": 1270,
            "falsePositive": 841,
            "falseNegative": 0
          }
        }
      },
      {
        "threshold": 3.25,
        "metrics": {
          "validation": {
            "f1": 0.9955357142857143,
            "truePositive": 1561,
            "falsePositive": 6,
            "falseNegative": 8
          },
          "heldoutDevelopment": {
            "f1": 0.7627627627627628,
            "truePositive": 1270,
            "falsePositive": 790,
            "falseNegative": 0
          }
        }
      },
      {
        "threshold": 3.5,
        "metrics": {
          "validation": {
            "f1": 0.9958532695374801,
            "truePositive": 1561,
            "falsePositive": 5,
            "falseNegative": 8
          },
          "heldoutDevelopment": {
            "f1": 0.7760464405743965,
            "truePositive": 1270,
            "falsePositive": 733,
            "falseNegative": 0
          }
        }
      },
      {
        "threshold": 3.75,
        "metrics": {
          "validation": {
            "f1": 0.9955328653477984,
            "truePositive": 1560,
            "falsePositive": 5,
            "falseNegative": 9
          },
          "heldoutDevelopment": {
            "f1": 0.7939981244138793,
            "truePositive": 1270,
            "falsePositive": 659,
            "falseNegative": 0
          }
        }
      },
      {
        "threshold": 4.0,
        "metrics": {
          "validation": {
            "f1": 0.9958479718939636,
            "truePositive": 1559,
            "falsePositive": 3,
            "falseNegative": 10
          },
          "heldoutDevelopment": {
            "f1": 0.8167202572347267,
            "truePositive": 1270,
            "falsePositive": 570,
            "falseNegative": 0
          }
        }
      },
      {
        "threshold": 4.25,
        "metrics": {
          "validation": {
            "f1": 0.99456,
            "truePositive": 1554,
            "falsePositive": 2,
            "falseNegative": 15
          },
          "heldoutDevelopment": {
            "f1": 0.8416169648774022,
            "truePositive": 1270,
            "falsePositive": 478,
            "falseNegative": 0
          }
        }
      },
      {
        "threshold": 4.5,
        "metrics": {
          "validation": {
            "f1": 0.9926258416159025,
            "truePositive": 1548,
            "falsePositive": 2,
            "falseNegative": 21
          },
          "heldoutDevelopment": {
            "f1": 0.8689702360588436,
            "truePositive": 1270,
            "falsePositive": 383,
            "falseNegative": 0
          }
        }
      },
      {
        "threshold": 4.75,
        "metrics": {
          "validation": {
            "f1": 0.9916559691912709,
            "truePositive": 1545,
            "falsePositive": 2,
            "falseNegative": 24
          },
          "heldoutDevelopment": {
            "f1": 0.8994334277620396,
            "truePositive": 1270,
            "falsePositive": 284,
            "falseNegative": 0
          }
        }
      },
      {
        "threshold": 5.0,
        "metrics": {
          "validation": {
            "f1": 0.989060489060489,
            "truePositive": 1537,
            "falsePositive": 2,
            "falseNegative": 32
          },
          "heldoutDevelopment": {
            "f1": 0.9216255442670537,
            "truePositive": 1270,
            "falsePositive": 216,
            "falseNegative": 0
          }
        }
      }
    ]
  },
  "epoch": 2,
  "tokensSeenAtCheckpoint": 122219096,
  "lineage": [
    {
      "checkpoint": "training/runs/grammar-context/best.pt",
      "sha256": "4663a3c890f380eee299611b0ea25158969051982bea9cd941d28b913bd2c8d0",
      "epoch": 2,
      "trainingTokens": 8305966
    },
    {
      "checkpoint": "/Users/arikko/Developer/vibecode/gpu-time-rewrite/training/runs/core-grammar/best.pt",
      "sha256": "32e745c07f07bd55fe36f562d73e7516ee69bce2b33a09935fc25fac4834e615",
      "epoch": 3,
      "trainingTokens": 12536650
    },
    {
      "checkpoint": "/Users/arikko/Developer/vibecode/gpu-time-rewrite/training/runs/grammar-coverage/best.pt",
      "sha256": "ae743a161809e9ceae976d118acf28d7bcc8972e37e4a19dcfb017c4a8614e75",
      "epoch": 3,
      "trainingTokens": 13221729
    },
    {
      "checkpoint": "/Users/arikko/Developer/vibecode/gpu-time-rewrite/training/runs/compact/last.pt",
      "sha256": "128022aa97bfda180c0d4fb77f450b8ae6f1881bbc835bfd14e54c27572ba75b",
      "epoch": 20,
      "trainingTokens": 88154751
    }
  ],
  "parameters": 24761,
  "quantizationBits": 6,
  "logicalPackedBytes": 18571,
  "encodedCharacters": 24761,
  "moduleBytes": 27051,
  "moduleGzipBytes": 17167,
  "moduleBrotliBytes": 15237,
  "labels": [
    "O",
    "NUM",
    "ORD",
    "UNIT",
    "DIR_BEFORE",
    "DIR_AFTER",
    "NOW",
    "REL_DAY",
    "DEICTIC",
    "WEEKDAY",
    "DAYGROUP",
    "MONTH",
    "DOM",
    "YEAR",
    "HOUR",
    "MINUTE",
    "SECOND",
    "MERIDIEM",
    "TIME_NAMED",
    "DAYPART",
    "RANGE_START",
    "RANGE_END",
    "RECUR",
    "FREQ",
    "TIMES",
    "BOUND_START",
    "BOUND_END",
    "COUNT",
    "DUR",
    "EXCEPT",
    "TZ",
    "HOLIDAY",
    "JOIN",
    "GLUE",
    "EDGE"
  ],
  "metrics": {
    "validation": {
      "tokens": 85513,
      "sequences": 10000,
      "tokenAccuracy": 0.9992398816554208,
      "exactLabelAndBoundarySequence": 0.9909,
      "boundaryPrecision": 0.9987004548408057,
      "boundaryRecall": 0.9796048438495857,
      "boundaryF1": 0.989060489060489,
      "boundaryCounts": {
        "truePositive": 1537,
        "falsePositive": 2,
        "falseNegative": 32
      }
    },
    "heldout": {
      "tokens": 71821,
      "sequences": 10000,
      "tokenAccuracy": 0.9695771431753943,
      "exactLabelAndBoundarySequence": 0.8232,
      "boundaryPrecision": 0.8546433378196501,
      "boundaryRecall": 1.0,
      "boundaryF1": 0.9216255442670537,
      "boundaryCounts": {
        "truePositive": 1270,
        "falsePositive": 216,
        "falseNegative": 0
      }
    }
  },
  "scope": "Exact decoded int6 weights, sequential CPU PyTorch inference reference with the recorded intermediate precision. Training uses the mathematically equivalent parallel affine scan. Browser parity and end-to-end schedule accuracy are separate gates.",
  "parity": {
    "prefix": "training/parity",
    "sequences": 512,
    "tokens": 6048,
    "rowsPerToken": 17,
    "rolesPerToken": 40,
    "boundaryThreshold": 5.0
  },
  "exportSourceDirectory": "training/exports/38a0eae2d07dc2c08720e2a7c5c39ccbda9a2eeff433c5fe8f3a996361404621/source",
  "exportSourceHashes": {
    "training/export.py": "c24a6453e3c1304bc3d5cf25258b4149ea8a6bab2d01d7611051377d35f47aa1",
    "training/calibrate.py": "a36888bf0f01f8b92b56d35c9d2417276a6bd896666402513ec60362e8d4ab74",
    "training/model.py": "2d293439c4b256bf424ed09cc0523121752c5a455cd0640f308ab3730bd7cc43",
    "training/train.py": "265a263b18bea692265bd42b8a3839b2e59d713ae134c18f7ac20d8951da6bc3",
    "training/uv.lock": "e38fc9c47a173255a61427fa2aade8440a7f642a0e55a85ef1bba2ece4d0034f"
  }
}
