{
  "checkpoint": "training/runs/edge-cases/best.pt",
  "checkpointSha256": "0b4fafea248d0f69bb65d99d86c950a6a78e2bb824e8a4f34db74987d2cb750c",
  "epoch": 1,
  "tokensSeenAtCheckpoint": 61797211,
  "lineage": [
    {
      "checkpoint": "training/runs/edge-cases/best.pt",
      "sha256": "0b4fafea248d0f69bb65d99d86c950a6a78e2bb824e8a4f34db74987d2cb750c",
      "epoch": 1,
      "trainingTokens": 2814647
    },
    {
      "checkpoint": "/Users/arikko/Developer/vibecode/gpu-time-rewrite/training/runs/compositional/best.pt",
      "sha256": "e5f309d2e04095ba6a61de73c6cb2103e18a9f441df9970223ee36db3d9f02f9",
      "epoch": 14,
      "trainingTokens": 58982564
    }
  ],
  "parameters": 32953,
  "quantizationBits": 6,
  "logicalPackedBytes": 24715,
  "encodedCharacters": 32953,
  "moduleBytes": 35215,
  "moduleGzipBytes": 21630,
  "moduleBrotliBytes": 19011,
  "labels": [
    "O",
    "NUM",
    "ORD",
    "UNIT",
    "DIR_BEFORE",
    "DIR_AFTER",
    "NOW",
    "REL_DAY",
    "DEICTIC",
    "WEEKDAY",
    "DAYGROUP",
    "MONTH",
    "DOM",
    "YEAR",
    "HOUR",
    "MINUTE",
    "SECOND",
    "MERIDIEM",
    "TIME_NAMED",
    "DAYPART",
    "RANGE_START",
    "RANGE_END",
    "RECUR",
    "FREQ",
    "TIMES",
    "BOUND_START",
    "BOUND_END",
    "COUNT",
    "DUR",
    "EXCEPT",
    "TZ",
    "HOLIDAY",
    "JOIN",
    "GLUE"
  ],
  "metrics": {
    "validation": {
      "tokens": 88489,
      "sequences": 10000,
      "tokenAccuracy": 0.9996270722914713,
      "exactLabelAndBoundarySequence": 0.9961,
      "boundaryPrecision": 0.9955882352941177,
      "boundaryRecall": 1.0,
      "boundaryF1": 0.997789240972734,
      "boundaryCounts": {
        "truePositive": 1354,
        "falsePositive": 6,
        "falseNegative": 0
      }
    },
    "heldout": {
      "tokens": 71821,
      "sequences": 10000,
      "tokenAccuracy": 0.9584661867698863,
      "exactLabelAndBoundarySequence": 0.8076,
      "boundaryPrecision": 0.8472314876584389,
      "boundaryRecall": 1.0,
      "boundaryF1": 0.9172986637775371,
      "boundaryCounts": {
        "truePositive": 1270,
        "falsePositive": 229,
        "falseNegative": 0
      }
    }
  },
  "scope": "Exact decoded int6 weights, sequential CPU PyTorch inference reference with the recorded intermediate precision. Training uses the mathematically equivalent parallel affine scan. Browser parity and end-to-end schedule accuracy are separate gates.",
  "parity": {
    "prefix": "training/parity",
    "sequences": 512,
    "tokens": 6048,
    "rowsPerToken": 17,
    "rolesPerToken": 40
  }
}
