{
  "checkpoint": "training/runs/timezone-grammar/best.pt",
  "checkpointSha256": "db532eb33cff44bbdde1c154b6c611ca70522abd04a160d415eb8dfe80d430c7",
  "artifactSha256": "33c1c35e1429afb72ae91580f95c60c9c867bc8519614359ef8e74d6ff9c7cbf",
  "boundaryThreshold": 5.0,
  "calibration": {
    "threshold": 5.0,
    "criterion": "Maximize the worst clause-boundary F1 across same-frame validation and reordered development data. Ties choose the lower threshold. These sets were already used for development and model selection; this is not test-set calibration.",
    "grid": [
      {
        "threshold": 0.0,
        "metrics": {
          "validation": {
            "f1": 0.9973808276584599,
            "truePositive": 952,
            "falsePositive": 5,
            "falseNegative": 0
          },
          "heldoutDevelopment": {
            "f1": 0.7032115171650055,
            "truePositive": 1270,
            "falsePositive": 1072,
            "falseNegative": 0
          }
        }
      },
      {
        "threshold": 0.25,
        "metrics": {
          "validation": {
            "f1": 0.9973808276584599,
            "truePositive": 952,
            "falsePositive": 5,
            "falseNegative": 0
          },
          "heldoutDevelopment": {
            "f1": 0.7089031537817472,
            "truePositive": 1270,
            "falsePositive": 1043,
            "falseNegative": 0
          }
        }
      },
      {
        "threshold": 0.5,
        "metrics": {
          "validation": {
            "f1": 0.9979035639412998,
            "truePositive": 952,
            "falsePositive": 4,
            "falseNegative": 0
          },
          "heldoutDevelopment": {
            "f1": 0.7118834080717489,
            "truePositive": 1270,
            "falsePositive": 1028,
            "falseNegative": 0
          }
        }
      },
      {
        "threshold": 0.75,
        "metrics": {
          "validation": {
            "f1": 0.9979035639412998,
            "truePositive": 952,
            "falsePositive": 4,
            "falseNegative": 0
          },
          "heldoutDevelopment": {
            "f1": 0.7148888263439347,
            "truePositive": 1270,
            "falsePositive": 1013,
            "falseNegative": 0
          }
        }
      },
      {
        "threshold": 1.0,
        "metrics": {
          "validation": {
            "f1": 0.9979035639412998,
            "truePositive": 952,
            "falsePositive": 4,
            "falseNegative": 0
          },
          "heldoutDevelopment": {
            "f1": 0.7187323146576118,
            "truePositive": 1270,
            "falsePositive": 994,
            "falseNegative": 0
          }
        }
      },
      {
        "threshold": 1.25,
        "metrics": {
          "validation": {
            "f1": 0.9979035639412998,
            "truePositive": 952,
            "falsePositive": 4,
            "falseNegative": 0
          },
          "heldoutDevelopment": {
            "f1": 0.7242657542058739,
            "truePositive": 1270,
            "falsePositive": 967,
            "falseNegative": 0
          }
        }
      },
      {
        "threshold": 1.5,
        "metrics": {
          "validation": {
            "f1": 0.9973780807551127,
            "truePositive": 951,
            "falsePositive": 4,
            "falseNegative": 1
          },
          "heldoutDevelopment": {
            "f1": 0.7309352517985611,
            "truePositive": 1270,
            "falsePositive": 935,
            "falseNegative": 0
          }
        }
      },
      {
        "threshold": 1.75,
        "metrics": {
          "validation": {
            "f1": 0.9973725696269049,
            "truePositive": 949,
            "falsePositive": 2,
            "falseNegative": 3
          },
          "heldoutDevelopment": {
            "f1": 0.7383720930232558,
            "truePositive": 1270,
            "falsePositive": 900,
            "falseNegative": 0
          }
        }
      },
      {
        "threshold": 2.0,
        "metrics": {
          "validation": {
            "f1": 0.9968454258675079,
            "truePositive": 948,
            "falsePositive": 2,
            "falseNegative": 4
          },
          "heldoutDevelopment": {
            "f1": 0.7490415806546742,
            "truePositive": 1270,
            "falsePositive": 851,
            "falseNegative": 0
          }
        }
      },
      {
        "threshold": 2.25,
        "metrics": {
          "validation": {
            "f1": 0.9978947368421053,
            "truePositive": 948,
            "falsePositive": 0,
            "falseNegative": 4
          },
          "heldoutDevelopment": {
            "f1": 0.7629918894562931,
            "truePositive": 1270,
            "falsePositive": 789,
            "falseNegative": 0
          }
        }
      },
      {
        "threshold": 2.5,
        "metrics": {
          "validation": {
            "f1": 0.9978947368421053,
            "truePositive": 948,
            "falsePositive": 0,
            "falseNegative": 4
          },
          "heldoutDevelopment": {
            "f1": 0.7789021772462434,
            "truePositive": 1270,
            "falsePositive": 721,
            "falseNegative": 0
          }
        }
      },
      {
        "threshold": 2.75,
        "metrics": {
          "validation": {
            "f1": 0.9973670352817272,
            "truePositive": 947,
            "falsePositive": 0,
            "falseNegative": 5
          },
          "heldoutDevelopment": {
            "f1": 0.7962382445141066,
            "truePositive": 1270,
            "falsePositive": 650,
            "falseNegative": 0
          }
        }
      },
      {
        "threshold": 3.0,
        "metrics": {
          "validation": {
            "f1": 0.996309963099631,
            "truePositive": 945,
            "falsePositive": 0,
            "falseNegative": 7
          },
          "heldoutDevelopment": {
            "f1": 0.8138417173982698,
            "truePositive": 1270,
            "falsePositive": 581,
            "falseNegative": 0
          }
        }
      },
      {
        "threshold": 3.25,
        "metrics": {
          "validation": {
            "f1": 0.9957805907172996,
            "truePositive": 944,
            "falsePositive": 0,
            "falseNegative": 8
          },
          "heldoutDevelopment": {
            "f1": 0.8352515619861888,
            "truePositive": 1270,
            "falsePositive": 501,
            "falseNegative": 0
          }
        }
      },
      {
        "threshold": 3.5,
        "metrics": {
          "validation": {
            "f1": 0.9952506596306069,
            "truePositive": 943,
            "falsePositive": 0,
            "falseNegative": 9
          },
          "heldoutDevelopment": {
            "f1": 0.8604336043360433,
            "truePositive": 1270,
            "falsePositive": 412,
            "falseNegative": 0
          }
        }
      },
      {
        "threshold": 3.75,
        "metrics": {
          "validation": {
            "f1": 0.99418911780243,
            "truePositive": 941,
            "falsePositive": 0,
            "falseNegative": 11
          },
          "heldoutDevelopment": {
            "f1": 0.8819444444444444,
            "truePositive": 1270,
            "falsePositive": 340,
            "falseNegative": 0
          }
        }
      },
      {
        "threshold": 4.0,
        "metrics": {
          "validation": {
            "f1": 0.9936575052854123,
            "truePositive": 940,
            "falsePositive": 0,
            "falseNegative": 12
          },
          "heldoutDevelopment": {
            "f1": 0.9010287335934729,
            "truePositive": 1270,
            "falsePositive": 279,
            "falseNegative": 0
          }
        }
      },
      {
        "threshold": 4.25,
        "metrics": {
          "validation": {
            "f1": 0.9925925925925926,
            "truePositive": 938,
            "falsePositive": 0,
            "falseNegative": 14
          },
          "heldoutDevelopment": {
            "f1": 0.918958031837916,
            "truePositive": 1270,
            "falsePositive": 224,
            "falseNegative": 0
          }
        }
      },
      {
        "threshold": 4.5,
        "metrics": {
          "validation": {
            "f1": 0.9920592906299629,
            "truePositive": 937,
            "falsePositive": 0,
            "falseNegative": 15
          },
          "heldoutDevelopment": {
            "f1": 0.9386548410938654,
            "truePositive": 1270,
            "falsePositive": 166,
            "falseNegative": 0
          }
        }
      },
      {
        "threshold": 4.75,
        "metrics": {
          "validation": {
            "f1": 0.9904559915164369,
            "truePositive": 934,
            "falsePositive": 0,
            "falseNegative": 18
          },
          "heldoutDevelopment": {
            "f1": 0.9541697971450037,
            "truePositive": 1270,
            "falsePositive": 122,
            "falseNegative": 0
          }
        }
      },
      {
        "threshold": 5.0,
        "metrics": {
          "validation": {
            "f1": 0.9888475836431226,
            "truePositive": 931,
            "falsePositive": 0,
            "falseNegative": 21
          },
          "heldoutDevelopment": {
            "f1": 0.9690721649484536,
            "truePositive": 1269,
            "falsePositive": 80,
            "falseNegative": 1
          }
        }
      }
    ]
  },
  "epoch": 1,
  "tokensSeenAtCheckpoint": 149985923,
  "lineage": [
    {
      "checkpoint": "training/runs/timezone-grammar/best.pt",
      "sha256": "db532eb33cff44bbdde1c154b6c611ca70522abd04a160d415eb8dfe80d430c7",
      "epoch": 1,
      "trainingTokens": 3820163
    },
    {
      "checkpoint": "/Users/arikko/Developer/vibecode/gpu-time-rewrite/training/runs/range-grammar/best.pt",
      "sha256": "e8bbd55dfdad73a9c676af05b777fa3b619dbc577c0d8710f9e780f8383c49df",
      "epoch": 2,
      "trainingTokens": 7776685
    },
    {
      "checkpoint": "/Users/arikko/Developer/vibecode/gpu-time-rewrite/training/runs/written-time/best.pt",
      "sha256": "a251091c0350f83059e06396731b8922b5cb39e4d072299e264c5b3e3f46383a",
      "epoch": 1,
      "trainingTokens": 3886977
    },
    {
      "checkpoint": "/Users/arikko/Developer/vibecode/gpu-time-rewrite/training/runs/complete-grammar/best.pt",
      "sha256": "d6b126345206512308c29c6bccbd5cfb87c90d6c0d933549236163c80deaab38",
      "epoch": 1,
      "trainingTokens": 3873541
    },
    {
      "checkpoint": "/Users/arikko/Developer/vibecode/gpu-time-rewrite/training/runs/modifier-context/best.pt",
      "sha256": "7dbc03c567769b7caeff76e8023c61c1e1c9dd18c8f553f55858dd5a2f9d5ac6",
      "epoch": 1,
      "trainingTokens": 4210121
    },
    {
      "checkpoint": "/Users/arikko/Developer/vibecode/gpu-time-rewrite/training/runs/grammar-contrasts/best.pt",
      "sha256": "3ff0d3caa9c6d65fc5f3d3eed3b1ffb22fa7cdd1e2726326112369322c0afbdf",
      "epoch": 1,
      "trainingTokens": 4199340
    },
    {
      "checkpoint": "/Users/arikko/Developer/vibecode/gpu-time-rewrite/training/runs/grammar-context/best.pt",
      "sha256": "4663a3c890f380eee299611b0ea25158969051982bea9cd941d28b913bd2c8d0",
      "epoch": 2,
      "trainingTokens": 8305966
    },
    {
      "checkpoint": "/Users/arikko/Developer/vibecode/gpu-time-rewrite/training/runs/core-grammar/best.pt",
      "sha256": "32e745c07f07bd55fe36f562d73e7516ee69bce2b33a09935fc25fac4834e615",
      "epoch": 3,
      "trainingTokens": 12536650
    },
    {
      "checkpoint": "/Users/arikko/Developer/vibecode/gpu-time-rewrite/training/runs/grammar-coverage/best.pt",
      "sha256": "ae743a161809e9ceae976d118acf28d7bcc8972e37e4a19dcfb017c4a8614e75",
      "epoch": 3,
      "trainingTokens": 13221729
    },
    {
      "checkpoint": "/Users/arikko/Developer/vibecode/gpu-time-rewrite/training/runs/compact/last.pt",
      "sha256": "128022aa97bfda180c0d4fb77f450b8ae6f1881bbc835bfd14e54c27572ba75b",
      "epoch": 20,
      "trainingTokens": 88154751
    }
  ],
  "parameters": 24761,
  "quantizationBits": 6,
  "logicalPackedBytes": 18571,
  "encodedCharacters": 24761,
  "moduleBytes": 27052,
  "moduleGzipBytes": 17138,
  "moduleBrotliBytes": 15314,
  "labels": [
    "O",
    "NUM",
    "ORD",
    "UNIT",
    "DIR_BEFORE",
    "DIR_AFTER",
    "NOW",
    "REL_DAY",
    "DEICTIC",
    "WEEKDAY",
    "DAYGROUP",
    "MONTH",
    "DOM",
    "YEAR",
    "HOUR",
    "MINUTE",
    "SECOND",
    "MERIDIEM",
    "TIME_NAMED",
    "DAYPART",
    "RANGE_START",
    "RANGE_END",
    "RECUR",
    "FREQ",
    "TIMES",
    "BOUND_START",
    "BOUND_END",
    "COUNT",
    "DUR",
    "EXCEPT",
    "TZ",
    "HOLIDAY",
    "JOIN",
    "GLUE",
    "EDGE"
  ],
  "metrics": {
    "validation": {
      "tokens": 76749,
      "sequences": 10000,
      "tokenAccuracy": 0.9997133513140236,
      "exactLabelAndBoundarySequence": 0.9959,
      "boundaryPrecision": 1.0,
      "boundaryRecall": 0.9779411764705882,
      "boundaryF1": 0.9888475836431226,
      "boundaryCounts": {
        "truePositive": 931,
        "falsePositive": 0,
        "falseNegative": 21
      }
    },
    "heldout": {
      "tokens": 71821,
      "sequences": 10000,
      "tokenAccuracy": 0.9660962671085058,
      "exactLabelAndBoundarySequence": 0.7904,
      "boundaryPrecision": 0.9406968124536694,
      "boundaryRecall": 0.9992125984251968,
      "boundaryF1": 0.9690721649484537,
      "boundaryCounts": {
        "truePositive": 1269,
        "falsePositive": 80,
        "falseNegative": 1
      }
    }
  },
  "scope": "Exact decoded int6 weights, sequential CPU PyTorch inference reference with the recorded intermediate precision. Training uses the mathematically equivalent parallel affine scan. Browser parity and end-to-end schedule accuracy are separate gates.",
  "parity": {
    "prefix": "training/parity",
    "sequences": 512,
    "tokens": 6048,
    "rowsPerToken": 17,
    "rolesPerToken": 40,
    "boundaryThreshold": 5.0
  },
  "exportSourceDirectory": "training/exports/33c1c35e1429afb72ae91580f95c60c9c867bc8519614359ef8e74d6ff9c7cbf/source",
  "exportSourceHashes": {
    "training/export.py": "c24a6453e3c1304bc3d5cf25258b4149ea8a6bab2d01d7611051377d35f47aa1",
    "training/calibrate.py": "a36888bf0f01f8b92b56d35c9d2417276a6bd896666402513ec60362e8d4ab74",
    "training/model.py": "2d293439c4b256bf424ed09cc0523121752c5a455cd0640f308ab3730bd7cc43",
    "training/train.py": "265a263b18bea692265bd42b8a3839b2e59d713ae134c18f7ac20d8951da6bc3",
    "training/uv.lock": "e38fc9c47a173255a61427fa2aade8440a7f642a0e55a85ef1bba2ece4d0034f"
  }
}
