{
  "checkpoint": "training/runs/prose-durations/last.pt",
  "checkpointSha256": "0c1198524b16faa4a52036d81f1789c8d4208cbedd9fab4311c929e39502d39d",
  "artifactSha256": "4040de260e8bf68e9f34fee986dc821f6e84c9a1699939892dcf506f3abccb12",
  "boundaryThreshold": 5.0,
  "calibration": {
    "threshold": 5.0,
    "criterion": "Maximize the worst clause-boundary F1 across same-frame validation and reordered development data. Ties choose the lower threshold. These sets were already used for development and model selection; this is not test-set calibration.",
    "grid": [
      {
        "threshold": 0.0,
        "metrics": {
          "validation": {
            "f1": 0.9969199178644764,
            "truePositive": 971,
            "falsePositive": 6,
            "falseNegative": 0
          },
          "heldoutDevelopment": {
            "f1": 0.6781609195402298,
            "truePositive": 1298,
            "falsePositive": 1232,
            "falseNegative": 0
          }
        }
      },
      {
        "threshold": 0.25,
        "metrics": {
          "validation": {
            "f1": 0.997431946584489,
            "truePositive": 971,
            "falsePositive": 5,
            "falseNegative": 0
          },
          "heldoutDevelopment": {
            "f1": 0.6840579710144927,
            "truePositive": 1298,
            "falsePositive": 1199,
            "falseNegative": 0
          }
        }
      },
      {
        "threshold": 0.5,
        "metrics": {
          "validation": {
            "f1": 0.997431946584489,
            "truePositive": 971,
            "falsePositive": 5,
            "falseNegative": 0
          },
          "heldoutDevelopment": {
            "f1": 0.6895086321381142,
            "truePositive": 1298,
            "falsePositive": 1169,
            "falseNegative": 0
          }
        }
      },
      {
        "threshold": 0.75,
        "metrics": {
          "validation": {
            "f1": 0.997431946584489,
            "truePositive": 971,
            "falsePositive": 5,
            "falseNegative": 0
          },
          "heldoutDevelopment": {
            "f1": 0.6941176470588235,
            "truePositive": 1298,
            "falsePositive": 1144,
            "falseNegative": 0
          }
        }
      },
      {
        "threshold": 1.0,
        "metrics": {
          "validation": {
            "f1": 0.997431946584489,
            "truePositive": 971,
            "falsePositive": 5,
            "falseNegative": 0
          },
          "heldoutDevelopment": {
            "f1": 0.6989768443726441,
            "truePositive": 1298,
            "falsePositive": 1118,
            "falseNegative": 0
          }
        }
      },
      {
        "threshold": 1.25,
        "metrics": {
          "validation": {
            "f1": 0.997431946584489,
            "truePositive": 971,
            "falsePositive": 5,
            "falseNegative": 0
          },
          "heldoutDevelopment": {
            "f1": 0.7033324302357085,
            "truePositive": 1298,
            "falsePositive": 1095,
            "falseNegative": 0
          }
        }
      },
      {
        "threshold": 1.5,
        "metrics": {
          "validation": {
            "f1": 0.997431946584489,
            "truePositive": 971,
            "falsePositive": 5,
            "falseNegative": 0
          },
          "heldoutDevelopment": {
            "f1": 0.7079356422143441,
            "truePositive": 1298,
            "falsePositive": 1071,
            "falseNegative": 0
          }
        }
      },
      {
        "threshold": 1.75,
        "metrics": {
          "validation": {
            "f1": 0.9979445015416238,
            "truePositive": 971,
            "falsePositive": 4,
            "falseNegative": 0
          },
          "heldoutDevelopment": {
            "f1": 0.7118179325472992,
            "truePositive": 1298,
            "falsePositive": 1051,
            "falseNegative": 0
          }
        }
      },
      {
        "threshold": 2.0,
        "metrics": {
          "validation": {
            "f1": 0.9984575835475579,
            "truePositive": 971,
            "falsePositive": 3,
            "falseNegative": 0
          },
          "heldoutDevelopment": {
            "f1": 0.7177218689521703,
            "truePositive": 1298,
            "falsePositive": 1021,
            "falseNegative": 0
          }
        }
      },
      {
        "threshold": 2.25,
        "metrics": {
          "validation": {
            "f1": 0.9984559958826557,
            "truePositive": 970,
            "falsePositive": 2,
            "falseNegative": 1
          },
          "heldoutDevelopment": {
            "f1": 0.7229184071289334,
            "truePositive": 1298,
            "falsePositive": 995,
            "falseNegative": 0
          }
        }
      },
      {
        "threshold": 2.5,
        "metrics": {
          "validation": {
            "f1": 0.9979402677651905,
            "truePositive": 969,
            "falsePositive": 2,
            "falseNegative": 2
          },
          "heldoutDevelopment": {
            "f1": 0.7300337457817773,
            "truePositive": 1298,
            "falsePositive": 960,
            "falseNegative": 0
          }
        }
      },
      {
        "threshold": 2.75,
        "metrics": {
          "validation": {
            "f1": 0.9984544049459042,
            "truePositive": 969,
            "falsePositive": 1,
            "falseNegative": 2
          },
          "heldoutDevelopment": {
            "f1": 0.7356191555681496,
            "truePositive": 1298,
            "falsePositive": 933,
            "falseNegative": 0
          }
        }
      },
      {
        "threshold": 3.0,
        "metrics": {
          "validation": {
            "f1": 0.9989690721649485,
            "truePositive": 969,
            "falsePositive": 0,
            "falseNegative": 2
          },
          "heldoutDevelopment": {
            "f1": 0.7432006870884627,
            "truePositive": 1298,
            "falsePositive": 897,
            "falseNegative": 0
          }
        }
      },
      {
        "threshold": 3.25,
        "metrics": {
          "validation": {
            "f1": 0.9989690721649485,
            "truePositive": 969,
            "falsePositive": 0,
            "falseNegative": 2
          },
          "heldoutDevelopment": {
            "f1": 0.7548706019191626,
            "truePositive": 1298,
            "falsePositive": 843,
            "falseNegative": 0
          }
        }
      },
      {
        "threshold": 3.5,
        "metrics": {
          "validation": {
            "f1": 0.9989690721649485,
            "truePositive": 969,
            "falsePositive": 0,
            "falseNegative": 2
          },
          "heldoutDevelopment": {
            "f1": 0.763304910320494,
            "truePositive": 1298,
            "falsePositive": 805,
            "falseNegative": 0
          }
        }
      },
      {
        "threshold": 3.75,
        "metrics": {
          "validation": {
            "f1": 0.998452810727179,
            "truePositive": 968,
            "falsePositive": 0,
            "falseNegative": 3
          },
          "heldoutDevelopment": {
            "f1": 0.7719298245614035,
            "truePositive": 1298,
            "falsePositive": 767,
            "falseNegative": 0
          }
        }
      },
      {
        "threshold": 4.0,
        "metrics": {
          "validation": {
            "f1": 0.9979360165118679,
            "truePositive": 967,
            "falsePositive": 0,
            "falseNegative": 4
          },
          "heldoutDevelopment": {
            "f1": 0.780282536819958,
            "truePositive": 1298,
            "falsePositive": 731,
            "falseNegative": 0
          }
        }
      },
      {
        "threshold": 4.25,
        "metrics": {
          "validation": {
            "f1": 0.9974186886938565,
            "truePositive": 966,
            "falsePositive": 0,
            "falseNegative": 5
          },
          "heldoutDevelopment": {
            "f1": 0.7972972972972973,
            "truePositive": 1298,
            "falsePositive": 660,
            "falseNegative": 0
          }
        }
      },
      {
        "threshold": 4.5,
        "metrics": {
          "validation": {
            "f1": 0.9974186886938565,
            "truePositive": 966,
            "falsePositive": 0,
            "falseNegative": 5
          },
          "heldoutDevelopment": {
            "f1": 0.8135380758382952,
            "truePositive": 1298,
            "falsePositive": 595,
            "falseNegative": 0
          }
        }
      },
      {
        "threshold": 4.75,
        "metrics": {
          "validation": {
            "f1": 0.9974186886938565,
            "truePositive": 966,
            "falsePositive": 0,
            "falseNegative": 5
          },
          "heldoutDevelopment": {
            "f1": 0.828334396936822,
            "truePositive": 1298,
            "falsePositive": 538,
            "falseNegative": 0
          }
        }
      },
      {
        "threshold": 5.0,
        "metrics": {
          "validation": {
            "f1": 0.9963824289405685,
            "truePositive": 964,
            "falsePositive": 0,
            "falseNegative": 7
          },
          "heldoutDevelopment": {
            "f1": 0.8431308866515103,
            "truePositive": 1298,
            "falsePositive": 483,
            "falseNegative": 0
          }
        }
      }
    ]
  },
  "epoch": 4,
  "tokensSeenAtCheckpoint": 197534142,
  "lineage": [
    {
      "checkpoint": "training/runs/prose-durations/last.pt",
      "sha256": "0c1198524b16faa4a52036d81f1789c8d4208cbedd9fab4311c929e39502d39d",
      "epoch": 4,
      "trainingTokens": 16120775
    },
    {
      "checkpoint": "/Users/arikko/Developer/vibecode/gpu-time-rewrite/training/runs/prose-context/last.pt",
      "sha256": "aa332cd5851986f48981d8dba7535b9648a69d817d9069c76ea7880a4f81dff9",
      "epoch": 3,
      "trainingTokens": 12075714
    },
    {
      "checkpoint": "/Users/arikko/Developer/vibecode/gpu-time-rewrite/training/runs/timezone-free/best.pt",
      "sha256": "4abbe1eeb3f9218dbee317ca6339eec177bdcaef76b866639c4b05233bb952d4",
      "epoch": 1,
      "trainingTokens": 3889018
    },
    {
      "checkpoint": "/Users/arikko/Developer/vibecode/gpu-time-rewrite/training/runs/caller-timezone/best.pt",
      "sha256": "e3a7716f53059dc8a7eae876d1e324c4f6c84b29ce95a54929251cab7b7ca9da",
      "epoch": 2,
      "trainingTokens": 7803214
    },
    {
      "checkpoint": "/Users/arikko/Developer/vibecode/gpu-time-rewrite/training/runs/natural-grammar/best.pt",
      "sha256": "3192efb3f907073baa31ffadce4d3753fd36ddcb483474594a91c60ae6df2888",
      "epoch": 2,
      "trainingTokens": 7659498
    },
    {
      "checkpoint": "/Users/arikko/Developer/vibecode/gpu-time-rewrite/training/runs/timezone-grammar/best.pt",
      "sha256": "db532eb33cff44bbdde1c154b6c611ca70522abd04a160d415eb8dfe80d430c7",
      "epoch": 1,
      "trainingTokens": 3820163
    },
    {
      "checkpoint": "/Users/arikko/Developer/vibecode/gpu-time-rewrite/training/runs/range-grammar/best.pt",
      "sha256": "e8bbd55dfdad73a9c676af05b777fa3b619dbc577c0d8710f9e780f8383c49df",
      "epoch": 2,
      "trainingTokens": 7776685
    },
    {
      "checkpoint": "/Users/arikko/Developer/vibecode/gpu-time-rewrite/training/runs/written-time/best.pt",
      "sha256": "a251091c0350f83059e06396731b8922b5cb39e4d072299e264c5b3e3f46383a",
      "epoch": 1,
      "trainingTokens": 3886977
    },
    {
      "checkpoint": "/Users/arikko/Developer/vibecode/gpu-time-rewrite/training/runs/complete-grammar/best.pt",
      "sha256": "d6b126345206512308c29c6bccbd5cfb87c90d6c0d933549236163c80deaab38",
      "epoch": 1,
      "trainingTokens": 3873541
    },
    {
      "checkpoint": "/Users/arikko/Developer/vibecode/gpu-time-rewrite/training/runs/modifier-context/best.pt",
      "sha256": "7dbc03c567769b7caeff76e8023c61c1e1c9dd18c8f553f55858dd5a2f9d5ac6",
      "epoch": 1,
      "trainingTokens": 4210121
    },
    {
      "checkpoint": "/Users/arikko/Developer/vibecode/gpu-time-rewrite/training/runs/grammar-contrasts/best.pt",
      "sha256": "3ff0d3caa9c6d65fc5f3d3eed3b1ffb22fa7cdd1e2726326112369322c0afbdf",
      "epoch": 1,
      "trainingTokens": 4199340
    },
    {
      "checkpoint": "/Users/arikko/Developer/vibecode/gpu-time-rewrite/training/runs/grammar-context/best.pt",
      "sha256": "4663a3c890f380eee299611b0ea25158969051982bea9cd941d28b913bd2c8d0",
      "epoch": 2,
      "trainingTokens": 8305966
    },
    {
      "checkpoint": "/Users/arikko/Developer/vibecode/gpu-time-rewrite/training/runs/core-grammar/best.pt",
      "sha256": "32e745c07f07bd55fe36f562d73e7516ee69bce2b33a09935fc25fac4834e615",
      "epoch": 3,
      "trainingTokens": 12536650
    },
    {
      "checkpoint": "/Users/arikko/Developer/vibecode/gpu-time-rewrite/training/runs/grammar-coverage/best.pt",
      "sha256": "ae743a161809e9ceae976d118acf28d7bcc8972e37e4a19dcfb017c4a8614e75",
      "epoch": 3,
      "trainingTokens": 13221729
    },
    {
      "checkpoint": "/Users/arikko/Developer/vibecode/gpu-time-rewrite/training/runs/compact/last.pt",
      "sha256": "128022aa97bfda180c0d4fb77f450b8ae6f1881bbc835bfd14e54c27572ba75b",
      "epoch": 20,
      "trainingTokens": 88154751
    }
  ],
  "parameters": 24761,
  "quantizationBits": 6,
  "logicalPackedBytes": 18571,
  "encodedCharacters": 24761,
  "moduleBytes": 27046,
  "moduleGzipBytes": 16932,
  "moduleBrotliBytes": 14988,
  "labels": [
    "O",
    "NUM",
    "ORD",
    "UNIT",
    "DIR_BEFORE",
    "DIR_AFTER",
    "NOW",
    "REL_DAY",
    "DEICTIC",
    "WEEKDAY",
    "DAYGROUP",
    "MONTH",
    "DOM",
    "YEAR",
    "HOUR",
    "MINUTE",
    "SECOND",
    "MERIDIEM",
    "TIME_NAMED",
    "DAYPART",
    "RANGE_START",
    "RANGE_END",
    "RECUR",
    "FREQ",
    "TIMES",
    "BOUND_START",
    "BOUND_END",
    "COUNT",
    "DUR",
    "EXCEPT",
    "HOLIDAY",
    "JOIN",
    "GLUE",
    "EDGE"
  ],
  "metrics": {
    "validation": {
      "tokens": 79927,
      "sequences": 10000,
      "tokenAccuracy": 0.9996872145833072,
      "exactLabelAndBoundarySequence": 0.9969,
      "boundaryPrecision": 1.0,
      "boundaryRecall": 0.9927909371781668,
      "boundaryF1": 0.9963824289405684,
      "boundaryCounts": {
        "truePositive": 964,
        "falsePositive": 0,
        "falseNegative": 7
      }
    },
    "heldout": {
      "tokens": 71630,
      "sequences": 10000,
      "tokenAccuracy": 0.9711294150495602,
      "exactLabelAndBoundarySequence": 0.811,
      "boundaryPrecision": 0.7288040426726559,
      "boundaryRecall": 1.0,
      "boundaryF1": 0.8431308866515103,
      "boundaryCounts": {
        "truePositive": 1298,
        "falsePositive": 483,
        "falseNegative": 0
      }
    }
  },
  "scope": "Exact decoded int6 weights, sequential CPU PyTorch inference reference with the recorded intermediate precision. Training uses the mathematically equivalent parallel affine scan. Browser parity and end-to-end schedule accuracy are separate gates.",
  "parity": {
    "prefix": "training/parity",
    "sequences": 512,
    "tokens": 6002,
    "rowsPerToken": 17,
    "rolesPerToken": 40,
    "boundaryThreshold": 5.0
  },
  "exportSourceDirectory": "training/exports/4040de260e8bf68e9f34fee986dc821f6e84c9a1699939892dcf506f3abccb12/source",
  "exportSourceHashes": {
    "training/export.py": "c24a6453e3c1304bc3d5cf25258b4149ea8a6bab2d01d7611051377d35f47aa1",
    "training/calibrate.py": "a36888bf0f01f8b92b56d35c9d2417276a6bd896666402513ec60362e8d4ab74",
    "training/model.py": "2d293439c4b256bf424ed09cc0523121752c5a455cd0640f308ab3730bd7cc43",
    "training/train.py": "8a197e6ff4d5af0ba3fe1a7a7cf65b8ed697a3cd213489d66648aeb8b44241f3",
    "training/uv.lock": "e38fc9c47a173255a61427fa2aade8440a7f642a0e55a85ef1bba2ece4d0034f"
  }
}
