{
  "checkpoint": "training/runs/prose-durations/best.pt",
  "checkpointSha256": "9f827707dd782e5a0c909d13512cec432721139e10c69c56322985e38eae26ad",
  "artifactSha256": "d1e1c81eed53fb5da30bfcd5595d5c4cc83dd7d5fc7c3411276d62a2e653a6cc",
  "boundaryThreshold": 5.0,
  "calibration": {
    "threshold": 5.0,
    "criterion": "Maximize the worst clause-boundary F1 across same-frame validation and reordered development data. Ties choose the lower threshold. These sets were already used for development and model selection; this is not test-set calibration.",
    "grid": [
      {
        "threshold": 0.0,
        "metrics": {
          "validation": {
            "f1": 0.9974266598044261,
            "truePositive": 969,
            "falsePositive": 3,
            "falseNegative": 2
          },
          "heldoutDevelopment": {
            "f1": 0.7010532001080205,
            "truePositive": 1298,
            "falsePositive": 1107,
            "falseNegative": 0
          }
        }
      },
      {
        "threshold": 0.25,
        "metrics": {
          "validation": {
            "f1": 0.9979402677651905,
            "truePositive": 969,
            "falsePositive": 2,
            "falseNegative": 2
          },
          "heldoutDevelopment": {
            "f1": 0.7033324302357085,
            "truePositive": 1298,
            "falsePositive": 1095,
            "falseNegative": 0
          }
        }
      },
      {
        "threshold": 0.5,
        "metrics": {
          "validation": {
            "f1": 0.9974240082431737,
            "truePositive": 968,
            "falsePositive": 2,
            "falseNegative": 3
          },
          "heldoutDevelopment": {
            "f1": 0.7044776119402985,
            "truePositive": 1298,
            "falsePositive": 1089,
            "falseNegative": 0
          }
        }
      },
      {
        "threshold": 0.75,
        "metrics": {
          "validation": {
            "f1": 0.9969072164948454,
            "truePositive": 967,
            "falsePositive": 2,
            "falseNegative": 4
          },
          "heldoutDevelopment": {
            "f1": 0.7067791995643888,
            "truePositive": 1298,
            "falsePositive": 1077,
            "falseNegative": 0
          }
        }
      },
      {
        "threshold": 1.0,
        "metrics": {
          "validation": {
            "f1": 0.9969072164948454,
            "truePositive": 967,
            "falsePositive": 2,
            "falseNegative": 4
          },
          "heldoutDevelopment": {
            "f1": 0.7089022392135446,
            "truePositive": 1298,
            "falsePositive": 1066,
            "falseNegative": 0
          }
        }
      },
      {
        "threshold": 1.25,
        "metrics": {
          "validation": {
            "f1": 0.9969072164948454,
            "truePositive": 967,
            "falsePositive": 2,
            "falseNegative": 4
          },
          "heldoutDevelopment": {
            "f1": 0.7100656455142232,
            "truePositive": 1298,
            "falsePositive": 1060,
            "falseNegative": 0
          }
        }
      },
      {
        "threshold": 1.5,
        "metrics": {
          "validation": {
            "f1": 0.9969072164948454,
            "truePositive": 967,
            "falsePositive": 2,
            "falseNegative": 4
          },
          "heldoutDevelopment": {
            "f1": 0.712403951701427,
            "truePositive": 1298,
            "falsePositive": 1048,
            "falseNegative": 0
          }
        }
      },
      {
        "threshold": 1.75,
        "metrics": {
          "validation": {
            "f1": 0.997421351211965,
            "truePositive": 967,
            "falsePositive": 1,
            "falseNegative": 4
          },
          "heldoutDevelopment": {
            "f1": 0.7135788894997251,
            "truePositive": 1298,
            "falsePositive": 1042,
            "falseNegative": 0
          }
        }
      },
      {
        "threshold": 2.0,
        "metrics": {
          "validation": {
            "f1": 0.997421351211965,
            "truePositive": 967,
            "falsePositive": 1,
            "falseNegative": 4
          },
          "heldoutDevelopment": {
            "f1": 0.7173252279635258,
            "truePositive": 1298,
            "falsePositive": 1023,
            "falseNegative": 0
          }
        }
      },
      {
        "threshold": 2.25,
        "metrics": {
          "validation": {
            "f1": 0.9969040247678018,
            "truePositive": 966,
            "falsePositive": 1,
            "falseNegative": 5
          },
          "heldoutDevelopment": {
            "f1": 0.7213114754098361,
            "truePositive": 1298,
            "falsePositive": 1003,
            "falseNegative": 0
          }
        }
      },
      {
        "threshold": 2.5,
        "metrics": {
          "validation": {
            "f1": 0.9969040247678018,
            "truePositive": 966,
            "falsePositive": 1,
            "falseNegative": 5
          },
          "heldoutDevelopment": {
            "f1": 0.7237245609144132,
            "truePositive": 1298,
            "falsePositive": 991,
            "falseNegative": 0
          }
        }
      },
      {
        "threshold": 2.75,
        "metrics": {
          "validation": {
            "f1": 0.9969040247678018,
            "truePositive": 966,
            "falsePositive": 1,
            "falseNegative": 5
          },
          "heldoutDevelopment": {
            "f1": 0.7255449972051425,
            "truePositive": 1298,
            "falsePositive": 982,
            "falseNegative": 0
          }
        }
      },
      {
        "threshold": 3.0,
        "metrics": {
          "validation": {
            "f1": 0.996386164171399,
            "truePositive": 965,
            "falsePositive": 1,
            "falseNegative": 6
          },
          "heldoutDevelopment": {
            "f1": 0.7294183759483001,
            "truePositive": 1298,
            "falsePositive": 963,
            "falseNegative": 0
          }
        }
      },
      {
        "threshold": 3.25,
        "metrics": {
          "validation": {
            "f1": 0.9958677685950413,
            "truePositive": 964,
            "falsePositive": 1,
            "falseNegative": 7
          },
          "heldoutDevelopment": {
            "f1": 0.7325056433408578,
            "truePositive": 1298,
            "falsePositive": 948,
            "falseNegative": 0
          }
        }
      },
      {
        "threshold": 3.5,
        "metrics": {
          "validation": {
            "f1": 0.9948293691830403,
            "truePositive": 962,
            "falsePositive": 1,
            "falseNegative": 9
          },
          "heldoutDevelopment": {
            "f1": 0.7354107648725212,
            "truePositive": 1298,
            "falsePositive": 934,
            "falseNegative": 0
          }
        }
      },
      {
        "threshold": 3.75,
        "metrics": {
          "validation": {
            "f1": 0.9948293691830403,
            "truePositive": 962,
            "falsePositive": 1,
            "falseNegative": 9
          },
          "heldoutDevelopment": {
            "f1": 0.7391799544419134,
            "truePositive": 1298,
            "falsePositive": 916,
            "falseNegative": 0
          }
        }
      },
      {
        "threshold": 4.0,
        "metrics": {
          "validation": {
            "f1": 0.9948293691830403,
            "truePositive": 962,
            "falsePositive": 1,
            "falseNegative": 9
          },
          "heldoutDevelopment": {
            "f1": 0.746191434320207,
            "truePositive": 1298,
            "falsePositive": 883,
            "falseNegative": 0
          }
        }
      },
      {
        "threshold": 4.25,
        "metrics": {
          "validation": {
            "f1": 0.9943093636833937,
            "truePositive": 961,
            "falsePositive": 1,
            "falseNegative": 10
          },
          "heldoutDevelopment": {
            "f1": 0.7572928821470245,
            "truePositive": 1298,
            "falsePositive": 832,
            "falseNegative": 0
          }
        }
      },
      {
        "threshold": 4.5,
        "metrics": {
          "validation": {
            "f1": 0.994824016563147,
            "truePositive": 961,
            "falsePositive": 0,
            "falseNegative": 10
          },
          "heldoutDevelopment": {
            "f1": 0.7671394799054374,
            "truePositive": 1298,
            "falsePositive": 788,
            "falseNegative": 0
          }
        }
      },
      {
        "threshold": 4.75,
        "metrics": {
          "validation": {
            "f1": 0.9943034697048162,
            "truePositive": 960,
            "falsePositive": 0,
            "falseNegative": 11
          },
          "heldoutDevelopment": {
            "f1": 0.7772455089820359,
            "truePositive": 1298,
            "falsePositive": 744,
            "falseNegative": 0
          }
        }
      },
      {
        "threshold": 5.0,
        "metrics": {
          "validation": {
            "f1": 0.993260756868844,
            "truePositive": 958,
            "falsePositive": 0,
            "falseNegative": 13
          },
          "heldoutDevelopment": {
            "f1": 0.7890577507598784,
            "truePositive": 1298,
            "falsePositive": 694,
            "falseNegative": 0
          }
        }
      }
    ]
  },
  "epoch": 2,
  "tokensSeenAtCheckpoint": 189468617,
  "lineage": [
    {
      "checkpoint": "training/runs/prose-durations/best.pt",
      "sha256": "9f827707dd782e5a0c909d13512cec432721139e10c69c56322985e38eae26ad",
      "epoch": 2,
      "trainingTokens": 8055250
    },
    {
      "checkpoint": "/Users/arikko/Developer/vibecode/gpu-time-rewrite/training/runs/prose-context/last.pt",
      "sha256": "aa332cd5851986f48981d8dba7535b9648a69d817d9069c76ea7880a4f81dff9",
      "epoch": 3,
      "trainingTokens": 12075714
    },
    {
      "checkpoint": "/Users/arikko/Developer/vibecode/gpu-time-rewrite/training/runs/timezone-free/best.pt",
      "sha256": "4abbe1eeb3f9218dbee317ca6339eec177bdcaef76b866639c4b05233bb952d4",
      "epoch": 1,
      "trainingTokens": 3889018
    },
    {
      "checkpoint": "/Users/arikko/Developer/vibecode/gpu-time-rewrite/training/runs/caller-timezone/best.pt",
      "sha256": "e3a7716f53059dc8a7eae876d1e324c4f6c84b29ce95a54929251cab7b7ca9da",
      "epoch": 2,
      "trainingTokens": 7803214
    },
    {
      "checkpoint": "/Users/arikko/Developer/vibecode/gpu-time-rewrite/training/runs/natural-grammar/best.pt",
      "sha256": "3192efb3f907073baa31ffadce4d3753fd36ddcb483474594a91c60ae6df2888",
      "epoch": 2,
      "trainingTokens": 7659498
    },
    {
      "checkpoint": "/Users/arikko/Developer/vibecode/gpu-time-rewrite/training/runs/timezone-grammar/best.pt",
      "sha256": "db532eb33cff44bbdde1c154b6c611ca70522abd04a160d415eb8dfe80d430c7",
      "epoch": 1,
      "trainingTokens": 3820163
    },
    {
      "checkpoint": "/Users/arikko/Developer/vibecode/gpu-time-rewrite/training/runs/range-grammar/best.pt",
      "sha256": "e8bbd55dfdad73a9c676af05b777fa3b619dbc577c0d8710f9e780f8383c49df",
      "epoch": 2,
      "trainingTokens": 7776685
    },
    {
      "checkpoint": "/Users/arikko/Developer/vibecode/gpu-time-rewrite/training/runs/written-time/best.pt",
      "sha256": "a251091c0350f83059e06396731b8922b5cb39e4d072299e264c5b3e3f46383a",
      "epoch": 1,
      "trainingTokens": 3886977
    },
    {
      "checkpoint": "/Users/arikko/Developer/vibecode/gpu-time-rewrite/training/runs/complete-grammar/best.pt",
      "sha256": "d6b126345206512308c29c6bccbd5cfb87c90d6c0d933549236163c80deaab38",
      "epoch": 1,
      "trainingTokens": 3873541
    },
    {
      "checkpoint": "/Users/arikko/Developer/vibecode/gpu-time-rewrite/training/runs/modifier-context/best.pt",
      "sha256": "7dbc03c567769b7caeff76e8023c61c1e1c9dd18c8f553f55858dd5a2f9d5ac6",
      "epoch": 1,
      "trainingTokens": 4210121
    },
    {
      "checkpoint": "/Users/arikko/Developer/vibecode/gpu-time-rewrite/training/runs/grammar-contrasts/best.pt",
      "sha256": "3ff0d3caa9c6d65fc5f3d3eed3b1ffb22fa7cdd1e2726326112369322c0afbdf",
      "epoch": 1,
      "trainingTokens": 4199340
    },
    {
      "checkpoint": "/Users/arikko/Developer/vibecode/gpu-time-rewrite/training/runs/grammar-context/best.pt",
      "sha256": "4663a3c890f380eee299611b0ea25158969051982bea9cd941d28b913bd2c8d0",
      "epoch": 2,
      "trainingTokens": 8305966
    },
    {
      "checkpoint": "/Users/arikko/Developer/vibecode/gpu-time-rewrite/training/runs/core-grammar/best.pt",
      "sha256": "32e745c07f07bd55fe36f562d73e7516ee69bce2b33a09935fc25fac4834e615",
      "epoch": 3,
      "trainingTokens": 12536650
    },
    {
      "checkpoint": "/Users/arikko/Developer/vibecode/gpu-time-rewrite/training/runs/grammar-coverage/best.pt",
      "sha256": "ae743a161809e9ceae976d118acf28d7bcc8972e37e4a19dcfb017c4a8614e75",
      "epoch": 3,
      "trainingTokens": 13221729
    },
    {
      "checkpoint": "/Users/arikko/Developer/vibecode/gpu-time-rewrite/training/runs/compact/last.pt",
      "sha256": "128022aa97bfda180c0d4fb77f450b8ae6f1881bbc835bfd14e54c27572ba75b",
      "epoch": 20,
      "trainingTokens": 88154751
    }
  ],
  "parameters": 24761,
  "quantizationBits": 6,
  "logicalPackedBytes": 18571,
  "encodedCharacters": 24761,
  "moduleBytes": 27046,
  "moduleGzipBytes": 16952,
  "moduleBrotliBytes": 14998,
  "labels": [
    "O",
    "NUM",
    "ORD",
    "UNIT",
    "DIR_BEFORE",
    "DIR_AFTER",
    "NOW",
    "REL_DAY",
    "DEICTIC",
    "WEEKDAY",
    "DAYGROUP",
    "MONTH",
    "DOM",
    "YEAR",
    "HOUR",
    "MINUTE",
    "SECOND",
    "MERIDIEM",
    "TIME_NAMED",
    "DAYPART",
    "RANGE_START",
    "RANGE_END",
    "RECUR",
    "FREQ",
    "TIMES",
    "BOUND_START",
    "BOUND_END",
    "COUNT",
    "DUR",
    "EXCEPT",
    "HOLIDAY",
    "JOIN",
    "GLUE",
    "EDGE"
  ],
  "metrics": {
    "validation": {
      "tokens": 79927,
      "sequences": 10000,
      "tokenAccuracy": 0.9996246574999688,
      "exactLabelAndBoundarySequence": 0.9957,
      "boundaryPrecision": 1.0,
      "boundaryRecall": 0.9866117404737385,
      "boundaryF1": 0.993260756868844,
      "boundaryCounts": {
        "truePositive": 958,
        "falsePositive": 0,
        "falseNegative": 13
      }
    },
    "heldout": {
      "tokens": 71630,
      "sequences": 10000,
      "tokenAccuracy": 0.9704034622364931,
      "exactLabelAndBoundarySequence": 0.7937,
      "boundaryPrecision": 0.6516064257028112,
      "boundaryRecall": 1.0,
      "boundaryF1": 0.7890577507598784,
      "boundaryCounts": {
        "truePositive": 1298,
        "falsePositive": 694,
        "falseNegative": 0
      }
    }
  },
  "scope": "Exact decoded int6 weights, sequential CPU PyTorch inference reference with the recorded intermediate precision. Training uses the mathematically equivalent parallel affine scan. Browser parity and end-to-end schedule accuracy are separate gates.",
  "parity": {
    "prefix": "training/parity",
    "sequences": 512,
    "tokens": 6002,
    "rowsPerToken": 17,
    "rolesPerToken": 40,
    "boundaryThreshold": 5.0
  },
  "exportSourceDirectory": "training/exports/d1e1c81eed53fb5da30bfcd5595d5c4cc83dd7d5fc7c3411276d62a2e653a6cc/source",
  "exportSourceHashes": {
    "training/export.py": "c24a6453e3c1304bc3d5cf25258b4149ea8a6bab2d01d7611051377d35f47aa1",
    "training/calibrate.py": "a36888bf0f01f8b92b56d35c9d2417276a6bd896666402513ec60362e8d4ab74",
    "training/model.py": "2d293439c4b256bf424ed09cc0523121752c5a455cd0640f308ab3730bd7cc43",
    "training/train.py": "8a197e6ff4d5af0ba3fe1a7a7cf65b8ed697a3cd213489d66648aeb8b44241f3",
    "training/uv.lock": "e38fc9c47a173255a61427fa2aade8440a7f642a0e55a85ef1bba2ece4d0034f"
  }
}
