{
  "checkpoint": "training/runs/compact/best.pt",
  "checkpointSha256": "10ec2f90d57004635102edefd43659c3013d81f122770c1501fa66cba6d2b91b",
  "artifactSha256": "31f6e3b30058567e0884eb25d6d90b53a66c17ae29e3cf7d9d5611d6044a1467",
  "boundaryThreshold": 0.5,
  "calibration": {
    "threshold": 0.5,
    "criterion": "Maximize the worst clause-boundary F1 across same-frame validation and reordered development data. Ties choose the lower threshold. These sets were already used for development and model selection; this is not test-set calibration.",
    "grid": [
      {
        "threshold": 0.0,
        "metrics": {
          "validation": {
            "f1": 0.9531106343855348,
            "truePositive": 1555,
            "falsePositive": 123,
            "falseNegative": 30
          },
          "heldoutDevelopment": {
            "f1": 0.9428359317000743,
            "truePositive": 1270,
            "falsePositive": 154,
            "falseNegative": 0
          }
        }
      },
      {
        "threshold": 0.25,
        "metrics": {
          "validation": {
            "f1": 0.9586828207517862,
            "truePositive": 1543,
            "falsePositive": 91,
            "falseNegative": 42
          },
          "heldoutDevelopment": {
            "f1": 0.9606656580937972,
            "truePositive": 1270,
            "falsePositive": 104,
            "falseNegative": 0
          }
        }
      },
      {
        "threshold": 0.5,
        "metrics": {
          "validation": {
            "f1": 0.9614299153339605,
            "truePositive": 1533,
            "falsePositive": 71,
            "falseNegative": 52
          },
          "heldoutDevelopment": {
            "f1": 0.9784283513097073,
            "truePositive": 1270,
            "falsePositive": 56,
            "falseNegative": 0
          }
        }
      },
      {
        "threshold": 0.75,
        "metrics": {
          "validation": {
            "f1": 0.9614168247944339,
            "truePositive": 1520,
            "falsePositive": 57,
            "falseNegative": 65
          },
          "heldoutDevelopment": {
            "f1": 0.9875583203732504,
            "truePositive": 1270,
            "falsePositive": 32,
            "falseNegative": 0
          }
        }
      },
      {
        "threshold": 1.0,
        "metrics": {
          "validation": {
            "f1": 0.9598214285714286,
            "truePositive": 1505,
            "falsePositive": 46,
            "falseNegative": 80
          },
          "heldoutDevelopment": {
            "f1": 0.9949079514296906,
            "truePositive": 1270,
            "falsePositive": 13,
            "falseNegative": 0
          }
        }
      },
      {
        "threshold": 1.25,
        "metrics": {
          "validation": {
            "f1": 0.955849178214631,
            "truePositive": 1483,
            "falsePositive": 35,
            "falseNegative": 102
          },
          "heldoutDevelopment": {
            "f1": 0.997643362136685,
            "truePositive": 1270,
            "falsePositive": 6,
            "falseNegative": 0
          }
        }
      },
      {
        "threshold": 1.5,
        "metrics": {
          "validation": {
            "f1": 0.9471624266144814,
            "truePositive": 1452,
            "falsePositive": 29,
            "falseNegative": 133
          },
          "heldoutDevelopment": {
            "f1": 0.9984276729559748,
            "truePositive": 1270,
            "falsePositive": 4,
            "falseNegative": 0
          }
        }
      },
      {
        "threshold": 1.75,
        "metrics": {
          "validation": {
            "f1": 0.939894319682959,
            "truePositive": 1423,
            "falsePositive": 20,
            "falseNegative": 162
          },
          "heldoutDevelopment": {
            "f1": 0.9988202909948879,
            "truePositive": 1270,
            "falsePositive": 3,
            "falseNegative": 0
          }
        }
      },
      {
        "threshold": 2.0,
        "metrics": {
          "validation": {
            "f1": 0.9271567640147701,
            "truePositive": 1381,
            "falsePositive": 13,
            "falseNegative": 204
          },
          "heldoutDevelopment": {
            "f1": 0.9988202909948879,
            "truePositive": 1270,
            "falsePositive": 3,
            "falseNegative": 0
          }
        }
      },
      {
        "threshold": 2.25,
        "metrics": {
          "validation": {
            "f1": 0.9110198494182067,
            "truePositive": 1331,
            "falsePositive": 6,
            "falseNegative": 254
          },
          "heldoutDevelopment": {
            "f1": 0.999213217938631,
            "truePositive": 1270,
            "falsePositive": 2,
            "falseNegative": 0
          }
        }
      },
      {
        "threshold": 2.5,
        "metrics": {
          "validation": {
            "f1": 0.8885005242922055,
            "truePositive": 1271,
            "falsePositive": 5,
            "falseNegative": 314
          },
          "heldoutDevelopment": {
            "f1": 0.999213217938631,
            "truePositive": 1270,
            "falsePositive": 2,
            "falseNegative": 0
          }
        }
      },
      {
        "threshold": 2.75,
        "metrics": {
          "validation": {
            "f1": 0.8663101604278075,
            "truePositive": 1215,
            "falsePositive": 5,
            "falseNegative": 370
          },
          "heldoutDevelopment": {
            "f1": 0.999213217938631,
            "truePositive": 1270,
            "falsePositive": 2,
            "falseNegative": 0
          }
        }
      },
      {
        "threshold": 3.0,
        "metrics": {
          "validation": {
            "f1": 0.8386388583973655,
            "truePositive": 1146,
            "falsePositive": 2,
            "falseNegative": 439
          },
          "heldoutDevelopment": {
            "f1": 0.9996064541519087,
            "truePositive": 1270,
            "falsePositive": 1,
            "falseNegative": 0
          }
        }
      },
      {
        "threshold": 3.25,
        "metrics": {
          "validation": {
            "f1": 0.8054196462175386,
            "truePositive": 1070,
            "falsePositive": 2,
            "falseNegative": 515
          },
          "heldoutDevelopment": {
            "f1": 0.9996061441512406,
            "truePositive": 1269,
            "falsePositive": 0,
            "falseNegative": 1
          }
        }
      },
      {
        "threshold": 3.5,
        "metrics": {
          "validation": {
            "f1": 0.7659409020217729,
            "truePositive": 985,
            "falsePositive": 2,
            "falseNegative": 600
          },
          "heldoutDevelopment": {
            "f1": 0.9988175009854159,
            "truePositive": 1267,
            "falsePositive": 0,
            "falseNegative": 3
          }
        }
      },
      {
        "threshold": 3.75,
        "metrics": {
          "validation": {
            "f1": 0.72508038585209,
            "truePositive": 902,
            "falsePositive": 1,
            "falseNegative": 683
          },
          "heldoutDevelopment": {
            "f1": 0.993660855784469,
            "truePositive": 1254,
            "falsePositive": 0,
            "falseNegative": 16
          }
        }
      },
      {
        "threshold": 4.0,
        "metrics": {
          "validation": {
            "f1": 0.6799833541406575,
            "truePositive": 817,
            "falsePositive": 1,
            "falseNegative": 768
          },
          "heldoutDevelopment": {
            "f1": 0.9848121502797762,
            "truePositive": 1232,
            "falsePositive": 0,
            "falseNegative": 38
          }
        }
      },
      {
        "threshold": 4.25,
        "metrics": {
          "validation": {
            "f1": 0.6268398268398269,
            "truePositive": 724,
            "falsePositive": 1,
            "falseNegative": 861
          },
          "heldoutDevelopment": {
            "f1": 0.9624183006535948,
            "truePositive": 1178,
            "falsePositive": 0,
            "falseNegative": 92
          }
        }
      },
      {
        "threshold": 4.5,
        "metrics": {
          "validation": {
            "f1": 0.5765603951504266,
            "truePositive": 642,
            "falsePositive": 0,
            "falseNegative": 943
          },
          "heldoutDevelopment": {
            "f1": 0.9122055674518201,
            "truePositive": 1065,
            "falsePositive": 0,
            "falseNegative": 205
          }
        }
      },
      {
        "threshold": 4.75,
        "metrics": {
          "validation": {
            "f1": 0.5214552238805971,
            "truePositive": 559,
            "falsePositive": 0,
            "falseNegative": 1026
          },
          "heldoutDevelopment": {
            "f1": 0.8278726349792339,
            "truePositive": 897,
            "falsePositive": 0,
            "falseNegative": 373
          }
        }
      },
      {
        "threshold": 5.0,
        "metrics": {
          "validation": {
            "f1": 0.4345679012345679,
            "truePositive": 440,
            "falsePositive": 0,
            "falseNegative": 1145
          },
          "heldoutDevelopment": {
            "f1": 0.6798336798336798,
            "truePositive": 654,
            "falsePositive": 0,
            "falseNegative": 616
          }
        }
      }
    ]
  },
  "epoch": 3,
  "tokensSeenAtCheckpoint": 13210424,
  "lineage": [
    {
      "checkpoint": "training/runs/compact/best.pt",
      "sha256": "10ec2f90d57004635102edefd43659c3013d81f122770c1501fa66cba6d2b91b",
      "epoch": 3,
      "trainingTokens": 13210424
    }
  ],
  "parameters": 24761,
  "quantizationBits": 6,
  "logicalPackedBytes": 18571,
  "encodedCharacters": 24761,
  "moduleBytes": 27047,
  "moduleGzipBytes": 17733,
  "moduleBrotliBytes": 16283,
  "labels": [
    "O",
    "NUM",
    "ORD",
    "UNIT",
    "DIR_BEFORE",
    "DIR_AFTER",
    "NOW",
    "REL_DAY",
    "DEICTIC",
    "WEEKDAY",
    "DAYGROUP",
    "MONTH",
    "DOM",
    "YEAR",
    "HOUR",
    "MINUTE",
    "SECOND",
    "MERIDIEM",
    "TIME_NAMED",
    "DAYPART",
    "RANGE_START",
    "RANGE_END",
    "RECUR",
    "FREQ",
    "TIMES",
    "BOUND_START",
    "BOUND_END",
    "COUNT",
    "DUR",
    "EXCEPT",
    "TZ",
    "HOLIDAY",
    "JOIN",
    "GLUE"
  ],
  "metrics": {
    "validation": {
      "tokens": 93011,
      "sequences": 10000,
      "tokenAccuracy": 0.9987958413520981,
      "exactLabelAndBoundarySequence": 0.9791,
      "boundaryPrecision": 0.9557356608478803,
      "boundaryRecall": 0.967192429022082,
      "boundaryF1": 0.9614299153339605,
      "boundaryCounts": {
        "truePositive": 1533,
        "falsePositive": 71,
        "falseNegative": 52
      }
    },
    "heldout": {
      "tokens": 71821,
      "sequences": 10000,
      "tokenAccuracy": 0.9644254465963994,
      "exactLabelAndBoundarySequence": 0.8297,
      "boundaryPrecision": 0.9577677224736049,
      "boundaryRecall": 1.0,
      "boundaryF1": 0.9784283513097072,
      "boundaryCounts": {
        "truePositive": 1270,
        "falsePositive": 56,
        "falseNegative": 0
      }
    }
  },
  "scope": "Exact decoded int6 weights, sequential CPU PyTorch inference reference with the recorded intermediate precision. Training uses the mathematically equivalent parallel affine scan. Browser parity and end-to-end schedule accuracy are separate gates.",
  "parity": {
    "prefix": "training/parity",
    "sequences": 512,
    "tokens": 6048,
    "rowsPerToken": 17,
    "rolesPerToken": 40,
    "boundaryThreshold": 0.5
  },
  "exportSourceDirectory": "training/exports/31f6e3b30058567e0884eb25d6d90b53a66c17ae29e3cf7d9d5611d6044a1467/source",
  "exportSourceHashes": {
    "training/export.py": "c24a6453e3c1304bc3d5cf25258b4149ea8a6bab2d01d7611051377d35f47aa1",
    "training/calibrate.py": "a36888bf0f01f8b92b56d35c9d2417276a6bd896666402513ec60362e8d4ab74",
    "training/model.py": "2d293439c4b256bf424ed09cc0523121752c5a455cd0640f308ab3730bd7cc43",
    "training/train.py": "236bdc60f1730abae59eb3d41f702ba13e90bbdf3136f8de1529f7add0116746",
    "training/uv.lock": "e38fc9c47a173255a61427fa2aade8440a7f642a0e55a85ef1bba2ece4d0034f"
  }
}
