{
  "checkpoint": "training/runs/compact/last.pt",
  "checkpointSha256": "128022aa97bfda180c0d4fb77f450b8ae6f1881bbc835bfd14e54c27572ba75b",
  "artifactSha256": "dce5bf338c50bb37878690382d1d3320d887b54174c7a1cb1b66974260cb2441",
  "boundaryThreshold": 5.0,
  "calibration": {
    "threshold": 5.0,
    "criterion": "Maximize the worst clause-boundary F1 across same-frame validation and reordered development data. Ties choose the lower threshold. These sets were already used for development and model selection; this is not test-set calibration.",
    "grid": [
      {
        "threshold": 0.0,
        "metrics": {
          "validation": {
            "f1": 0.998108448928121,
            "truePositive": 1583,
            "falsePositive": 4,
            "falseNegative": 2
          },
          "heldoutDevelopment": {
            "f1": 0.6937995083310571,
            "truePositive": 1270,
            "falsePositive": 1121,
            "falseNegative": 0
          }
        }
      },
      {
        "threshold": 0.25,
        "metrics": {
          "validation": {
            "f1": 0.9977924944812362,
            "truePositive": 1582,
            "falsePositive": 4,
            "falseNegative": 3
          },
          "heldoutDevelopment": {
            "f1": 0.7008830022075055,
            "truePositive": 1270,
            "falsePositive": 1084,
            "falseNegative": 0
          }
        }
      },
      {
        "threshold": 0.5,
        "metrics": {
          "validation": {
            "f1": 0.9977924944812362,
            "truePositive": 1582,
            "falsePositive": 4,
            "falseNegative": 3
          },
          "heldoutDevelopment": {
            "f1": 0.711484593837535,
            "truePositive": 1270,
            "falsePositive": 1030,
            "falseNegative": 0
          }
        }
      },
      {
        "threshold": 0.75,
        "metrics": {
          "validation": {
            "f1": 0.9981072555205047,
            "truePositive": 1582,
            "falsePositive": 3,
            "falseNegative": 3
          },
          "heldoutDevelopment": {
            "f1": 0.7220011370096646,
            "truePositive": 1270,
            "falsePositive": 978,
            "falseNegative": 0
          }
        }
      },
      {
        "threshold": 1.0,
        "metrics": {
          "validation": {
            "f1": 0.9981072555205047,
            "truePositive": 1582,
            "falsePositive": 3,
            "falseNegative": 3
          },
          "heldoutDevelopment": {
            "f1": 0.7324106113033448,
            "truePositive": 1270,
            "falsePositive": 928,
            "falseNegative": 0
          }
        }
      },
      {
        "threshold": 1.25,
        "metrics": {
          "validation": {
            "f1": 0.9974747474747475,
            "truePositive": 1580,
            "falsePositive": 3,
            "falseNegative": 5
          },
          "heldoutDevelopment": {
            "f1": 0.7461809635722679,
            "truePositive": 1270,
            "falsePositive": 864,
            "falseNegative": 0
          }
        }
      },
      {
        "threshold": 1.5,
        "metrics": {
          "validation": {
            "f1": 0.9968414403032217,
            "truePositive": 1578,
            "falsePositive": 3,
            "falseNegative": 7
          },
          "heldoutDevelopment": {
            "f1": 0.7627627627627628,
            "truePositive": 1270,
            "falsePositive": 790,
            "falseNegative": 0
          }
        }
      },
      {
        "threshold": 1.75,
        "metrics": {
          "validation": {
            "f1": 0.9971546000632311,
            "truePositive": 1577,
            "falsePositive": 1,
            "falseNegative": 8
          },
          "heldoutDevelopment": {
            "f1": 0.7789021772462434,
            "truePositive": 1270,
            "falsePositive": 721,
            "falseNegative": 0
          }
        }
      },
      {
        "threshold": 2.0,
        "metrics": {
          "validation": {
            "f1": 0.9968374446552815,
            "truePositive": 1576,
            "falsePositive": 1,
            "falseNegative": 9
          },
          "heldoutDevelopment": {
            "f1": 0.7917705735660848,
            "truePositive": 1270,
            "falsePositive": 668,
            "falseNegative": 0
          }
        }
      },
      {
        "threshold": 2.25,
        "metrics": {
          "validation": {
            "f1": 0.9965200885795634,
            "truePositive": 1575,
            "falsePositive": 1,
            "falseNegative": 10
          },
          "heldoutDevelopment": {
            "f1": 0.8027812895069533,
            "truePositive": 1270,
            "falsePositive": 624,
            "falseNegative": 0
          }
        }
      },
      {
        "threshold": 2.5,
        "metrics": {
          "validation": {
            "f1": 0.9965200885795634,
            "truePositive": 1575,
            "falsePositive": 1,
            "falseNegative": 10
          },
          "heldoutDevelopment": {
            "f1": 0.8193548387096774,
            "truePositive": 1270,
            "falsePositive": 560,
            "falseNegative": 0
          }
        }
      },
      {
        "threshold": 2.75,
        "metrics": {
          "validation": {
            "f1": 0.9962025316455696,
            "truePositive": 1574,
            "falsePositive": 1,
            "falseNegative": 11
          },
          "heldoutDevelopment": {
            "f1": 0.8355263157894737,
            "truePositive": 1270,
            "falsePositive": 500,
            "falseNegative": 0
          }
        }
      },
      {
        "threshold": 3.0,
        "metrics": {
          "validation": {
            "f1": 0.9962025316455696,
            "truePositive": 1574,
            "falsePositive": 1,
            "falseNegative": 11
          },
          "heldoutDevelopment": {
            "f1": 0.8494983277591973,
            "truePositive": 1270,
            "falsePositive": 450,
            "falseNegative": 0
          }
        }
      },
      {
        "threshold": 3.25,
        "metrics": {
          "validation": {
            "f1": 0.9958847736625515,
            "truePositive": 1573,
            "falsePositive": 1,
            "falseNegative": 12
          },
          "heldoutDevelopment": {
            "f1": 0.867782712675094,
            "truePositive": 1270,
            "falsePositive": 387,
            "falseNegative": 0
          }
        }
      },
      {
        "threshold": 3.5,
        "metrics": {
          "validation": {
            "f1": 0.9955668144395187,
            "truePositive": 1572,
            "falsePositive": 1,
            "falseNegative": 13
          },
          "heldoutDevelopment": {
            "f1": 0.8850174216027874,
            "truePositive": 1270,
            "falsePositive": 330,
            "falseNegative": 0
          }
        }
      },
      {
        "threshold": 3.75,
        "metrics": {
          "validation": {
            "f1": 0.9933354490637892,
            "truePositive": 1565,
            "falsePositive": 1,
            "falseNegative": 20
          },
          "heldoutDevelopment": {
            "f1": 0.9026297085998578,
            "truePositive": 1270,
            "falsePositive": 274,
            "falseNegative": 0
          }
        }
      },
      {
        "threshold": 4.0,
        "metrics": {
          "validation": {
            "f1": 0.9920508744038156,
            "truePositive": 1560,
            "falsePositive": 0,
            "falseNegative": 25
          },
          "heldoutDevelopment": {
            "f1": 0.9226298583363604,
            "truePositive": 1270,
            "falsePositive": 213,
            "falseNegative": 0
          }
        }
      },
      {
        "threshold": 4.25,
        "metrics": {
          "validation": {
            "f1": 0.9904458598726115,
            "truePositive": 1555,
            "falsePositive": 0,
            "falseNegative": 30
          },
          "heldoutDevelopment": {
            "f1": 0.9438870308435526,
            "truePositive": 1270,
            "falsePositive": 151,
            "falseNegative": 0
          }
        }
      },
      {
        "threshold": 4.5,
        "metrics": {
          "validation": {
            "f1": 0.988190233003511,
            "truePositive": 1548,
            "falsePositive": 0,
            "falseNegative": 37
          },
          "heldoutDevelopment": {
            "f1": 0.9610291335603481,
            "truePositive": 1270,
            "falsePositive": 103,
            "falseNegative": 0
          }
        }
      },
      {
        "threshold": 4.75,
        "metrics": {
          "validation": {
            "f1": 0.9846252402306214,
            "truePositive": 1537,
            "falsePositive": 0,
            "falseNegative": 48
          },
          "heldoutDevelopment": {
            "f1": 0.9769230769230769,
            "truePositive": 1270,
            "falsePositive": 60,
            "falseNegative": 0
          }
        }
      },
      {
        "threshold": 5.0,
        "metrics": {
          "validation": {
            "f1": 0.9813624678663239,
            "truePositive": 1527,
            "falsePositive": 0,
            "falseNegative": 58
          },
          "heldoutDevelopment": {
            "f1": 0.9879424348502528,
            "truePositive": 1270,
            "falsePositive": 31,
            "falseNegative": 0
          }
        }
      }
    ]
  },
  "epoch": 20,
  "tokensSeenAtCheckpoint": 88154751,
  "lineage": [
    {
      "checkpoint": "training/runs/compact/last.pt",
      "sha256": "128022aa97bfda180c0d4fb77f450b8ae6f1881bbc835bfd14e54c27572ba75b",
      "epoch": 20,
      "trainingTokens": 88154751
    }
  ],
  "parameters": 24761,
  "quantizationBits": 6,
  "logicalPackedBytes": 18571,
  "encodedCharacters": 24761,
  "moduleBytes": 27041,
  "moduleGzipBytes": 17078,
  "moduleBrotliBytes": 15379,
  "labels": [
    "O",
    "NUM",
    "ORD",
    "UNIT",
    "DIR_BEFORE",
    "DIR_AFTER",
    "NOW",
    "REL_DAY",
    "DEICTIC",
    "WEEKDAY",
    "DAYGROUP",
    "MONTH",
    "DOM",
    "YEAR",
    "HOUR",
    "MINUTE",
    "SECOND",
    "MERIDIEM",
    "TIME_NAMED",
    "DAYPART",
    "RANGE_START",
    "RANGE_END",
    "RECUR",
    "FREQ",
    "TIMES",
    "BOUND_START",
    "BOUND_END",
    "COUNT",
    "DUR",
    "EXCEPT",
    "TZ",
    "HOLIDAY",
    "JOIN",
    "GLUE"
  ],
  "metrics": {
    "validation": {
      "tokens": 93011,
      "sequences": 10000,
      "tokenAccuracy": 0.9998494801690123,
      "exactLabelAndBoundarySequence": 0.9934,
      "boundaryPrecision": 1.0,
      "boundaryRecall": 0.9634069400630915,
      "boundaryF1": 0.981362467866324,
      "boundaryCounts": {
        "truePositive": 1527,
        "falsePositive": 0,
        "falseNegative": 58
      }
    },
    "heldout": {
      "tokens": 71821,
      "sequences": 10000,
      "tokenAccuracy": 0.9651633923225797,
      "exactLabelAndBoundarySequence": 0.8389,
      "boundaryPrecision": 0.9761721752498078,
      "boundaryRecall": 1.0,
      "boundaryF1": 0.9879424348502528,
      "boundaryCounts": {
        "truePositive": 1270,
        "falsePositive": 31,
        "falseNegative": 0
      }
    }
  },
  "scope": "Exact decoded int6 weights, sequential CPU PyTorch inference reference with the recorded intermediate precision. Training uses the mathematically equivalent parallel affine scan. Browser parity and end-to-end schedule accuracy are separate gates.",
  "parity": {
    "prefix": "training/parity",
    "sequences": 512,
    "tokens": 6048,
    "rowsPerToken": 17,
    "rolesPerToken": 40,
    "boundaryThreshold": 5.0
  },
  "exportSourceDirectory": "training/exports/dce5bf338c50bb37878690382d1d3320d887b54174c7a1cb1b66974260cb2441/source",
  "exportSourceHashes": {
    "training/export.py": "c24a6453e3c1304bc3d5cf25258b4149ea8a6bab2d01d7611051377d35f47aa1",
    "training/calibrate.py": "a36888bf0f01f8b92b56d35c9d2417276a6bd896666402513ec60362e8d4ab74",
    "training/model.py": "2d293439c4b256bf424ed09cc0523121752c5a455cd0640f308ab3730bd7cc43",
    "training/train.py": "236bdc60f1730abae59eb3d41f702ba13e90bbdf3136f8de1529f7add0116746",
    "training/uv.lock": "e38fc9c47a173255a61427fa2aade8440a7f642a0e55a85ef1bba2ece4d0034f"
  }
}
