{
  "checkpoint": "training/runs/timezone-free/best.pt",
  "checkpointSha256": "4abbe1eeb3f9218dbee317ca6339eec177bdcaef76b866639c4b05233bb952d4",
  "artifactSha256": "c762ba6ebcaf7b17442f4cfeb949a7ab77d0ba3e46f2981f740b1ab1c2746bf3",
  "boundaryThreshold": 5.0,
  "calibration": {
    "threshold": 5.0,
    "criterion": "Maximize the worst clause-boundary F1 across same-frame validation and reordered development data. Ties choose the lower threshold. These sets were already used for development and model selection; this is not test-set calibration.",
    "grid": [
      {
        "threshold": 0.0,
        "metrics": {
          "validation": {
            "f1": 0.9984917043740573,
            "truePositive": 993,
            "falsePositive": 2,
            "falseNegative": 1
          },
          "heldoutDevelopment": {
            "f1": 0.6900584795321637,
            "truePositive": 1298,
            "falsePositive": 1166,
            "falseNegative": 0
          }
        }
      },
      {
        "threshold": 0.25,
        "metrics": {
          "validation": {
            "f1": 0.9984917043740573,
            "truePositive": 993,
            "falsePositive": 2,
            "falseNegative": 1
          },
          "heldoutDevelopment": {
            "f1": 0.690792974986695,
            "truePositive": 1298,
            "falsePositive": 1162,
            "falseNegative": 0
          }
        }
      },
      {
        "threshold": 0.5,
        "metrics": {
          "validation": {
            "f1": 0.9984917043740573,
            "truePositive": 993,
            "falsePositive": 2,
            "falseNegative": 1
          },
          "heldoutDevelopment": {
            "f1": 0.6922666666666667,
            "truePositive": 1298,
            "falsePositive": 1154,
            "falseNegative": 0
          }
        }
      },
      {
        "threshold": 0.75,
        "metrics": {
          "validation": {
            "f1": 0.9984901862103673,
            "truePositive": 992,
            "falsePositive": 1,
            "falseNegative": 2
          },
          "heldoutDevelopment": {
            "f1": 0.6941176470588235,
            "truePositive": 1298,
            "falsePositive": 1144,
            "falseNegative": 0
          }
        }
      },
      {
        "threshold": 1.0,
        "metrics": {
          "validation": {
            "f1": 0.9984901862103673,
            "truePositive": 992,
            "falsePositive": 1,
            "falseNegative": 2
          },
          "heldoutDevelopment": {
            "f1": 0.695232994108195,
            "truePositive": 1298,
            "falsePositive": 1138,
            "falseNegative": 0
          }
        }
      },
      {
        "threshold": 1.25,
        "metrics": {
          "validation": {
            "f1": 0.9979859013091642,
            "truePositive": 991,
            "falsePositive": 1,
            "falseNegative": 3
          },
          "heldoutDevelopment": {
            "f1": 0.6976619188390217,
            "truePositive": 1298,
            "falsePositive": 1125,
            "falseNegative": 0
          }
        }
      },
      {
        "threshold": 1.5,
        "metrics": {
          "validation": {
            "f1": 0.9979859013091642,
            "truePositive": 991,
            "falsePositive": 1,
            "falseNegative": 3
          },
          "heldoutDevelopment": {
            "f1": 0.7008639308855291,
            "truePositive": 1298,
            "falsePositive": 1108,
            "falseNegative": 0
          }
        }
      },
      {
        "threshold": 1.75,
        "metrics": {
          "validation": {
            "f1": 0.9979859013091642,
            "truePositive": 991,
            "falsePositive": 1,
            "falseNegative": 3
          },
          "heldoutDevelopment": {
            "f1": 0.7042864894194248,
            "truePositive": 1298,
            "falsePositive": 1090,
            "falseNegative": 0
          }
        }
      },
      {
        "threshold": 2.0,
        "metrics": {
          "validation": {
            "f1": 0.9979859013091642,
            "truePositive": 991,
            "falsePositive": 1,
            "falseNegative": 3
          },
          "heldoutDevelopment": {
            "f1": 0.7083219645293315,
            "truePositive": 1298,
            "falsePositive": 1069,
            "falseNegative": 0
          }
        }
      },
      {
        "threshold": 2.25,
        "metrics": {
          "validation": {
            "f1": 0.9969758064516129,
            "truePositive": 989,
            "falsePositive": 1,
            "falseNegative": 5
          },
          "heldoutDevelopment": {
            "f1": 0.7114277884351877,
            "truePositive": 1298,
            "falsePositive": 1053,
            "falseNegative": 0
          }
        }
      },
      {
        "threshold": 2.5,
        "metrics": {
          "validation": {
            "f1": 0.9969758064516129,
            "truePositive": 989,
            "falsePositive": 1,
            "falseNegative": 5
          },
          "heldoutDevelopment": {
            "f1": 0.7163355408388521,
            "truePositive": 1298,
            "falsePositive": 1028,
            "falseNegative": 0
          }
        }
      },
      {
        "threshold": 2.75,
        "metrics": {
          "validation": {
            "f1": 0.9964699949571356,
            "truePositive": 988,
            "falsePositive": 1,
            "falseNegative": 6
          },
          "heldoutDevelopment": {
            "f1": 0.7217125382262997,
            "truePositive": 1298,
            "falsePositive": 1001,
            "falseNegative": 0
          }
        }
      },
      {
        "threshold": 3.0,
        "metrics": {
          "validation": {
            "f1": 0.9964699949571356,
            "truePositive": 988,
            "falsePositive": 1,
            "falseNegative": 6
          },
          "heldoutDevelopment": {
            "f1": 0.7261538461538461,
            "truePositive": 1298,
            "falsePositive": 979,
            "falseNegative": 0
          }
        }
      },
      {
        "threshold": 3.25,
        "metrics": {
          "validation": {
            "f1": 0.9964664310954063,
            "truePositive": 987,
            "falsePositive": 0,
            "falseNegative": 7
          },
          "heldoutDevelopment": {
            "f1": 0.7325056433408578,
            "truePositive": 1298,
            "falsePositive": 948,
            "falseNegative": 0
          }
        }
      },
      {
        "threshold": 3.5,
        "metrics": {
          "validation": {
            "f1": 0.9959595959595959,
            "truePositive": 986,
            "falsePositive": 0,
            "falseNegative": 8
          },
          "heldoutDevelopment": {
            "f1": 0.7410790750785041,
            "truePositive": 1298,
            "falsePositive": 907,
            "falseNegative": 0
          }
        }
      },
      {
        "threshold": 3.75,
        "metrics": {
          "validation": {
            "f1": 0.9949443882709808,
            "truePositive": 984,
            "falsePositive": 0,
            "falseNegative": 10
          },
          "heldoutDevelopment": {
            "f1": 0.7529002320185615,
            "truePositive": 1298,
            "falsePositive": 852,
            "falseNegative": 0
          }
        }
      },
      {
        "threshold": 4.0,
        "metrics": {
          "validation": {
            "f1": 0.9939271255060729,
            "truePositive": 982,
            "falsePositive": 0,
            "falseNegative": 12
          },
          "heldoutDevelopment": {
            "f1": 0.7673662429796039,
            "truePositive": 1298,
            "falsePositive": 787,
            "falseNegative": 0
          }
        }
      },
      {
        "threshold": 4.25,
        "metrics": {
          "validation": {
            "f1": 0.9929078014184397,
            "truePositive": 980,
            "falsePositive": 0,
            "falseNegative": 14
          },
          "heldoutDevelopment": {
            "f1": 0.7845270474463584,
            "truePositive": 1298,
            "falsePositive": 713,
            "falseNegative": 0
          }
        }
      },
      {
        "threshold": 4.5,
        "metrics": {
          "validation": {
            "f1": 0.9918864097363083,
            "truePositive": 978,
            "falsePositive": 0,
            "falseNegative": 16
          },
          "heldoutDevelopment": {
            "f1": 0.8047117172969622,
            "truePositive": 1298,
            "falsePositive": 630,
            "falseNegative": 0
          }
        }
      },
      {
        "threshold": 4.75,
        "metrics": {
          "validation": {
            "f1": 0.991374936580416,
            "truePositive": 977,
            "falsePositive": 0,
            "falseNegative": 17
          },
          "heldoutDevelopment": {
            "f1": 0.8267515923566879,
            "truePositive": 1298,
            "falsePositive": 544,
            "falseNegative": 0
          }
        }
      },
      {
        "threshold": 5.0,
        "metrics": {
          "validation": {
            "f1": 0.991374936580416,
            "truePositive": 977,
            "falsePositive": 0,
            "falseNegative": 17
          },
          "heldoutDevelopment": {
            "f1": 0.8472584856396866,
            "truePositive": 1298,
            "falsePositive": 468,
            "falseNegative": 0
          }
        }
      }
    ]
  },
  "epoch": 1,
  "tokensSeenAtCheckpoint": 169337653,
  "lineage": [
    {
      "checkpoint": "training/runs/timezone-free/best.pt",
      "sha256": "4abbe1eeb3f9218dbee317ca6339eec177bdcaef76b866639c4b05233bb952d4",
      "epoch": 1,
      "trainingTokens": 3889018
    },
    {
      "checkpoint": "/Users/arikko/Developer/vibecode/gpu-time-rewrite/training/runs/caller-timezone/best.pt",
      "sha256": "e3a7716f53059dc8a7eae876d1e324c4f6c84b29ce95a54929251cab7b7ca9da",
      "epoch": 2,
      "trainingTokens": 7803214
    },
    {
      "checkpoint": "/Users/arikko/Developer/vibecode/gpu-time-rewrite/training/runs/natural-grammar/best.pt",
      "sha256": "3192efb3f907073baa31ffadce4d3753fd36ddcb483474594a91c60ae6df2888",
      "epoch": 2,
      "trainingTokens": 7659498
    },
    {
      "checkpoint": "/Users/arikko/Developer/vibecode/gpu-time-rewrite/training/runs/timezone-grammar/best.pt",
      "sha256": "db532eb33cff44bbdde1c154b6c611ca70522abd04a160d415eb8dfe80d430c7",
      "epoch": 1,
      "trainingTokens": 3820163
    },
    {
      "checkpoint": "/Users/arikko/Developer/vibecode/gpu-time-rewrite/training/runs/range-grammar/best.pt",
      "sha256": "e8bbd55dfdad73a9c676af05b777fa3b619dbc577c0d8710f9e780f8383c49df",
      "epoch": 2,
      "trainingTokens": 7776685
    },
    {
      "checkpoint": "/Users/arikko/Developer/vibecode/gpu-time-rewrite/training/runs/written-time/best.pt",
      "sha256": "a251091c0350f83059e06396731b8922b5cb39e4d072299e264c5b3e3f46383a",
      "epoch": 1,
      "trainingTokens": 3886977
    },
    {
      "checkpoint": "/Users/arikko/Developer/vibecode/gpu-time-rewrite/training/runs/complete-grammar/best.pt",
      "sha256": "d6b126345206512308c29c6bccbd5cfb87c90d6c0d933549236163c80deaab38",
      "epoch": 1,
      "trainingTokens": 3873541
    },
    {
      "checkpoint": "/Users/arikko/Developer/vibecode/gpu-time-rewrite/training/runs/modifier-context/best.pt",
      "sha256": "7dbc03c567769b7caeff76e8023c61c1e1c9dd18c8f553f55858dd5a2f9d5ac6",
      "epoch": 1,
      "trainingTokens": 4210121
    },
    {
      "checkpoint": "/Users/arikko/Developer/vibecode/gpu-time-rewrite/training/runs/grammar-contrasts/best.pt",
      "sha256": "3ff0d3caa9c6d65fc5f3d3eed3b1ffb22fa7cdd1e2726326112369322c0afbdf",
      "epoch": 1,
      "trainingTokens": 4199340
    },
    {
      "checkpoint": "/Users/arikko/Developer/vibecode/gpu-time-rewrite/training/runs/grammar-context/best.pt",
      "sha256": "4663a3c890f380eee299611b0ea25158969051982bea9cd941d28b913bd2c8d0",
      "epoch": 2,
      "trainingTokens": 8305966
    },
    {
      "checkpoint": "/Users/arikko/Developer/vibecode/gpu-time-rewrite/training/runs/core-grammar/best.pt",
      "sha256": "32e745c07f07bd55fe36f562d73e7516ee69bce2b33a09935fc25fac4834e615",
      "epoch": 3,
      "trainingTokens": 12536650
    },
    {
      "checkpoint": "/Users/arikko/Developer/vibecode/gpu-time-rewrite/training/runs/grammar-coverage/best.pt",
      "sha256": "ae743a161809e9ceae976d118acf28d7bcc8972e37e4a19dcfb017c4a8614e75",
      "epoch": 3,
      "trainingTokens": 13221729
    },
    {
      "checkpoint": "/Users/arikko/Developer/vibecode/gpu-time-rewrite/training/runs/compact/last.pt",
      "sha256": "128022aa97bfda180c0d4fb77f450b8ae6f1881bbc835bfd14e54c27572ba75b",
      "epoch": 20,
      "trainingTokens": 88154751
    }
  ],
  "parameters": 24761,
  "quantizationBits": 6,
  "logicalPackedBytes": 18571,
  "encodedCharacters": 24761,
  "moduleBytes": 27047,
  "moduleGzipBytes": 16970,
  "moduleBrotliBytes": 15095,
  "labels": [
    "O",
    "NUM",
    "ORD",
    "UNIT",
    "DIR_BEFORE",
    "DIR_AFTER",
    "NOW",
    "REL_DAY",
    "DEICTIC",
    "WEEKDAY",
    "DAYGROUP",
    "MONTH",
    "DOM",
    "YEAR",
    "HOUR",
    "MINUTE",
    "SECOND",
    "MERIDIEM",
    "TIME_NAMED",
    "DAYPART",
    "RANGE_START",
    "RANGE_END",
    "RECUR",
    "FREQ",
    "TIMES",
    "BOUND_START",
    "BOUND_END",
    "COUNT",
    "DUR",
    "EXCEPT",
    "HOLIDAY",
    "JOIN",
    "GLUE",
    "EDGE"
  ],
  "metrics": {
    "validation": {
      "tokens": 77125,
      "sequences": 10000,
      "tokenAccuracy": 0.9998314424635332,
      "exactLabelAndBoundarySequence": 0.9973,
      "boundaryPrecision": 1.0,
      "boundaryRecall": 0.9828973843058351,
      "boundaryF1": 0.9913749365804161,
      "boundaryCounts": {
        "truePositive": 977,
        "falsePositive": 0,
        "falseNegative": 17
      }
    },
    "heldout": {
      "tokens": 71630,
      "sequences": 10000,
      "tokenAccuracy": 0.9672623202568756,
      "exactLabelAndBoundarySequence": 0.7644,
      "boundaryPrecision": 0.7349943374858438,
      "boundaryRecall": 1.0,
      "boundaryF1": 0.8472584856396868,
      "boundaryCounts": {
        "truePositive": 1298,
        "falsePositive": 468,
        "falseNegative": 0
      }
    }
  },
  "scope": "Exact decoded int6 weights, sequential CPU PyTorch inference reference with the recorded intermediate precision. Training uses the mathematically equivalent parallel affine scan. Browser parity and end-to-end schedule accuracy are separate gates.",
  "parity": {
    "prefix": "training/parity",
    "sequences": 512,
    "tokens": 6002,
    "rowsPerToken": 17,
    "rolesPerToken": 40,
    "boundaryThreshold": 5.0
  },
  "exportSourceDirectory": "training/exports/c762ba6ebcaf7b17442f4cfeb949a7ab77d0ba3e46f2981f740b1ab1c2746bf3/source",
  "exportSourceHashes": {
    "training/export.py": "c24a6453e3c1304bc3d5cf25258b4149ea8a6bab2d01d7611051377d35f47aa1",
    "training/calibrate.py": "a36888bf0f01f8b92b56d35c9d2417276a6bd896666402513ec60362e8d4ab74",
    "training/model.py": "2d293439c4b256bf424ed09cc0523121752c5a455cd0640f308ab3730bd7cc43",
    "training/train.py": "8a197e6ff4d5af0ba3fe1a7a7cf65b8ed697a3cd213489d66648aeb8b44241f3",
    "training/uv.lock": "e38fc9c47a173255a61427fa2aade8440a7f642a0e55a85ef1bba2ece4d0034f"
  }
}
