{
  "checkpoint": "training/runs/range-grammar/best.pt",
  "checkpointSha256": "e8bbd55dfdad73a9c676af05b777fa3b619dbc577c0d8710f9e780f8383c49df",
  "artifactSha256": "4dce204bcb095c38b5cb5c24dfb0e81f227ecf363488f72439f8ed162bcab09d",
  "boundaryThreshold": 5.0,
  "calibration": {
    "threshold": 5.0,
    "criterion": "Maximize the worst clause-boundary F1 across same-frame validation and reordered development data. Ties choose the lower threshold. These sets were already used for development and model selection; this is not test-set calibration.",
    "grid": [
      {
        "threshold": 0.0,
        "metrics": {
          "validation": {
            "f1": 0.9966035904900534,
            "truePositive": 1027,
            "falsePositive": 5,
            "falseNegative": 2
          },
          "heldoutDevelopment": {
            "f1": 0.6842672413793104,
            "truePositive": 1270,
            "falsePositive": 1172,
            "falseNegative": 0
          }
        }
      },
      {
        "threshold": 0.25,
        "metrics": {
          "validation": {
            "f1": 0.9970873786407767,
            "truePositive": 1027,
            "falsePositive": 4,
            "falseNegative": 2
          },
          "heldoutDevelopment": {
            "f1": 0.6868577609518659,
            "truePositive": 1270,
            "falsePositive": 1158,
            "falseNegative": 0
          }
        }
      },
      {
        "threshold": 0.5,
        "metrics": {
          "validation": {
            "f1": 0.9970873786407767,
            "truePositive": 1027,
            "falsePositive": 4,
            "falseNegative": 2
          },
          "heldoutDevelopment": {
            "f1": 0.6898424769147202,
            "truePositive": 1270,
            "falsePositive": 1142,
            "falseNegative": 0
          }
        }
      },
      {
        "threshold": 0.75,
        "metrics": {
          "validation": {
            "f1": 0.9975716367168529,
            "truePositive": 1027,
            "falsePositive": 3,
            "falseNegative": 2
          },
          "heldoutDevelopment": {
            "f1": 0.693610049153468,
            "truePositive": 1270,
            "falsePositive": 1122,
            "falseNegative": 0
          }
        }
      },
      {
        "threshold": 1.0,
        "metrics": {
          "validation": {
            "f1": 0.9975716367168529,
            "truePositive": 1027,
            "falsePositive": 3,
            "falseNegative": 2
          },
          "heldoutDevelopment": {
            "f1": 0.6966538672517828,
            "truePositive": 1270,
            "falsePositive": 1106,
            "falseNegative": 0
          }
        }
      },
      {
        "threshold": 1.25,
        "metrics": {
          "validation": {
            "f1": 0.9970845481049563,
            "truePositive": 1026,
            "falsePositive": 3,
            "falseNegative": 3
          },
          "heldoutDevelopment": {
            "f1": 0.7003032809484422,
            "truePositive": 1270,
            "falsePositive": 1087,
            "falseNegative": 0
          }
        }
      },
      {
        "threshold": 1.5,
        "metrics": {
          "validation": {
            "f1": 0.997569275644142,
            "truePositive": 1026,
            "falsePositive": 2,
            "falseNegative": 3
          },
          "heldoutDevelopment": {
            "f1": 0.704772475027747,
            "truePositive": 1270,
            "falsePositive": 1064,
            "falseNegative": 0
          }
        }
      },
      {
        "threshold": 1.75,
        "metrics": {
          "validation": {
            "f1": 0.9985401459854014,
            "truePositive": 1026,
            "falsePositive": 0,
            "falseNegative": 3
          },
          "heldoutDevelopment": {
            "f1": 0.710688304420817,
            "truePositive": 1270,
            "falsePositive": 1034,
            "falseNegative": 0
          }
        }
      },
      {
        "threshold": 2.0,
        "metrics": {
          "validation": {
            "f1": 0.9985401459854014,
            "truePositive": 1026,
            "falsePositive": 0,
            "falseNegative": 3
          },
          "heldoutDevelopment": {
            "f1": 0.71791972866026,
            "truePositive": 1270,
            "falsePositive": 998,
            "falseNegative": 0
          }
        }
      },
      {
        "threshold": 2.25,
        "metrics": {
          "validation": {
            "f1": 0.9985401459854014,
            "truePositive": 1026,
            "falsePositive": 0,
            "falseNegative": 3
          },
          "heldoutDevelopment": {
            "f1": 0.7265446224256293,
            "truePositive": 1270,
            "falsePositive": 956,
            "falseNegative": 0
          }
        }
      },
      {
        "threshold": 2.5,
        "metrics": {
          "validation": {
            "f1": 0.9980525803310614,
            "truePositive": 1025,
            "falsePositive": 0,
            "falseNegative": 4
          },
          "heldoutDevelopment": {
            "f1": 0.7396622015142691,
            "truePositive": 1270,
            "falsePositive": 894,
            "falseNegative": 0
          }
        }
      },
      {
        "threshold": 2.75,
        "metrics": {
          "validation": {
            "f1": 0.9980525803310614,
            "truePositive": 1025,
            "falsePositive": 0,
            "falseNegative": 4
          },
          "heldoutDevelopment": {
            "f1": 0.7555026769779893,
            "truePositive": 1270,
            "falsePositive": 822,
            "falseNegative": 0
          }
        }
      },
      {
        "threshold": 3.0,
        "metrics": {
          "validation": {
            "f1": 0.9980525803310614,
            "truePositive": 1025,
            "falsePositive": 0,
            "falseNegative": 4
          },
          "heldoutDevelopment": {
            "f1": 0.7739183424741012,
            "truePositive": 1270,
            "falsePositive": 742,
            "falseNegative": 0
          }
        }
      },
      {
        "threshold": 3.25,
        "metrics": {
          "validation": {
            "f1": 0.997564539698003,
            "truePositive": 1024,
            "falsePositive": 0,
            "falseNegative": 5
          },
          "heldoutDevelopment": {
            "f1": 0.7922645040548971,
            "truePositive": 1270,
            "falsePositive": 666,
            "falseNegative": 0
          }
        }
      },
      {
        "threshold": 3.5,
        "metrics": {
          "validation": {
            "f1": 0.997564539698003,
            "truePositive": 1024,
            "falsePositive": 0,
            "falseNegative": 5
          },
          "heldoutDevelopment": {
            "f1": 0.8094327597195666,
            "truePositive": 1270,
            "falsePositive": 598,
            "falseNegative": 0
          }
        }
      },
      {
        "threshold": 3.75,
        "metrics": {
          "validation": {
            "f1": 0.997564539698003,
            "truePositive": 1024,
            "falsePositive": 0,
            "falseNegative": 5
          },
          "heldoutDevelopment": {
            "f1": 0.8306082406801831,
            "truePositive": 1270,
            "falsePositive": 518,
            "falseNegative": 0
          }
        }
      },
      {
        "threshold": 4.0,
        "metrics": {
          "validation": {
            "f1": 0.997564539698003,
            "truePositive": 1024,
            "falsePositive": 0,
            "falseNegative": 5
          },
          "heldoutDevelopment": {
            "f1": 0.8583981074687395,
            "truePositive": 1270,
            "falsePositive": 419,
            "falseNegative": 0
          }
        }
      },
      {
        "threshold": 4.25,
        "metrics": {
          "validation": {
            "f1": 0.997564539698003,
            "truePositive": 1024,
            "falsePositive": 0,
            "falseNegative": 5
          },
          "heldoutDevelopment": {
            "f1": 0.8801108801108801,
            "truePositive": 1270,
            "falsePositive": 346,
            "falseNegative": 0
          }
        }
      },
      {
        "threshold": 4.5,
        "metrics": {
          "validation": {
            "f1": 0.9965870307167235,
            "truePositive": 1022,
            "falsePositive": 0,
            "falseNegative": 7
          },
          "heldoutDevelopment": {
            "f1": 0.8946812257837267,
            "truePositive": 1270,
            "falsePositive": 299,
            "falseNegative": 0
          }
        }
      },
      {
        "threshold": 4.75,
        "metrics": {
          "validation": {
            "f1": 0.9965870307167235,
            "truePositive": 1022,
            "falsePositive": 0,
            "falseNegative": 7
          },
          "heldoutDevelopment": {
            "f1": 0.9136690647482014,
            "truePositive": 1270,
            "falsePositive": 240,
            "falseNegative": 0
          }
        }
      },
      {
        "threshold": 5.0,
        "metrics": {
          "validation": {
            "f1": 0.9956076134699854,
            "truePositive": 1020,
            "falsePositive": 0,
            "falseNegative": 9
          },
          "heldoutDevelopment": {
            "f1": 0.9273457466228551,
            "truePositive": 1270,
            "falsePositive": 199,
            "falseNegative": 0
          }
        }
      }
    ]
  },
  "epoch": 2,
  "tokensSeenAtCheckpoint": 146165760,
  "lineage": [
    {
      "checkpoint": "training/runs/range-grammar/best.pt",
      "sha256": "e8bbd55dfdad73a9c676af05b777fa3b619dbc577c0d8710f9e780f8383c49df",
      "epoch": 2,
      "trainingTokens": 7776685
    },
    {
      "checkpoint": "/Users/arikko/Developer/vibecode/gpu-time-rewrite/training/runs/written-time/best.pt",
      "sha256": "a251091c0350f83059e06396731b8922b5cb39e4d072299e264c5b3e3f46383a",
      "epoch": 1,
      "trainingTokens": 3886977
    },
    {
      "checkpoint": "/Users/arikko/Developer/vibecode/gpu-time-rewrite/training/runs/complete-grammar/best.pt",
      "sha256": "d6b126345206512308c29c6bccbd5cfb87c90d6c0d933549236163c80deaab38",
      "epoch": 1,
      "trainingTokens": 3873541
    },
    {
      "checkpoint": "/Users/arikko/Developer/vibecode/gpu-time-rewrite/training/runs/modifier-context/best.pt",
      "sha256": "7dbc03c567769b7caeff76e8023c61c1e1c9dd18c8f553f55858dd5a2f9d5ac6",
      "epoch": 1,
      "trainingTokens": 4210121
    },
    {
      "checkpoint": "/Users/arikko/Developer/vibecode/gpu-time-rewrite/training/runs/grammar-contrasts/best.pt",
      "sha256": "3ff0d3caa9c6d65fc5f3d3eed3b1ffb22fa7cdd1e2726326112369322c0afbdf",
      "epoch": 1,
      "trainingTokens": 4199340
    },
    {
      "checkpoint": "/Users/arikko/Developer/vibecode/gpu-time-rewrite/training/runs/grammar-context/best.pt",
      "sha256": "4663a3c890f380eee299611b0ea25158969051982bea9cd941d28b913bd2c8d0",
      "epoch": 2,
      "trainingTokens": 8305966
    },
    {
      "checkpoint": "/Users/arikko/Developer/vibecode/gpu-time-rewrite/training/runs/core-grammar/best.pt",
      "sha256": "32e745c07f07bd55fe36f562d73e7516ee69bce2b33a09935fc25fac4834e615",
      "epoch": 3,
      "trainingTokens": 12536650
    },
    {
      "checkpoint": "/Users/arikko/Developer/vibecode/gpu-time-rewrite/training/runs/grammar-coverage/best.pt",
      "sha256": "ae743a161809e9ceae976d118acf28d7bcc8972e37e4a19dcfb017c4a8614e75",
      "epoch": 3,
      "trainingTokens": 13221729
    },
    {
      "checkpoint": "/Users/arikko/Developer/vibecode/gpu-time-rewrite/training/runs/compact/last.pt",
      "sha256": "128022aa97bfda180c0d4fb77f450b8ae6f1881bbc835bfd14e54c27572ba75b",
      "epoch": 20,
      "trainingTokens": 88154751
    }
  ],
  "parameters": 24761,
  "quantizationBits": 6,
  "logicalPackedBytes": 18571,
  "encodedCharacters": 24761,
  "moduleBytes": 27052,
  "moduleGzipBytes": 17137,
  "moduleBrotliBytes": 15261,
  "labels": [
    "O",
    "NUM",
    "ORD",
    "UNIT",
    "DIR_BEFORE",
    "DIR_AFTER",
    "NOW",
    "REL_DAY",
    "DEICTIC",
    "WEEKDAY",
    "DAYGROUP",
    "MONTH",
    "DOM",
    "YEAR",
    "HOUR",
    "MINUTE",
    "SECOND",
    "MERIDIEM",
    "TIME_NAMED",
    "DAYPART",
    "RANGE_START",
    "RANGE_END",
    "RECUR",
    "FREQ",
    "TIMES",
    "BOUND_START",
    "BOUND_END",
    "COUNT",
    "DUR",
    "EXCEPT",
    "TZ",
    "HOLIDAY",
    "JOIN",
    "GLUE",
    "EDGE"
  ],
  "metrics": {
    "validation": {
      "tokens": 77745,
      "sequences": 10000,
      "tokenAccuracy": 0.9998070615473664,
      "exactLabelAndBoundarySequence": 0.9977,
      "boundaryPrecision": 1.0,
      "boundaryRecall": 0.9912536443148688,
      "boundaryF1": 0.9956076134699853,
      "boundaryCounts": {
        "truePositive": 1020,
        "falsePositive": 0,
        "falseNegative": 9
      }
    },
    "heldout": {
      "tokens": 71821,
      "sequences": 10000,
      "tokenAccuracy": 0.9671126829200373,
      "exactLabelAndBoundarySequence": 0.8027,
      "boundaryPrecision": 0.8645336963921034,
      "boundaryRecall": 1.0,
      "boundaryF1": 0.9273457466228551,
      "boundaryCounts": {
        "truePositive": 1270,
        "falsePositive": 199,
        "falseNegative": 0
      }
    }
  },
  "scope": "Exact decoded int6 weights, sequential CPU PyTorch inference reference with the recorded intermediate precision. Training uses the mathematically equivalent parallel affine scan. Browser parity and end-to-end schedule accuracy are separate gates.",
  "parity": {
    "prefix": "training/parity",
    "sequences": 512,
    "tokens": 6048,
    "rowsPerToken": 17,
    "rolesPerToken": 40,
    "boundaryThreshold": 5.0
  },
  "exportSourceDirectory": "training/exports/4dce204bcb095c38b5cb5c24dfb0e81f227ecf363488f72439f8ed162bcab09d/source",
  "exportSourceHashes": {
    "training/export.py": "c24a6453e3c1304bc3d5cf25258b4149ea8a6bab2d01d7611051377d35f47aa1",
    "training/calibrate.py": "a36888bf0f01f8b92b56d35c9d2417276a6bd896666402513ec60362e8d4ab74",
    "training/model.py": "2d293439c4b256bf424ed09cc0523121752c5a455cd0640f308ab3730bd7cc43",
    "training/train.py": "265a263b18bea692265bd42b8a3839b2e59d713ae134c18f7ac20d8951da6bc3",
    "training/uv.lock": "e38fc9c47a173255a61427fa2aade8440a7f642a0e55a85ef1bba2ece4d0034f"
  }
}
