{
  "checkpoint": "training/runs/natural-grammar/best.pt",
  "checkpointSha256": "3192efb3f907073baa31ffadce4d3753fd36ddcb483474594a91c60ae6df2888",
  "artifactSha256": "300b9675b9b5358eef403a60846f923176ec0693a990ec0a3720a403e2754341",
  "boundaryThreshold": 5.0,
  "calibration": {
    "threshold": 5.0,
    "criterion": "Maximize the worst clause-boundary F1 across same-frame validation and reordered development data. Ties choose the lower threshold. These sets were already used for development and model selection; this is not test-set calibration.",
    "grid": [
      {
        "threshold": 0.0,
        "metrics": {
          "validation": {
            "f1": 0.9978094194961665,
            "truePositive": 911,
            "falsePositive": 4,
            "falseNegative": 0
          },
          "heldoutDevelopment": {
            "f1": 0.6778756338404056,
            "truePositive": 1270,
            "falsePositive": 1207,
            "falseNegative": 0
          }
        }
      },
      {
        "threshold": 0.25,
        "metrics": {
          "validation": {
            "f1": 0.9983561643835617,
            "truePositive": 911,
            "falsePositive": 3,
            "falseNegative": 0
          },
          "heldoutDevelopment": {
            "f1": 0.6809651474530831,
            "truePositive": 1270,
            "falsePositive": 1190,
            "falseNegative": 0
          }
        }
      },
      {
        "threshold": 0.5,
        "metrics": {
          "validation": {
            "f1": 0.9983561643835617,
            "truePositive": 911,
            "falsePositive": 3,
            "falseNegative": 0
          },
          "heldoutDevelopment": {
            "f1": 0.6827956989247311,
            "truePositive": 1270,
            "falsePositive": 1180,
            "falseNegative": 0
          }
        }
      },
      {
        "threshold": 0.75,
        "metrics": {
          "validation": {
            "f1": 0.9989035087719298,
            "truePositive": 911,
            "falsePositive": 2,
            "falseNegative": 0
          },
          "heldoutDevelopment": {
            "f1": 0.6851901807391422,
            "truePositive": 1270,
            "falsePositive": 1167,
            "falseNegative": 0
          }
        }
      },
      {
        "threshold": 1.0,
        "metrics": {
          "validation": {
            "f1": 0.9989035087719298,
            "truePositive": 911,
            "falsePositive": 2,
            "falseNegative": 0
          },
          "heldoutDevelopment": {
            "f1": 0.6870435488233703,
            "truePositive": 1270,
            "falsePositive": 1157,
            "falseNegative": 0
          }
        }
      },
      {
        "threshold": 1.25,
        "metrics": {
          "validation": {
            "f1": 0.9989035087719298,
            "truePositive": 911,
            "falsePositive": 2,
            "falseNegative": 0
          },
          "heldoutDevelopment": {
            "f1": 0.6902173913043478,
            "truePositive": 1270,
            "falsePositive": 1140,
            "falseNegative": 0
          }
        }
      },
      {
        "threshold": 1.5,
        "metrics": {
          "validation": {
            "f1": 0.9989035087719298,
            "truePositive": 911,
            "falsePositive": 2,
            "falseNegative": 0
          },
          "heldoutDevelopment": {
            "f1": 0.6932314410480349,
            "truePositive": 1270,
            "falsePositive": 1124,
            "falseNegative": 0
          }
        }
      },
      {
        "threshold": 1.75,
        "metrics": {
          "validation": {
            "f1": 0.9989035087719298,
            "truePositive": 911,
            "falsePositive": 2,
            "falseNegative": 0
          },
          "heldoutDevelopment": {
            "f1": 0.6968449931412894,
            "truePositive": 1270,
            "falsePositive": 1105,
            "falseNegative": 0
          }
        }
      },
      {
        "threshold": 2.0,
        "metrics": {
          "validation": {
            "f1": 0.9989035087719298,
            "truePositive": 911,
            "falsePositive": 2,
            "falseNegative": 0
          },
          "heldoutDevelopment": {
            "f1": 0.7003032809484422,
            "truePositive": 1270,
            "falsePositive": 1087,
            "falseNegative": 0
          }
        }
      },
      {
        "threshold": 2.25,
        "metrics": {
          "validation": {
            "f1": 0.9983543609434997,
            "truePositive": 910,
            "falsePositive": 2,
            "falseNegative": 1
          },
          "heldoutDevelopment": {
            "f1": 0.7063403781979978,
            "truePositive": 1270,
            "falsePositive": 1056,
            "falseNegative": 0
          }
        }
      },
      {
        "threshold": 2.5,
        "metrics": {
          "validation": {
            "f1": 0.9983543609434997,
            "truePositive": 910,
            "falsePositive": 2,
            "falseNegative": 1
          },
          "heldoutDevelopment": {
            "f1": 0.712682379349046,
            "truePositive": 1270,
            "falsePositive": 1024,
            "falseNegative": 0
          }
        }
      },
      {
        "threshold": 2.75,
        "metrics": {
          "validation": {
            "f1": 0.9983543609434997,
            "truePositive": 910,
            "falsePositive": 2,
            "falseNegative": 1
          },
          "heldoutDevelopment": {
            "f1": 0.7224118316268487,
            "truePositive": 1270,
            "falsePositive": 976,
            "falseNegative": 0
          }
        }
      },
      {
        "threshold": 3.0,
        "metrics": {
          "validation": {
            "f1": 0.9983543609434997,
            "truePositive": 910,
            "falsePositive": 2,
            "falseNegative": 1
          },
          "heldoutDevelopment": {
            "f1": 0.7343162763804568,
            "truePositive": 1270,
            "falsePositive": 919,
            "falseNegative": 0
          }
        }
      },
      {
        "threshold": 3.25,
        "metrics": {
          "validation": {
            "f1": 0.9978046103183315,
            "truePositive": 909,
            "falsePositive": 2,
            "falseNegative": 2
          },
          "heldoutDevelopment": {
            "f1": 0.7468391649514848,
            "truePositive": 1270,
            "falsePositive": 861,
            "falseNegative": 0
          }
        }
      },
      {
        "threshold": 3.5,
        "metrics": {
          "validation": {
            "f1": 0.9978046103183315,
            "truePositive": 909,
            "falsePositive": 2,
            "falseNegative": 2
          },
          "heldoutDevelopment": {
            "f1": 0.7641395908543923,
            "truePositive": 1270,
            "falsePositive": 784,
            "falseNegative": 0
          }
        }
      },
      {
        "threshold": 3.75,
        "metrics": {
          "validation": {
            "f1": 0.9967032967032967,
            "truePositive": 907,
            "falsePositive": 2,
            "falseNegative": 4
          },
          "heldoutDevelopment": {
            "f1": 0.782983970406905,
            "truePositive": 1270,
            "falsePositive": 704,
            "falseNegative": 0
          }
        }
      },
      {
        "threshold": 4.0,
        "metrics": {
          "validation": {
            "f1": 0.9955995599559956,
            "truePositive": 905,
            "falsePositive": 2,
            "falseNegative": 6
          },
          "heldoutDevelopment": {
            "f1": 0.8048162230671736,
            "truePositive": 1270,
            "falsePositive": 616,
            "falseNegative": 0
          }
        }
      },
      {
        "threshold": 4.25,
        "metrics": {
          "validation": {
            "f1": 0.996147495872317,
            "truePositive": 905,
            "falsePositive": 1,
            "falseNegative": 6
          },
          "heldoutDevelopment": {
            "f1": 0.8333333333333334,
            "truePositive": 1270,
            "falsePositive": 508,
            "falseNegative": 0
          }
        }
      },
      {
        "threshold": 4.5,
        "metrics": {
          "validation": {
            "f1": 0.9955898566703418,
            "truePositive": 903,
            "falsePositive": 0,
            "falseNegative": 8
          },
          "heldoutDevelopment": {
            "f1": 0.8557951482479784,
            "truePositive": 1270,
            "falsePositive": 428,
            "falseNegative": 0
          }
        }
      },
      {
        "threshold": 4.75,
        "metrics": {
          "validation": {
            "f1": 0.9944812362030905,
            "truePositive": 901,
            "falsePositive": 0,
            "falseNegative": 10
          },
          "heldoutDevelopment": {
            "f1": 0.8788927335640139,
            "truePositive": 1270,
            "falsePositive": 350,
            "falseNegative": 0
          }
        }
      },
      {
        "threshold": 5.0,
        "metrics": {
          "validation": {
            "f1": 0.9928137092316197,
            "truePositive": 898,
            "falsePositive": 0,
            "falseNegative": 13
          },
          "heldoutDevelopment": {
            "f1": 0.8981612446958982,
            "truePositive": 1270,
            "falsePositive": 288,
            "falseNegative": 0
          }
        }
      }
    ]
  },
  "epoch": 2,
  "tokensSeenAtCheckpoint": 157645421,
  "lineage": [
    {
      "checkpoint": "training/runs/natural-grammar/best.pt",
      "sha256": "3192efb3f907073baa31ffadce4d3753fd36ddcb483474594a91c60ae6df2888",
      "epoch": 2,
      "trainingTokens": 7659498
    },
    {
      "checkpoint": "/Users/arikko/Developer/vibecode/gpu-time-rewrite/training/runs/timezone-grammar/best.pt",
      "sha256": "db532eb33cff44bbdde1c154b6c611ca70522abd04a160d415eb8dfe80d430c7",
      "epoch": 1,
      "trainingTokens": 3820163
    },
    {
      "checkpoint": "/Users/arikko/Developer/vibecode/gpu-time-rewrite/training/runs/range-grammar/best.pt",
      "sha256": "e8bbd55dfdad73a9c676af05b777fa3b619dbc577c0d8710f9e780f8383c49df",
      "epoch": 2,
      "trainingTokens": 7776685
    },
    {
      "checkpoint": "/Users/arikko/Developer/vibecode/gpu-time-rewrite/training/runs/written-time/best.pt",
      "sha256": "a251091c0350f83059e06396731b8922b5cb39e4d072299e264c5b3e3f46383a",
      "epoch": 1,
      "trainingTokens": 3886977
    },
    {
      "checkpoint": "/Users/arikko/Developer/vibecode/gpu-time-rewrite/training/runs/complete-grammar/best.pt",
      "sha256": "d6b126345206512308c29c6bccbd5cfb87c90d6c0d933549236163c80deaab38",
      "epoch": 1,
      "trainingTokens": 3873541
    },
    {
      "checkpoint": "/Users/arikko/Developer/vibecode/gpu-time-rewrite/training/runs/modifier-context/best.pt",
      "sha256": "7dbc03c567769b7caeff76e8023c61c1e1c9dd18c8f553f55858dd5a2f9d5ac6",
      "epoch": 1,
      "trainingTokens": 4210121
    },
    {
      "checkpoint": "/Users/arikko/Developer/vibecode/gpu-time-rewrite/training/runs/grammar-contrasts/best.pt",
      "sha256": "3ff0d3caa9c6d65fc5f3d3eed3b1ffb22fa7cdd1e2726326112369322c0afbdf",
      "epoch": 1,
      "trainingTokens": 4199340
    },
    {
      "checkpoint": "/Users/arikko/Developer/vibecode/gpu-time-rewrite/training/runs/grammar-context/best.pt",
      "sha256": "4663a3c890f380eee299611b0ea25158969051982bea9cd941d28b913bd2c8d0",
      "epoch": 2,
      "trainingTokens": 8305966
    },
    {
      "checkpoint": "/Users/arikko/Developer/vibecode/gpu-time-rewrite/training/runs/core-grammar/best.pt",
      "sha256": "32e745c07f07bd55fe36f562d73e7516ee69bce2b33a09935fc25fac4834e615",
      "epoch": 3,
      "trainingTokens": 12536650
    },
    {
      "checkpoint": "/Users/arikko/Developer/vibecode/gpu-time-rewrite/training/runs/grammar-coverage/best.pt",
      "sha256": "ae743a161809e9ceae976d118acf28d7bcc8972e37e4a19dcfb017c4a8614e75",
      "epoch": 3,
      "trainingTokens": 13221729
    },
    {
      "checkpoint": "/Users/arikko/Developer/vibecode/gpu-time-rewrite/training/runs/compact/last.pt",
      "sha256": "128022aa97bfda180c0d4fb77f450b8ae6f1881bbc835bfd14e54c27572ba75b",
      "epoch": 20,
      "trainingTokens": 88154751
    }
  ],
  "parameters": 24761,
  "quantizationBits": 6,
  "logicalPackedBytes": 18571,
  "encodedCharacters": 24761,
  "moduleBytes": 27054,
  "moduleGzipBytes": 17173,
  "moduleBrotliBytes": 15274,
  "labels": [
    "O",
    "NUM",
    "ORD",
    "UNIT",
    "DIR_BEFORE",
    "DIR_AFTER",
    "NOW",
    "REL_DAY",
    "DEICTIC",
    "WEEKDAY",
    "DAYGROUP",
    "MONTH",
    "DOM",
    "YEAR",
    "HOUR",
    "MINUTE",
    "SECOND",
    "MERIDIEM",
    "TIME_NAMED",
    "DAYPART",
    "RANGE_START",
    "RANGE_END",
    "RECUR",
    "FREQ",
    "TIMES",
    "BOUND_START",
    "BOUND_END",
    "COUNT",
    "DUR",
    "EXCEPT",
    "TZ",
    "HOLIDAY",
    "JOIN",
    "GLUE",
    "EDGE"
  ],
  "metrics": {
    "validation": {
      "tokens": 76927,
      "sequences": 10000,
      "tokenAccuracy": 0.9998960053037295,
      "exactLabelAndBoundarySequence": 0.9981,
      "boundaryPrecision": 1.0,
      "boundaryRecall": 0.9857299670691547,
      "boundaryF1": 0.9928137092316197,
      "boundaryCounts": {
        "truePositive": 898,
        "falsePositive": 0,
        "falseNegative": 13
      }
    },
    "heldout": {
      "tokens": 71821,
      "sequences": 10000,
      "tokenAccuracy": 0.961000264546581,
      "exactLabelAndBoundarySequence": 0.7357,
      "boundaryPrecision": 0.8151476251604621,
      "boundaryRecall": 1.0,
      "boundaryF1": 0.8981612446958982,
      "boundaryCounts": {
        "truePositive": 1270,
        "falsePositive": 288,
        "falseNegative": 0
      }
    }
  },
  "scope": "Exact decoded int6 weights, sequential CPU PyTorch inference reference with the recorded intermediate precision. Training uses the mathematically equivalent parallel affine scan. Browser parity and end-to-end schedule accuracy are separate gates.",
  "parity": {
    "prefix": "training/parity",
    "sequences": 512,
    "tokens": 6048,
    "rowsPerToken": 17,
    "rolesPerToken": 40,
    "boundaryThreshold": 5.0
  },
  "exportSourceDirectory": "training/exports/300b9675b9b5358eef403a60846f923176ec0693a990ec0a3720a403e2754341/source",
  "exportSourceHashes": {
    "training/export.py": "c24a6453e3c1304bc3d5cf25258b4149ea8a6bab2d01d7611051377d35f47aa1",
    "training/calibrate.py": "a36888bf0f01f8b92b56d35c9d2417276a6bd896666402513ec60362e8d4ab74",
    "training/model.py": "2d293439c4b256bf424ed09cc0523121752c5a455cd0640f308ab3730bd7cc43",
    "training/train.py": "265a263b18bea692265bd42b8a3839b2e59d713ae134c18f7ac20d8951da6bc3",
    "training/uv.lock": "e38fc9c47a173255a61427fa2aade8440a7f642a0e55a85ef1bba2ece4d0034f"
  }
}
