{
  "checkpoint": "training/runs/prose-context/best.pt",
  "checkpointSha256": "392735c97a79edca787c965d31a073a2996923fcc7800f391e692c01456015b4",
  "artifactSha256": "7dfb0c0a488e1f49e80f474a4e616aee4cc9772899fb553ae3c3e20accd89eaf",
  "boundaryThreshold": 5.0,
  "calibration": {
    "threshold": 5.0,
    "criterion": "Maximize the worst clause-boundary F1 across same-frame validation and reordered development data. Ties choose the lower threshold. These sets were already used for development and model selection; this is not test-set calibration.",
    "grid": [
      {
        "threshold": 0.0,
        "metrics": {
          "validation": {
            "f1": 0.9956289460903351,
            "truePositive": 1025,
            "falsePositive": 7,
            "falseNegative": 2
          },
          "heldoutDevelopment": {
            "f1": 0.7025710419485791,
            "truePositive": 1298,
            "falsePositive": 1099,
            "falseNegative": 0
          }
        }
      },
      {
        "threshold": 0.25,
        "metrics": {
          "validation": {
            "f1": 0.9970817120622568,
            "truePositive": 1025,
            "falsePositive": 4,
            "falseNegative": 2
          },
          "heldoutDevelopment": {
            "f1": 0.7063945578231292,
            "truePositive": 1298,
            "falsePositive": 1079,
            "falseNegative": 0
          }
        }
      },
      {
        "threshold": 0.5,
        "metrics": {
          "validation": {
            "f1": 0.9975669099756691,
            "truePositive": 1025,
            "falsePositive": 3,
            "falseNegative": 2
          },
          "heldoutDevelopment": {
            "f1": 0.7127951674903898,
            "truePositive": 1298,
            "falsePositive": 1046,
            "falseNegative": 0
          }
        }
      },
      {
        "threshold": 0.75,
        "metrics": {
          "validation": {
            "f1": 0.9980525803310614,
            "truePositive": 1025,
            "falsePositive": 2,
            "falseNegative": 2
          },
          "heldoutDevelopment": {
            "f1": 0.718118948824343,
            "truePositive": 1298,
            "falsePositive": 1019,
            "falseNegative": 0
          }
        }
      },
      {
        "threshold": 1.0,
        "metrics": {
          "validation": {
            "f1": 0.9985387238188017,
            "truePositive": 1025,
            "falsePositive": 1,
            "falseNegative": 2
          },
          "heldoutDevelopment": {
            "f1": 0.7235228539576366,
            "truePositive": 1298,
            "falsePositive": 992,
            "falseNegative": 0
          }
        }
      },
      {
        "threshold": 1.25,
        "metrics": {
          "validation": {
            "f1": 0.9985372988785958,
            "truePositive": 1024,
            "falsePositive": 0,
            "falseNegative": 3
          },
          "heldoutDevelopment": {
            "f1": 0.7296233839235525,
            "truePositive": 1298,
            "falsePositive": 962,
            "falseNegative": 0
          }
        }
      },
      {
        "threshold": 1.5,
        "metrics": {
          "validation": {
            "f1": 0.9985372988785958,
            "truePositive": 1024,
            "falsePositive": 0,
            "falseNegative": 3
          },
          "heldoutDevelopment": {
            "f1": 0.7383390216154722,
            "truePositive": 1298,
            "falsePositive": 920,
            "falseNegative": 0
          }
        }
      },
      {
        "threshold": 1.75,
        "metrics": {
          "validation": {
            "f1": 0.9985372988785958,
            "truePositive": 1024,
            "falsePositive": 0,
            "falseNegative": 3
          },
          "heldoutDevelopment": {
            "f1": 0.7476958525345622,
            "truePositive": 1298,
            "falsePositive": 876,
            "falseNegative": 0
          }
        }
      },
      {
        "threshold": 2.0,
        "metrics": {
          "validation": {
            "f1": 0.9985372988785958,
            "truePositive": 1024,
            "falsePositive": 0,
            "falseNegative": 3
          },
          "heldoutDevelopment": {
            "f1": 0.758177570093458,
            "truePositive": 1298,
            "falsePositive": 828,
            "falseNegative": 0
          }
        }
      },
      {
        "threshold": 2.25,
        "metrics": {
          "validation": {
            "f1": 0.9985372988785958,
            "truePositive": 1024,
            "falsePositive": 0,
            "falseNegative": 3
          },
          "heldoutDevelopment": {
            "f1": 0.7707838479809976,
            "truePositive": 1298,
            "falsePositive": 772,
            "falseNegative": 0
          }
        }
      },
      {
        "threshold": 2.5,
        "metrics": {
          "validation": {
            "f1": 0.9980487804878049,
            "truePositive": 1023,
            "falsePositive": 0,
            "falseNegative": 4
          },
          "heldoutDevelopment": {
            "f1": 0.7840531561461794,
            "truePositive": 1298,
            "falsePositive": 715,
            "falseNegative": 0
          }
        }
      },
      {
        "threshold": 2.75,
        "metrics": {
          "validation": {
            "f1": 0.9980487804878049,
            "truePositive": 1023,
            "falsePositive": 0,
            "falseNegative": 4
          },
          "heldoutDevelopment": {
            "f1": 0.7982779827798278,
            "truePositive": 1298,
            "falsePositive": 656,
            "falseNegative": 0
          }
        }
      },
      {
        "threshold": 3.0,
        "metrics": {
          "validation": {
            "f1": 0.9980487804878049,
            "truePositive": 1023,
            "falsePositive": 0,
            "falseNegative": 4
          },
          "heldoutDevelopment": {
            "f1": 0.8150706436420723,
            "truePositive": 1298,
            "falsePositive": 589,
            "falseNegative": 0
          }
        }
      },
      {
        "threshold": 3.25,
        "metrics": {
          "validation": {
            "f1": 0.997559785261103,
            "truePositive": 1022,
            "falsePositive": 0,
            "falseNegative": 5
          },
          "heldoutDevelopment": {
            "f1": 0.8291280740977324,
            "truePositive": 1298,
            "falsePositive": 535,
            "falseNegative": 0
          }
        }
      },
      {
        "threshold": 3.5,
        "metrics": {
          "validation": {
            "f1": 0.9970703125,
            "truePositive": 1021,
            "falsePositive": 0,
            "falseNegative": 6
          },
          "heldoutDevelopment": {
            "f1": 0.8486433474991827,
            "truePositive": 1298,
            "falsePositive": 463,
            "falseNegative": 0
          }
        }
      },
      {
        "threshold": 3.75,
        "metrics": {
          "validation": {
            "f1": 0.9955990220048899,
            "truePositive": 1018,
            "falsePositive": 0,
            "falseNegative": 9
          },
          "heldoutDevelopment": {
            "f1": 0.8670674682698731,
            "truePositive": 1298,
            "falsePositive": 398,
            "falseNegative": 0
          }
        }
      },
      {
        "threshold": 4.0,
        "metrics": {
          "validation": {
            "f1": 0.9955990220048899,
            "truePositive": 1018,
            "falsePositive": 0,
            "falseNegative": 9
          },
          "heldoutDevelopment": {
            "f1": 0.8844974446337308,
            "truePositive": 1298,
            "falsePositive": 339,
            "falseNegative": 0
          }
        }
      },
      {
        "threshold": 4.25,
        "metrics": {
          "validation": {
            "f1": 0.9946157611355849,
            "truePositive": 1016,
            "falsePositive": 0,
            "falseNegative": 11
          },
          "heldoutDevelopment": {
            "f1": 0.9023288147375739,
            "truePositive": 1298,
            "falsePositive": 281,
            "falseNegative": 0
          }
        }
      },
      {
        "threshold": 4.5,
        "metrics": {
          "validation": {
            "f1": 0.9936305732484076,
            "truePositive": 1014,
            "falsePositive": 0,
            "falseNegative": 13
          },
          "heldoutDevelopment": {
            "f1": 0.9182879377431906,
            "truePositive": 1298,
            "falsePositive": 231,
            "falseNegative": 0
          }
        }
      },
      {
        "threshold": 4.75,
        "metrics": {
          "validation": {
            "f1": 0.9926434526728789,
            "truePositive": 1012,
            "falsePositive": 0,
            "falseNegative": 15
          },
          "heldoutDevelopment": {
            "f1": 0.9341489744512415,
            "truePositive": 1298,
            "falsePositive": 183,
            "falseNegative": 0
          }
        }
      },
      {
        "threshold": 5.0,
        "metrics": {
          "validation": {
            "f1": 0.9916543937162494,
            "truePositive": 1010,
            "falsePositive": 0,
            "falseNegative": 17
          },
          "heldoutDevelopment": {
            "f1": 0.9491773308957953,
            "truePositive": 1298,
            "falsePositive": 139,
            "falseNegative": 0
          }
        }
      }
    ]
  },
  "epoch": 2,
  "tokensSeenAtCheckpoint": 177382749,
  "lineage": [
    {
      "checkpoint": "training/runs/prose-context/best.pt",
      "sha256": "392735c97a79edca787c965d31a073a2996923fcc7800f391e692c01456015b4",
      "epoch": 2,
      "trainingTokens": 8045096
    },
    {
      "checkpoint": "/Users/arikko/Developer/vibecode/gpu-time-rewrite/training/runs/timezone-free/best.pt",
      "sha256": "4abbe1eeb3f9218dbee317ca6339eec177bdcaef76b866639c4b05233bb952d4",
      "epoch": 1,
      "trainingTokens": 3889018
    },
    {
      "checkpoint": "/Users/arikko/Developer/vibecode/gpu-time-rewrite/training/runs/caller-timezone/best.pt",
      "sha256": "e3a7716f53059dc8a7eae876d1e324c4f6c84b29ce95a54929251cab7b7ca9da",
      "epoch": 2,
      "trainingTokens": 7803214
    },
    {
      "checkpoint": "/Users/arikko/Developer/vibecode/gpu-time-rewrite/training/runs/natural-grammar/best.pt",
      "sha256": "3192efb3f907073baa31ffadce4d3753fd36ddcb483474594a91c60ae6df2888",
      "epoch": 2,
      "trainingTokens": 7659498
    },
    {
      "checkpoint": "/Users/arikko/Developer/vibecode/gpu-time-rewrite/training/runs/timezone-grammar/best.pt",
      "sha256": "db532eb33cff44bbdde1c154b6c611ca70522abd04a160d415eb8dfe80d430c7",
      "epoch": 1,
      "trainingTokens": 3820163
    },
    {
      "checkpoint": "/Users/arikko/Developer/vibecode/gpu-time-rewrite/training/runs/range-grammar/best.pt",
      "sha256": "e8bbd55dfdad73a9c676af05b777fa3b619dbc577c0d8710f9e780f8383c49df",
      "epoch": 2,
      "trainingTokens": 7776685
    },
    {
      "checkpoint": "/Users/arikko/Developer/vibecode/gpu-time-rewrite/training/runs/written-time/best.pt",
      "sha256": "a251091c0350f83059e06396731b8922b5cb39e4d072299e264c5b3e3f46383a",
      "epoch": 1,
      "trainingTokens": 3886977
    },
    {
      "checkpoint": "/Users/arikko/Developer/vibecode/gpu-time-rewrite/training/runs/complete-grammar/best.pt",
      "sha256": "d6b126345206512308c29c6bccbd5cfb87c90d6c0d933549236163c80deaab38",
      "epoch": 1,
      "trainingTokens": 3873541
    },
    {
      "checkpoint": "/Users/arikko/Developer/vibecode/gpu-time-rewrite/training/runs/modifier-context/best.pt",
      "sha256": "7dbc03c567769b7caeff76e8023c61c1e1c9dd18c8f553f55858dd5a2f9d5ac6",
      "epoch": 1,
      "trainingTokens": 4210121
    },
    {
      "checkpoint": "/Users/arikko/Developer/vibecode/gpu-time-rewrite/training/runs/grammar-contrasts/best.pt",
      "sha256": "3ff0d3caa9c6d65fc5f3d3eed3b1ffb22fa7cdd1e2726326112369322c0afbdf",
      "epoch": 1,
      "trainingTokens": 4199340
    },
    {
      "checkpoint": "/Users/arikko/Developer/vibecode/gpu-time-rewrite/training/runs/grammar-context/best.pt",
      "sha256": "4663a3c890f380eee299611b0ea25158969051982bea9cd941d28b913bd2c8d0",
      "epoch": 2,
      "trainingTokens": 8305966
    },
    {
      "checkpoint": "/Users/arikko/Developer/vibecode/gpu-time-rewrite/training/runs/core-grammar/best.pt",
      "sha256": "32e745c07f07bd55fe36f562d73e7516ee69bce2b33a09935fc25fac4834e615",
      "epoch": 3,
      "trainingTokens": 12536650
    },
    {
      "checkpoint": "/Users/arikko/Developer/vibecode/gpu-time-rewrite/training/runs/grammar-coverage/best.pt",
      "sha256": "ae743a161809e9ceae976d118acf28d7bcc8972e37e4a19dcfb017c4a8614e75",
      "epoch": 3,
      "trainingTokens": 13221729
    },
    {
      "checkpoint": "/Users/arikko/Developer/vibecode/gpu-time-rewrite/training/runs/compact/last.pt",
      "sha256": "128022aa97bfda180c0d4fb77f450b8ae6f1881bbc835bfd14e54c27572ba75b",
      "epoch": 20,
      "trainingTokens": 88154751
    }
  ],
  "parameters": 24761,
  "quantizationBits": 6,
  "logicalPackedBytes": 18571,
  "encodedCharacters": 24761,
  "moduleBytes": 27048,
  "moduleGzipBytes": 16979,
  "moduleBrotliBytes": 15093,
  "labels": [
    "O",
    "NUM",
    "ORD",
    "UNIT",
    "DIR_BEFORE",
    "DIR_AFTER",
    "NOW",
    "REL_DAY",
    "DEICTIC",
    "WEEKDAY",
    "DAYGROUP",
    "MONTH",
    "DOM",
    "YEAR",
    "HOUR",
    "MINUTE",
    "SECOND",
    "MERIDIEM",
    "TIME_NAMED",
    "DAYPART",
    "RANGE_START",
    "RANGE_END",
    "RECUR",
    "FREQ",
    "TIMES",
    "BOUND_START",
    "BOUND_END",
    "COUNT",
    "DUR",
    "EXCEPT",
    "HOLIDAY",
    "JOIN",
    "GLUE",
    "EDGE"
  ],
  "metrics": {
    "validation": {
      "tokens": 80287,
      "sequences": 10000,
      "tokenAccuracy": 0.9991654937910247,
      "exactLabelAndBoundarySequence": 0.992,
      "boundaryPrecision": 1.0,
      "boundaryRecall": 0.9834469328140214,
      "boundaryF1": 0.9916543937162494,
      "boundaryCounts": {
        "truePositive": 1010,
        "falsePositive": 0,
        "falseNegative": 17
      }
    },
    "heldout": {
      "tokens": 71630,
      "sequences": 10000,
      "tokenAccuracy": 0.9679603518079017,
      "exactLabelAndBoundarySequence": 0.8248,
      "boundaryPrecision": 0.9032707028531664,
      "boundaryRecall": 1.0,
      "boundaryF1": 0.9491773308957953,
      "boundaryCounts": {
        "truePositive": 1298,
        "falsePositive": 139,
        "falseNegative": 0
      }
    }
  },
  "scope": "Exact decoded int6 weights, sequential CPU PyTorch inference reference with the recorded intermediate precision. Training uses the mathematically equivalent parallel affine scan. Browser parity and end-to-end schedule accuracy are separate gates.",
  "parity": {
    "prefix": "training/parity",
    "sequences": 512,
    "tokens": 6002,
    "rowsPerToken": 17,
    "rolesPerToken": 40,
    "boundaryThreshold": 5.0
  },
  "exportSourceDirectory": "training/exports/7dfb0c0a488e1f49e80f474a4e616aee4cc9772899fb553ae3c3e20accd89eaf/source",
  "exportSourceHashes": {
    "training/export.py": "c24a6453e3c1304bc3d5cf25258b4149ea8a6bab2d01d7611051377d35f47aa1",
    "training/calibrate.py": "a36888bf0f01f8b92b56d35c9d2417276a6bd896666402513ec60362e8d4ab74",
    "training/model.py": "2d293439c4b256bf424ed09cc0523121752c5a455cd0640f308ab3730bd7cc43",
    "training/train.py": "8a197e6ff4d5af0ba3fe1a7a7cf65b8ed697a3cd213489d66648aeb8b44241f3",
    "training/uv.lock": "e38fc9c47a173255a61427fa2aade8440a7f642a0e55a85ef1bba2ece4d0034f"
  }
}
