{"stage": "preparing-data", "run": "compositional", "device": "mps", "samplesPerEpoch": 300000}
{"epoch": 1, "batch": 1, "batches": 295, "loss": 4.001138210296631, "qat": false, "tokensSeen": 12735}
{"epoch": 1, "batch": 51, "batches": 295, "loss": 3.863978385925293, "qat": false, "tokensSeen": 718568}
{"epoch": 1, "batch": 101, "batches": 295, "loss": 3.1480302810668945, "qat": false, "tokensSeen": 1417671}
{"epoch": 1, "batch": 151, "batches": 295, "loss": 2.643378257751465, "qat": false, "tokensSeen": 2152146}
{"epoch": 1, "batch": 201, "batches": 295, "loss": 1.8453073501586914, "qat": false, "tokensSeen": 2848423}
{"epoch": 1, "batch": 251, "batches": 295, "loss": 1.0951606035232544, "qat": false, "tokensSeen": 3591780}
{"epoch": 1, "loss": 2.25960373878479, "seconds": 6.3991641250031535, "qat": false, "trainingSeed": "/Users/arikko/Developer/vibecode/gpu-time-rewrite/data/synth/compositional/train.jsonl", "trainingTokens": 4218313, "validation": {"tokens": 89318, "sequences": 10000, "tokenAccuracy": 0.9513423945901163, "exactLabelAndBoundarySequence": 0.6378, "boundaryPrecision": 0.6697429136453527, "boundaryRecall": 0.7405247813411079, "boundaryF1": 0.7033575631706472, "boundaryCounts": {"truePositive": 1016, "falsePositive": 501, "falseNegative": 356}}, "heldout": {"tokens": 71821, "sequences": 10000, "tokenAccuracy": 0.891814371841105, "exactLabelAndBoundarySequence": 0.4544, "boundaryPrecision": 0.6726694915254238, "boundaryRecall": 1.0, "boundaryF1": 0.8043065231158961, "boundaryCounts": {"truePositive": 1270, "falsePositive": 618, "falseNegative": 0}}}
{"epoch": 2, "batch": 1, "batches": 295, "loss": 0.6580154299736023, "qat": false, "tokensSeen": 4231223}
{"epoch": 2, "batch": 51, "batches": 295, "loss": 0.5888382792472839, "qat": false, "tokensSeen": 4927630}
{"epoch": 2, "batch": 101, "batches": 295, "loss": 0.509060263633728, "qat": false, "tokensSeen": 5630824}
{"epoch": 2, "batch": 151, "batches": 295, "loss": 0.47596144676208496, "qat": false, "tokensSeen": 6329135}
{"epoch": 2, "batch": 201, "batches": 295, "loss": 0.4545172452926636, "qat": false, "tokensSeen": 7061332}
{"epoch": 2, "batch": 251, "batches": 295, "loss": 0.44060665369033813, "qat": false, "tokensSeen": 7774475}
{"epoch": 2, "loss": 0.4846353828907013, "seconds": 5.3972486249986105, "qat": false, "trainingSeed": "/Users/arikko/Developer/vibecode/gpu-time-rewrite/data/synth/compositional/train.jsonl", "trainingTokens": 4212407, "validation": {"tokens": 89318, "sequences": 10000, "tokenAccuracy": 0.9965404509729282, "exactLabelAndBoundarySequence": 0.9111, "boundaryPrecision": 0.5584362139917696, "boundaryRecall": 0.989067055393586, "boundaryF1": 0.7138348237769594, "boundaryCounts": {"truePositive": 1357, "falsePositive": 1073, "falseNegative": 15}}, "heldout": {"tokens": 71821, "sequences": 10000, "tokenAccuracy": 0.9586471923253644, "exactLabelAndBoundarySequence": 0.7693, "boundaryPrecision": 0.7075208913649025, "boundaryRecall": 1.0, "boundaryF1": 0.8287112561174551, "boundaryCounts": {"truePositive": 1270, "falsePositive": 525, "falseNegative": 0}}}
{"epoch": 3, "batch": 1, "batches": 295, "loss": 0.42328953742980957, "qat": false, "tokensSeen": 8443686}
{"epoch": 3, "batch": 51, "batches": 295, "loss": 0.4193626344203949, "qat": false, "tokensSeen": 9087715}
{"epoch": 3, "batch": 101, "batches": 295, "loss": 0.4152982234954834, "qat": false, "tokensSeen": 9821840}
{"epoch": 3, "batch": 151, "batches": 295, "loss": 0.4092986285686493, "qat": false, "tokensSeen": 10561327}
{"epoch": 3, "batch": 201, "batches": 295, "loss": 0.40529319643974304, "qat": false, "tokensSeen": 11325212}
{"epoch": 3, "batch": 251, "batches": 295, "loss": 0.40032151341438293, "qat": false, "tokensSeen": 12022327}
{"epoch": 3, "loss": 0.40807509422302246, "seconds": 5.582067707997339, "qat": false, "trainingSeed": "/Users/arikko/Developer/vibecode/gpu-time-rewrite/data/synth/compositional/train.jsonl", "trainingTokens": 4210639, "validation": {"tokens": 89318, "sequences": 10000, "tokenAccuracy": 0.9987348574755368, "exactLabelAndBoundarySequence": 0.9808, "boundaryPrecision": 0.9294037011651817, "boundaryRecall": 0.9883381924198251, "boundaryF1": 0.9579653832567997, "boundaryCounts": {"truePositive": 1356, "falsePositive": 103, "falseNegative": 16}}, "heldout": {"tokens": 71821, "sequences": 10000, "tokenAccuracy": 0.9597471491625013, "exactLabelAndBoundarySequence": 0.8032, "boundaryPrecision": 0.9019886363636364, "boundaryRecall": 1.0, "boundaryF1": 0.948469006721434, "boundaryCounts": {"truePositive": 1270, "falsePositive": 138, "falseNegative": 0}}}
{"epoch": 4, "batch": 1, "batches": 295, "loss": 0.3950713872909546, "qat": false, "tokensSeen": 12654549}
{"epoch": 4, "batch": 51, "batches": 295, "loss": 0.39516615867614746, "qat": false, "tokensSeen": 13390272}
{"epoch": 4, "batch": 101, "batches": 295, "loss": 0.39259856939315796, "qat": false, "tokensSeen": 14065074}
{"epoch": 4, "batch": 151, "batches": 295, "loss": 0.3911840319633484, "qat": false, "tokensSeen": 14799936}
{"epoch": 4, "batch": 201, "batches": 295, "loss": 0.3894858658313751, "qat": false, "tokensSeen": 15558833}
{"epoch": 4, "batch": 251, "batches": 295, "loss": 0.387931227684021, "qat": false, "tokensSeen": 16204881}
{"epoch": 4, "loss": 0.3908117115497589, "seconds": 5.624005915997259, "qat": false, "trainingSeed": "/Users/arikko/Developer/vibecode/gpu-time-rewrite/data/synth/compositional/train.jsonl", "trainingTokens": 4214185, "validation": {"tokens": 89318, "sequences": 10000, "tokenAccuracy": 0.9995073781320675, "exactLabelAndBoundarySequence": 0.9883, "boundaryPrecision": 0.9453665283540802, "boundaryRecall": 0.9963556851311953, "boundaryF1": 0.9701916252661462, "boundaryCounts": {"truePositive": 1367, "falsePositive": 79, "falseNegative": 5}}, "heldout": {"tokens": 71821, "sequences": 10000, "tokenAccuracy": 0.9664025842023921, "exactLabelAndBoundarySequence": 0.8426, "boundaryPrecision": 0.9000708717221828, "boundaryRecall": 1.0, "boundaryF1": 0.9474076837001119, "boundaryCounts": {"truePositive": 1270, "falsePositive": 141, "falseNegative": 0}}}
{"epoch": 5, "batch": 1, "batches": 295, "loss": 0.3862261474132538, "qat": false, "tokensSeen": 16868423}
{"epoch": 5, "batch": 51, "batches": 295, "loss": 0.38591134548187256, "qat": false, "tokensSeen": 17541337}
{"epoch": 5, "batch": 101, "batches": 295, "loss": 0.38494670391082764, "qat": false, "tokensSeen": 18215460}
{"epoch": 5, "batch": 151, "batches": 295, "loss": 0.3849199712276459, "qat": false, "tokensSeen": 18917043}
{"epoch": 5, "batch": 201, "batches": 295, "loss": 0.383934885263443, "qat": false, "tokensSeen": 19636115}
{"epoch": 5, "batch": 251, "batches": 295, "loss": 0.38378316164016724, "qat": false, "tokensSeen": 20467675}
{"epoch": 5, "loss": 0.3843844532966614, "seconds": 5.695102792000398, "qat": false, "trainingSeed": "/Users/arikko/Developer/vibecode/gpu-time-rewrite/data/synth/compositional/train.jsonl", "trainingTokens": 4208507, "validation": {"tokens": 89318, "sequences": 10000, "tokenAccuracy": 0.9993730267135403, "exactLabelAndBoundarySequence": 0.9908, "boundaryPrecision": 0.9736654804270463, "boundaryRecall": 0.9970845481049563, "boundaryF1": 0.9852358660424918, "boundaryCounts": {"truePositive": 1368, "falsePositive": 37, "falseNegative": 4}}, "heldout": {"tokens": 71821, "sequences": 10000, "tokenAccuracy": 0.9654697094164659, "exactLabelAndBoundarySequence": 0.8144, "boundaryPrecision": 0.8686730506155951, "boundaryRecall": 1.0, "boundaryF1": 0.9297218155197657, "boundaryCounts": {"truePositive": 1270, "falsePositive": 192, "falseNegative": 0}}}
{"epoch": 6, "batch": 1, "batches": 295, "loss": 0.38343751430511475, "qat": false, "tokensSeen": 21076829}
{"epoch": 6, "batch": 51, "batches": 295, "loss": 0.38226819038391113, "qat": false, "tokensSeen": 21809553}
{"epoch": 6, "batch": 101, "batches": 295, "loss": 0.3815372586250305, "qat": false, "tokensSeen": 22484128}
{"epoch": 6, "batch": 151, "batches": 295, "loss": 0.3810540437698364, "qat": false, "tokensSeen": 23124440}
{"epoch": 6, "batch": 201, "batches": 295, "loss": 0.3812505006790161, "qat": false, "tokensSeen": 23918092}
{"epoch": 6, "batch": 251, "batches": 295, "loss": 0.3807406723499298, "qat": false, "tokensSeen": 24645726}
{"epoch": 6, "loss": 0.38121384382247925, "seconds": 5.4249730840019765, "qat": false, "trainingSeed": "/Users/arikko/Developer/vibecode/gpu-time-rewrite/data/synth/compositional/train.jsonl", "trainingTokens": 4207896, "validation": {"tokens": 89318, "sequences": 10000, "tokenAccuracy": 0.9995409659866992, "exactLabelAndBoundarySequence": 0.9932, "boundaryPrecision": 0.9751066856330014, "boundaryRecall": 0.999271137026239, "boundaryF1": 0.9870410367170627, "boundaryCounts": {"truePositive": 1371, "falsePositive": 35, "falseNegative": 1}}, "heldout": {"tokens": 71821, "sequences": 10000, "tokenAccuracy": 0.9614179696746077, "exactLabelAndBoundarySequence": 0.7964, "boundaryPrecision": 0.8172458172458172, "boundaryRecall": 1.0, "boundaryF1": 0.8994334277620396, "boundaryCounts": {"truePositive": 1270, "falsePositive": 284, "falseNegative": 0}}}
{"epoch": 7, "batch": 1, "batches": 295, "loss": 0.380965918302536, "qat": false, "tokensSeen": 25284673}
{"epoch": 7, "batch": 51, "batches": 295, "loss": 0.38002297282218933, "qat": false, "tokensSeen": 25956956}
{"epoch": 7, "batch": 101, "batches": 295, "loss": 0.3798277974128723, "qat": false, "tokensSeen": 26644011}
{"epoch": 7, "batch": 151, "batches": 295, "loss": 0.3794649839401245, "qat": false, "tokensSeen": 27378119}
{"epoch": 7, "batch": 201, "batches": 295, "loss": 0.37967726588249207, "qat": false, "tokensSeen": 28171712}
{"epoch": 7, "batch": 251, "batches": 295, "loss": 0.3791627585887909, "qat": false, "tokensSeen": 28833285}
{"epoch": 7, "loss": 0.3795233964920044, "seconds": 5.834740916005103, "qat": false, "trainingSeed": "/Users/arikko/Developer/vibecode/gpu-time-rewrite/data/synth/compositional/train.jsonl", "trainingTokens": 4212063, "validation": {"tokens": 89318, "sequences": 10000, "tokenAccuracy": 0.9996753174052263, "exactLabelAndBoundarySequence": 0.9942, "boundaryPrecision": 0.9771754636233951, "boundaryRecall": 0.9985422740524781, "boundaryF1": 0.9877433309300648, "boundaryCounts": {"truePositive": 1370, "falsePositive": 32, "falseNegative": 2}}, "heldout": {"tokens": 71821, "sequences": 10000, "tokenAccuracy": 0.959816766683839, "exactLabelAndBoundarySequence": 0.8058, "boundaryPrecision": 0.8198837959974177, "boundaryRecall": 1.0, "boundaryF1": 0.9010287335934729, "boundaryCounts": {"truePositive": 1270, "falsePositive": 279, "falseNegative": 0}}}
{"epoch": 8, "batch": 1, "batches": 295, "loss": 0.37818682193756104, "qat": false, "tokensSeen": 29496951}
{"epoch": 8, "batch": 51, "batches": 295, "loss": 0.3786521255970001, "qat": false, "tokensSeen": 30201107}
{"epoch": 8, "batch": 101, "batches": 295, "loss": 0.3785465359687805, "qat": false, "tokensSeen": 30839444}
{"epoch": 8, "batch": 151, "batches": 295, "loss": 0.37832528352737427, "qat": false, "tokensSeen": 31597689}
{"epoch": 8, "batch": 201, "batches": 295, "loss": 0.3782305121421814, "qat": false, "tokensSeen": 32391133}
{"epoch": 8, "batch": 251, "batches": 295, "loss": 0.37780192494392395, "qat": false, "tokensSeen": 33095439}
{"epoch": 8, "loss": 0.3782040476799011, "seconds": 5.350087624996377, "qat": false, "trainingSeed": "/Users/arikko/Developer/vibecode/gpu-time-rewrite/data/synth/compositional/train.jsonl", "trainingTokens": 4206430, "validation": {"tokens": 89318, "sequences": 10000, "tokenAccuracy": 0.9996865133567702, "exactLabelAndBoundarySequence": 0.9952, "boundaryPrecision": 0.9849137931034483, "boundaryRecall": 0.999271137026239, "boundaryF1": 0.992040520984081, "boundaryCounts": {"truePositive": 1371, "falsePositive": 21, "falseNegative": 1}}, "heldout": {"tokens": 71821, "sequences": 10000, "tokenAccuracy": 0.9592737500174043, "exactLabelAndBoundarySequence": 0.7985, "boundaryPrecision": 0.836627140974967, "boundaryRecall": 1.0, "boundaryF1": 0.9110473457675753, "boundaryCounts": {"truePositive": 1270, "falsePositive": 248, "falseNegative": 0}}}
{"epoch": 9, "batch": 1, "batches": 295, "loss": 0.37763506174087524, "qat": false, "tokensSeen": 33703588}
{"epoch": 9, "batch": 51, "batches": 295, "loss": 0.377599835395813, "qat": false, "tokensSeen": 34460999}
{"epoch": 9, "batch": 101, "batches": 295, "loss": 0.37750792503356934, "qat": false, "tokensSeen": 35197645}
{"epoch": 9, "batch": 151, "batches": 295, "loss": 0.377216100692749, "qat": false, "tokensSeen": 35840447}
{"epoch": 9, "batch": 201, "batches": 295, "loss": 0.3772543966770172, "qat": false, "tokensSeen": 36570162}
{"epoch": 9, "batch": 251, "batches": 295, "loss": 0.3771401345729828, "qat": false, "tokensSeen": 37272483}
{"epoch": 9, "loss": 0.3772978186607361, "seconds": 5.340090500001679, "qat": false, "trainingSeed": "/Users/arikko/Developer/vibecode/gpu-time-rewrite/data/synth/compositional/train.jsonl", "trainingTokens": 4209830, "validation": {"tokens": 89318, "sequences": 10000, "tokenAccuracy": 0.9996753174052263, "exactLabelAndBoundarySequence": 0.9933, "boundaryPrecision": 0.9709837225760792, "boundaryRecall": 1.0, "boundaryF1": 0.985278276481149, "boundaryCounts": {"truePositive": 1372, "falsePositive": 41, "falseNegative": 0}}, "heldout": {"tokens": 71821, "sequences": 10000, "tokenAccuracy": 0.9611673465977917, "exactLabelAndBoundarySequence": 0.8018, "boundaryPrecision": 0.8063492063492064, "boundaryRecall": 1.0, "boundaryF1": 0.8927943760984183, "boundaryCounts": {"truePositive": 1270, "falsePositive": 305, "falseNegative": 0}}}
{"epoch": 10, "batch": 1, "batches": 295, "loss": 0.3770897686481476, "qat": false, "tokensSeen": 37913171}
{"epoch": 10, "batch": 51, "batches": 295, "loss": 0.3768741190433502, "qat": false, "tokensSeen": 38587235}
{"epoch": 10, "batch": 101, "batches": 295, "loss": 0.3768000304698944, "qat": false, "tokensSeen": 39317189}
{"epoch": 10, "batch": 151, "batches": 295, "loss": 0.37672024965286255, "qat": false, "tokensSeen": 39957782}
{"epoch": 10, "batch": 201, "batches": 295, "loss": 0.37661877274513245, "qat": false, "tokensSeen": 40720556}
{"epoch": 10, "batch": 251, "batches": 295, "loss": 0.3766492009162903, "qat": false, "tokensSeen": 41493793}
{"epoch": 10, "loss": 0.37669530510902405, "seconds": 5.592585874997894, "qat": false, "trainingSeed": "/Users/arikko/Developer/vibecode/gpu-time-rewrite/data/synth/compositional/train.jsonl", "trainingTokens": 4212758, "validation": {"tokens": 89318, "sequences": 10000, "tokenAccuracy": 0.9996753174052263, "exactLabelAndBoundarySequence": 0.9954, "boundaryPrecision": 0.9912980420594634, "boundaryRecall": 0.9963556851311953, "boundaryF1": 0.9938204289349327, "boundaryCounts": {"truePositive": 1367, "falsePositive": 12, "falseNegative": 5}}, "heldout": {"tokens": 71821, "sequences": 10000, "tokenAccuracy": 0.9625179265117445, "exactLabelAndBoundarySequence": 0.8014, "boundaryPrecision": 0.8710562414266118, "boundaryRecall": 1.0, "boundaryF1": 0.9310850439882697, "boundaryCounts": {"truePositive": 1270, "falsePositive": 188, "falseNegative": 0}}}
{"epoch": 11, "batch": 1, "batches": 295, "loss": 0.3761155605316162, "qat": false, "tokensSeen": 42125880}
{"epoch": 11, "batch": 51, "batches": 295, "loss": 0.3764452040195465, "qat": false, "tokensSeen": 42826984}
{"epoch": 11, "batch": 101, "batches": 295, "loss": 0.3762896656990051, "qat": false, "tokensSeen": 43499136}
{"epoch": 11, "batch": 151, "batches": 295, "loss": 0.3762284815311432, "qat": false, "tokensSeen": 44145322}
{"epoch": 11, "batch": 201, "batches": 295, "loss": 0.37619709968566895, "qat": false, "tokensSeen": 44911340}
{"epoch": 11, "batch": 251, "batches": 295, "loss": 0.3762490749359131, "qat": false, "tokensSeen": 45711054}
{"epoch": 11, "loss": 0.3762597441673279, "seconds": 6.247043208000832, "qat": false, "trainingSeed": "/Users/arikko/Developer/vibecode/gpu-time-rewrite/data/synth/compositional/train.jsonl", "trainingTokens": 4222812, "validation": {"tokens": 89318, "sequences": 10000, "tokenAccuracy": 0.9996417295505945, "exactLabelAndBoundarySequence": 0.996, "boundaryPrecision": 0.9942028985507246, "boundaryRecall": 1.0, "boundaryF1": 0.9970930232558141, "boundaryCounts": {"truePositive": 1372, "falsePositive": 8, "falseNegative": 0}}, "heldout": {"tokens": 71821, "sequences": 10000, "tokenAccuracy": 0.9647874577073557, "exactLabelAndBoundarySequence": 0.806, "boundaryPrecision": 0.8844011142061281, "boundaryRecall": 1.0, "boundaryF1": 0.9386548410938654, "boundaryCounts": {"truePositive": 1270, "falsePositive": 166, "falseNegative": 0}}}
{"epoch": 12, "batch": 1, "batches": 295, "loss": 0.3764805793762207, "qat": false, "tokensSeen": 46348772}
{"epoch": 12, "batch": 51, "batches": 295, "loss": 0.3760009706020355, "qat": false, "tokensSeen": 47049107}
{"epoch": 12, "batch": 101, "batches": 295, "loss": 0.37598878145217896, "qat": false, "tokensSeen": 47785500}
{"epoch": 12, "batch": 151, "batches": 295, "loss": 0.37597793340682983, "qat": false, "tokensSeen": 48516901}
{"epoch": 12, "batch": 201, "batches": 295, "loss": 0.3758505880832672, "qat": false, "tokensSeen": 49179775}
{"epoch": 12, "batch": 251, "batches": 295, "loss": 0.375824511051178, "qat": false, "tokensSeen": 49892600}
{"epoch": 12, "loss": 0.37591665983200073, "seconds": 8.272568041997147, "qat": false, "trainingSeed": "/Users/arikko/Developer/vibecode/gpu-time-rewrite/data/synth/compositional/train.jsonl", "trainingTokens": 4209183, "validation": {"tokens": 89318, "sequences": 10000, "tokenAccuracy": 0.9997648850175777, "exactLabelAndBoundarySequence": 0.9967, "boundaryPrecision": 0.9913294797687862, "boundaryRecall": 1.0, "boundaryF1": 0.9956458635703919, "boundaryCounts": {"truePositive": 1372, "falsePositive": 12, "falseNegative": 0}}, "heldout": {"tokens": 71821, "sequences": 10000, "tokenAccuracy": 0.9639520474513026, "exactLabelAndBoundarySequence": 0.7892, "boundaryPrecision": 0.836627140974967, "boundaryRecall": 1.0, "boundaryF1": 0.9110473457675753, "boundaryCounts": {"truePositive": 1270, "falsePositive": 248, "falseNegative": 0}}}
{"epoch": 13, "batch": 1, "batches": 295, "loss": 0.3761567175388336, "qat": false, "tokensSeen": 50557460}
{"epoch": 13, "batch": 51, "batches": 295, "loss": 0.3756166100502014, "qat": false, "tokensSeen": 51230746}
{"epoch": 13, "batch": 101, "batches": 295, "loss": 0.3757118582725525, "qat": false, "tokensSeen": 51965859}
{"epoch": 13, "batch": 151, "batches": 295, "loss": 0.3756781816482544, "qat": false, "tokensSeen": 52731657}
{"epoch": 13, "batch": 201, "batches": 295, "loss": 0.37553292512893677, "qat": false, "tokensSeen": 53406282}
{"epoch": 13, "batch": 251, "batches": 295, "loss": 0.3755286931991577, "qat": false, "tokensSeen": 54102668}
{"epoch": 13, "loss": 0.37559935450553894, "seconds": 10.234298041003058, "qat": false, "trainingSeed": "/Users/arikko/Developer/vibecode/gpu-time-rewrite/data/synth/compositional/train.jsonl", "trainingTokens": 4221353, "validation": {"tokens": 89318, "sequences": 10000, "tokenAccuracy": 0.9997760809691215, "exactLabelAndBoundarySequence": 0.997, "boundaryPrecision": 0.9927641099855282, "boundaryRecall": 1.0, "boundaryF1": 0.9963689179375453, "boundaryCounts": {"truePositive": 1372, "falsePositive": 10, "falseNegative": 0}}, "heldout": {"tokens": 71821, "sequences": 10000, "tokenAccuracy": 0.9650241572799042, "exactLabelAndBoundarySequence": 0.8021, "boundaryPrecision": 0.8968926553672316, "boundaryRecall": 1.0, "boundaryF1": 0.9456440804169769, "boundaryCounts": {"truePositive": 1270, "falsePositive": 146, "falseNegative": 0}}}
{"epoch": 14, "batch": 1, "batches": 295, "loss": 0.37588736414909363, "qat": false, "tokensSeen": 54778834}
{"epoch": 14, "batch": 51, "batches": 295, "loss": 0.37544548511505127, "qat": false, "tokensSeen": 55450654}
{"epoch": 14, "batch": 101, "batches": 295, "loss": 0.3754524290561676, "qat": false, "tokensSeen": 56183768}
{"epoch": 14, "batch": 151, "batches": 295, "loss": 0.37541961669921875, "qat": false, "tokensSeen": 56857673}
{"epoch": 14, "batch": 201, "batches": 295, "loss": 0.37543293833732605, "qat": false, "tokensSeen": 57652020}
{"epoch": 14, "batch": 251, "batches": 295, "loss": 0.3754047751426697, "qat": false, "tokensSeen": 58357256}
{"epoch": 14, "loss": 0.3754076063632965, "seconds": 9.878548583001248, "qat": false, "trainingSeed": "/Users/arikko/Developer/vibecode/gpu-time-rewrite/data/synth/compositional/train.jsonl", "trainingTokens": 4216188, "validation": {"tokens": 89318, "sequences": 10000, "tokenAccuracy": 0.999708905259858, "exactLabelAndBoundarySequence": 0.997, "boundaryPrecision": 0.9985422740524781, "boundaryRecall": 0.9985422740524781, "boundaryF1": 0.9985422740524781, "boundaryCounts": {"truePositive": 1370, "falsePositive": 2, "falseNegative": 2}}, "heldout": {"tokens": 71821, "sequences": 10000, "tokenAccuracy": 0.9660266495871681, "exactLabelAndBoundarySequence": 0.8131, "boundaryPrecision": 0.920957215373459, "boundaryRecall": 1.0, "boundaryF1": 0.9588523971309928, "boundaryCounts": {"truePositive": 1270, "falsePositive": 109, "falseNegative": 0}}}
{"epoch": 15, "batch": 1, "batches": 295, "loss": 0.3769763708114624, "qat": true, "tokensSeen": 58995209}
{"epoch": 15, "batch": 51, "batches": 295, "loss": 0.37583115696907043, "qat": true, "tokensSeen": 59699929}
{"epoch": 15, "batch": 101, "batches": 295, "loss": 0.3756498098373413, "qat": true, "tokensSeen": 60403074}
{"epoch": 15, "batch": 151, "batches": 295, "loss": 0.37561362981796265, "qat": true, "tokensSeen": 61166730}
{"epoch": 15, "batch": 201, "batches": 295, "loss": 0.3755190968513489, "qat": true, "tokensSeen": 61910577}
{"epoch": 15, "batch": 251, "batches": 295, "loss": 0.37543991208076477, "qat": true, "tokensSeen": 62600789}
{"epoch": 15, "loss": 0.37559396028518677, "seconds": 8.262810667001759, "qat": true, "trainingSeed": "/Users/arikko/Developer/vibecode/gpu-time-rewrite/data/synth/compositional/train.jsonl", "trainingTokens": 4212430, "validation": {"tokens": 89318, "sequences": 10000, "tokenAccuracy": 0.9998208647752973, "exactLabelAndBoundarySequence": 0.9964, "boundaryPrecision": 0.9849246231155779, "boundaryRecall": 1.0, "boundaryF1": 0.9924050632911393, "boundaryCounts": {"truePositive": 1372, "falsePositive": 21, "falseNegative": 0}}, "heldout": {"tokens": 71821, "sequences": 10000, "tokenAccuracy": 0.9537461188231854, "exactLabelAndBoundarySequence": 0.7767, "boundaryPrecision": 0.7353792704111175, "boundaryRecall": 1.0, "boundaryF1": 0.8475141808475142, "boundaryCounts": {"truePositive": 1270, "falsePositive": 457, "falseNegative": 0}}}
{"epoch": 16, "batch": 1, "batches": 295, "loss": 0.37539204955101013, "qat": true, "tokensSeen": 63207898}
{"epoch": 16, "batch": 51, "batches": 295, "loss": 0.3754836320877075, "qat": true, "tokensSeen": 63913452}
{"epoch": 16, "batch": 101, "batches": 295, "loss": 0.3755984604358673, "qat": true, "tokensSeen": 64594999}
{"epoch": 16, "batch": 151, "batches": 295, "loss": 0.37562865018844604, "qat": true, "tokensSeen": 65269603}
{"epoch": 16, "batch": 201, "batches": 295, "loss": 0.3755474090576172, "qat": true, "tokensSeen": 66004991}
{"epoch": 16, "batch": 251, "batches": 295, "loss": 0.3754534125328064, "qat": true, "tokensSeen": 66768532}
{"epoch": 16, "loss": 0.37553608417510986, "seconds": 7.046316749998368, "qat": true, "trainingSeed": "/Users/arikko/Developer/vibecode/gpu-time-rewrite/data/synth/compositional/train.jsonl", "trainingTokens": 4222447, "validation": {"tokens": 89318, "sequences": 10000, "tokenAccuracy": 0.9997984728722094, "exactLabelAndBoundarySequence": 0.9978, "boundaryPrecision": 0.997093023255814, "boundaryRecall": 1.0, "boundaryF1": 0.9985443959243085, "boundaryCounts": {"truePositive": 1372, "falsePositive": 4, "falseNegative": 0}}, "heldout": {"tokens": 71821, "sequences": 10000, "tokenAccuracy": 0.9604015538630762, "exactLabelAndBoundarySequence": 0.7785, "boundaryPrecision": 0.7470588235294118, "boundaryRecall": 1.0, "boundaryF1": 0.8552188552188552, "boundaryCounts": {"truePositive": 1270, "falsePositive": 430, "falseNegative": 0}}}
{"epoch": 17, "batch": 1, "batches": 295, "loss": 0.37485286593437195, "qat": true, "tokensSeen": 67430186}
{"epoch": 17, "batch": 51, "batches": 295, "loss": 0.3753524422645569, "qat": true, "tokensSeen": 68139694}
{"epoch": 17, "batch": 101, "batches": 295, "loss": 0.3753240704536438, "qat": true, "tokensSeen": 68877624}
{"epoch": 17, "batch": 151, "batches": 295, "loss": 0.3753887116909027, "qat": true, "tokensSeen": 69568240}
{"epoch": 17, "batch": 201, "batches": 295, "loss": 0.3752245008945465, "qat": true, "tokensSeen": 70300875}
{"epoch": 17, "batch": 251, "batches": 295, "loss": 0.3752860128879547, "qat": true, "tokensSeen": 71066077}
{"epoch": 17, "loss": 0.3753129243850708, "seconds": 6.141620500005956, "qat": true, "trainingSeed": "/Users/arikko/Developer/vibecode/gpu-time-rewrite/data/synth/compositional/train.jsonl", "trainingTokens": 4214642, "validation": {"tokens": 89318, "sequences": 10000, "tokenAccuracy": 0.9998320607268412, "exactLabelAndBoundarySequence": 0.9974, "boundaryPrecision": 0.9920462762111352, "boundaryRecall": 1.0, "boundaryF1": 0.9960072595281307, "boundaryCounts": {"truePositive": 1372, "falsePositive": 11, "falseNegative": 0}}, "heldout": {"tokens": 71821, "sequences": 10000, "tokenAccuracy": 0.9584522632656187, "exactLabelAndBoundarySequence": 0.7872, "boundaryPrecision": 0.8188265635074146, "boundaryRecall": 1.0, "boundaryF1": 0.9003899326479972, "boundaryCounts": {"truePositive": 1270, "falsePositive": 281, "falseNegative": 0}}}
{"epoch": 18, "batch": 1, "batches": 295, "loss": 0.3751767575740814, "qat": true, "tokensSeen": 71644801}
{"epoch": 18, "batch": 51, "batches": 295, "loss": 0.37510430812835693, "qat": true, "tokensSeen": 72304773}
{"epoch": 18, "batch": 101, "batches": 295, "loss": 0.37523353099823, "qat": true, "tokensSeen": 73131389}
{"epoch": 18, "batch": 151, "batches": 295, "loss": 0.3751148283481598, "qat": true, "tokensSeen": 73866641}
{"epoch": 18, "batch": 201, "batches": 295, "loss": 0.37527573108673096, "qat": true, "tokensSeen": 74570135}
{"epoch": 18, "batch": 251, "batches": 295, "loss": 0.37514182925224304, "qat": true, "tokensSeen": 75279380}
{"epoch": 18, "loss": 0.3751818537712097, "seconds": 5.617789249998168, "qat": true, "trainingSeed": "/Users/arikko/Developer/vibecode/gpu-time-rewrite/data/synth/compositional/train.jsonl", "trainingTokens": 4213291, "validation": {"tokens": 89318, "sequences": 10000, "tokenAccuracy": 0.9998096688237533, "exactLabelAndBoundarySequence": 0.9976, "boundaryPrecision": 0.9949238578680203, "boundaryRecall": 1.0, "boundaryF1": 0.9974554707379135, "boundaryCounts": {"truePositive": 1372, "falsePositive": 7, "falseNegative": 0}}, "heldout": {"tokens": 71821, "sequences": 10000, "tokenAccuracy": 0.9598724607009093, "exactLabelAndBoundarySequence": 0.7882, "boundaryPrecision": 0.743124634289058, "boundaryRecall": 1.0, "boundaryF1": 0.8526351124538435, "boundaryCounts": {"truePositive": 1270, "falsePositive": 439, "falseNegative": 0}}}
{"epoch": 19, "batch": 1, "batches": 295, "loss": 0.37574490904808044, "qat": true, "tokensSeen": 75858210}
{"epoch": 19, "batch": 51, "batches": 295, "loss": 0.3751212954521179, "qat": true, "tokensSeen": 76531334}
{"epoch": 19, "batch": 101, "batches": 295, "loss": 0.3750929534435272, "qat": true, "tokensSeen": 77204868}
{"epoch": 19, "batch": 151, "batches": 295, "loss": 0.37528443336486816, "qat": true, "tokensSeen": 77908718}
{"epoch": 19, "batch": 201, "batches": 295, "loss": 0.375152587890625, "qat": true, "tokensSeen": 78665063}
{"epoch": 19, "batch": 251, "batches": 295, "loss": 0.3751090168952942, "qat": true, "tokensSeen": 79367539}
{"epoch": 19, "loss": 0.3751516342163086, "seconds": 5.46108125000319, "qat": true, "trainingSeed": "/Users/arikko/Developer/vibecode/gpu-time-rewrite/data/synth/compositional/train.jsonl", "trainingTokens": 4208327, "validation": {"tokens": 89318, "sequences": 10000, "tokenAccuracy": 0.9998320607268412, "exactLabelAndBoundarySequence": 0.9979, "boundaryPrecision": 0.9956458635703919, "boundaryRecall": 1.0, "boundaryF1": 0.9978181818181818, "boundaryCounts": {"truePositive": 1372, "falsePositive": 6, "falseNegative": 0}}, "heldout": {"tokens": 71821, "sequences": 10000, "tokenAccuracy": 0.9595800671112906, "exactLabelAndBoundarySequence": 0.782, "boundaryPrecision": 0.8146247594611931, "boundaryRecall": 1.0, "boundaryF1": 0.8978437610463061, "boundaryCounts": {"truePositive": 1270, "falsePositive": 289, "falseNegative": 0}}}
{"epoch": 20, "batch": 1, "batches": 295, "loss": 0.37509360909461975, "qat": true, "tokensSeen": 80066725}
{"epoch": 20, "batch": 51, "batches": 295, "loss": 0.37523558735847473, "qat": true, "tokensSeen": 80831125}
{"epoch": 20, "batch": 101, "batches": 295, "loss": 0.3752249777317047, "qat": true, "tokensSeen": 81496221}
{"epoch": 20, "batch": 151, "batches": 295, "loss": 0.3751697540283203, "qat": true, "tokensSeen": 82144969}
{"epoch": 20, "batch": 201, "batches": 295, "loss": 0.3750807046890259, "qat": true, "tokensSeen": 82816927}
{"epoch": 20, "batch": 251, "batches": 295, "loss": 0.375273197889328, "qat": true, "tokensSeen": 83693778}
{"epoch": 20, "loss": 0.37519827485084534, "seconds": 5.4873412500019185, "qat": true, "trainingSeed": "/Users/arikko/Developer/vibecode/gpu-time-rewrite/data/synth/compositional/train.jsonl", "trainingTokens": 4206664, "validation": {"tokens": 89318, "sequences": 10000, "tokenAccuracy": 0.9998320607268412, "exactLabelAndBoundarySequence": 0.9979, "boundaryPrecision": 0.9956458635703919, "boundaryRecall": 1.0, "boundaryF1": 0.9978181818181818, "boundaryCounts": {"truePositive": 1372, "falsePositive": 6, "falseNegative": 0}}, "heldout": {"tokens": 71821, "sequences": 10000, "tokenAccuracy": 0.9587028863424346, "exactLabelAndBoundarySequence": 0.7835, "boundaryPrecision": 0.8246753246753247, "boundaryRecall": 1.0, "boundaryF1": 0.9039145907473309, "boundaryCounts": {"truePositive": 1270, "falsePositive": 270, "falseNegative": 0}}}
{"stage": "completed", "checkpoint": "/Users/arikko/Developer/vibecode/gpu-time-rewrite/training/runs/compositional/best.pt", "seconds": 352.56907416700415}
