{"stage": "preparing-data", "run": "context", "device": "mps", "samplesPerEpoch": 300000}
{"epoch": 1, "batch": 1, "batches": 295, "loss": 4.004489421844482, "qat": false, "tokensSeen": 12710}
{"epoch": 1, "batch": 51, "batches": 295, "loss": 3.872377395629883, "qat": false, "tokensSeen": 741622}
{"epoch": 1, "batch": 101, "batches": 295, "loss": 3.1623528003692627, "qat": false, "tokensSeen": 1500160}
{"epoch": 1, "batch": 151, "batches": 295, "loss": 2.6315054893493652, "qat": false, "tokensSeen": 2172704}
{"epoch": 1, "batch": 201, "batches": 295, "loss": 1.8213300704956055, "qat": false, "tokensSeen": 2871103}
{"epoch": 1, "batch": 251, "batches": 295, "loss": 1.0894252061843872, "qat": false, "tokensSeen": 3591492}
{"epoch": 1, "loss": 2.2540764808654785, "seconds": 6.452108249999583, "qat": false, "trainingSeed": "/Users/arikko/Developer/vibecode/gpu-time-rewrite/data/synth/context/train.jsonl", "trainingTokens": 4181169, "validation": {"tokens": 87992, "sequences": 10000, "tokenAccuracy": 0.9562232930266388, "exactLabelAndBoundarySequence": 0.679, "boundaryPrecision": 0.5482283464566929, "boundaryRecall": 0.8307233407904548, "boundaryF1": 0.6605395790097836, "boundaryCounts": {"truePositive": 1114, "falsePositive": 918, "falseNegative": 227}}, "heldout": {"tokens": 71821, "sequences": 10000, "tokenAccuracy": 0.8407986522047869, "exactLabelAndBoundarySequence": 0.292, "boundaryPrecision": 0.4763690922730683, "boundaryRecall": 1.0, "boundaryF1": 0.6453252032520325, "boundaryCounts": {"truePositive": 1270, "falsePositive": 1396, "falseNegative": 0}}}
{"epoch": 2, "batch": 1, "batches": 295, "loss": 0.6451014876365662, "qat": false, "tokensSeen": 4193861}
{"epoch": 2, "batch": 51, "batches": 295, "loss": 0.5770262479782104, "qat": false, "tokensSeen": 4859885}
{"epoch": 2, "batch": 101, "batches": 295, "loss": 0.5100269317626953, "qat": false, "tokensSeen": 5617324}
{"epoch": 2, "batch": 151, "batches": 295, "loss": 0.46957191824913025, "qat": false, "tokensSeen": 6275329}
{"epoch": 2, "batch": 201, "batches": 295, "loss": 0.4522644877433777, "qat": false, "tokensSeen": 6967715}
{"epoch": 2, "batch": 251, "batches": 295, "loss": 0.43437203764915466, "qat": false, "tokensSeen": 7633806}
{"epoch": 2, "loss": 0.48034295439720154, "seconds": 5.584756625001319, "qat": false, "trainingSeed": "/Users/arikko/Developer/vibecode/gpu-time-rewrite/data/synth/context/train.jsonl", "trainingTokens": 4177287, "validation": {"tokens": 87992, "sequences": 10000, "tokenAccuracy": 0.9968406218747159, "exactLabelAndBoundarySequence": 0.9514, "boundaryPrecision": 0.8307291666666666, "boundaryRecall": 0.9515287099179717, "boundaryF1": 0.8870351060132083, "boundaryCounts": {"truePositive": 1276, "falsePositive": 260, "falseNegative": 65}}, "heldout": {"tokens": 71821, "sequences": 10000, "tokenAccuracy": 0.9025354701271215, "exactLabelAndBoundarySequence": 0.5169, "boundaryPrecision": 0.7664453832226916, "boundaryRecall": 1.0, "boundaryF1": 0.867782712675094, "boundaryCounts": {"truePositive": 1270, "falsePositive": 387, "falseNegative": 0}}}
{"epoch": 3, "batch": 1, "batches": 295, "loss": 0.42167186737060547, "qat": false, "tokensSeen": 8371008}
{"epoch": 3, "batch": 51, "batches": 295, "loss": 0.4188443720340729, "qat": false, "tokensSeen": 9128167}
{"epoch": 3, "batch": 101, "batches": 295, "loss": 0.4097331166267395, "qat": false, "tokensSeen": 9764186}
{"epoch": 3, "batch": 151, "batches": 295, "loss": 0.40859970450401306, "qat": false, "tokensSeen": 10542934}
{"epoch": 3, "batch": 201, "batches": 295, "loss": 0.400636225938797, "qat": false, "tokensSeen": 11212928}
{"epoch": 3, "batch": 251, "batches": 295, "loss": 0.3978605568408966, "qat": false, "tokensSeen": 11919674}
{"epoch": 3, "loss": 0.4054599106311798, "seconds": 5.530011540999112, "qat": false, "trainingSeed": "/Users/arikko/Developer/vibecode/gpu-time-rewrite/data/synth/context/train.jsonl", "trainingTokens": 4177962, "validation": {"tokens": 87992, "sequences": 10000, "tokenAccuracy": 0.9988976270570051, "exactLabelAndBoundarySequence": 0.9763, "boundaryPrecision": 0.8606294155427103, "boundaryRecall": 0.9992542878448919, "boundaryF1": 0.924775707384403, "boundaryCounts": {"truePositive": 1340, "falsePositive": 217, "falseNegative": 1}}, "heldout": {"tokens": 71821, "sequences": 10000, "tokenAccuracy": 0.902646858161262, "exactLabelAndBoundarySequence": 0.5269, "boundaryPrecision": 0.719954648526077, "boundaryRecall": 1.0, "boundaryF1": 0.8371786420566908, "boundaryCounts": {"truePositive": 1270, "falsePositive": 494, "falseNegative": 0}}}
{"epoch": 4, "batch": 1, "batches": 295, "loss": 0.3952031135559082, "qat": false, "tokensSeen": 12548927}
{"epoch": 4, "batch": 51, "batches": 295, "loss": 0.39283379912376404, "qat": false, "tokensSeen": 13216561}
{"epoch": 4, "batch": 101, "batches": 295, "loss": 0.39263102412223816, "qat": false, "tokensSeen": 13963028}
{"epoch": 4, "batch": 151, "batches": 295, "loss": 0.38988226652145386, "qat": false, "tokensSeen": 14631165}
{"epoch": 4, "batch": 201, "batches": 295, "loss": 0.38957852125167847, "qat": false, "tokensSeen": 15361837}
{"epoch": 4, "batch": 251, "batches": 295, "loss": 0.3868809640407562, "qat": false, "tokensSeen": 16028483}
{"epoch": 4, "loss": 0.3899940848350525, "seconds": 5.684632917000272, "qat": false, "trainingSeed": "/Users/arikko/Developer/vibecode/gpu-time-rewrite/data/synth/context/train.jsonl", "trainingTokens": 4173198, "validation": {"tokens": 87992, "sequences": 10000, "tokenAccuracy": 0.9993294844985908, "exactLabelAndBoundarySequence": 0.991, "boundaryPrecision": 0.970203488372093, "boundaryRecall": 0.9955257270693513, "boundaryF1": 0.9827015090172985, "boundaryCounts": {"truePositive": 1335, "falsePositive": 41, "falseNegative": 6}}, "heldout": {"tokens": 71821, "sequences": 10000, "tokenAccuracy": 0.9127274752509712, "exactLabelAndBoundarySequence": 0.5944, "boundaryPrecision": 0.7277936962750716, "boundaryRecall": 1.0, "boundaryF1": 0.8424543946932007, "boundaryCounts": {"truePositive": 1270, "falsePositive": 475, "falseNegative": 0}}}
{"epoch": 5, "batch": 1, "batches": 295, "loss": 0.3883855640888214, "qat": false, "tokensSeen": 16722172}
{"epoch": 5, "batch": 51, "batches": 295, "loss": 0.3859119117259979, "qat": false, "tokensSeen": 17389758}
{"epoch": 5, "batch": 101, "batches": 295, "loss": 0.38433772325515747, "qat": false, "tokensSeen": 18060215}
{"epoch": 5, "batch": 151, "batches": 295, "loss": 0.38363343477249146, "qat": false, "tokensSeen": 18756904}
{"epoch": 5, "batch": 201, "batches": 295, "loss": 0.3834034204483032, "qat": false, "tokensSeen": 19477864}
{"epoch": 5, "batch": 251, "batches": 295, "loss": 0.38317885994911194, "qat": false, "tokensSeen": 20296876}
{"epoch": 5, "loss": 0.383807897567749, "seconds": 5.634030833003635, "qat": false, "trainingSeed": "/Users/arikko/Developer/vibecode/gpu-time-rewrite/data/synth/context/train.jsonl", "trainingTokens": 4176321, "validation": {"tokens": 87992, "sequences": 10000, "tokenAccuracy": 0.9994317665242295, "exactLabelAndBoundarySequence": 0.993, "boundaryPrecision": 0.9802052785923754, "boundaryRecall": 0.9970171513795675, "boundaryF1": 0.988539741219963, "boundaryCounts": {"truePositive": 1337, "falsePositive": 27, "falseNegative": 4}}, "heldout": {"tokens": 71821, "sequences": 10000, "tokenAccuracy": 0.9093162167054204, "exactLabelAndBoundarySequence": 0.5478, "boundaryPrecision": 0.719954648526077, "boundaryRecall": 1.0, "boundaryF1": 0.8371786420566908, "boundaryCounts": {"truePositive": 1270, "falsePositive": 494, "falseNegative": 0}}}
{"epoch": 6, "batch": 1, "batches": 295, "loss": 0.38090601563453674, "qat": false, "tokensSeen": 20899074}
{"epoch": 6, "batch": 51, "batches": 295, "loss": 0.381949245929718, "qat": false, "tokensSeen": 21605382}
{"epoch": 6, "batch": 101, "batches": 295, "loss": 0.3813978433609009, "qat": false, "tokensSeen": 22304240}
{"epoch": 6, "batch": 151, "batches": 295, "loss": 0.3809065520763397, "qat": false, "tokensSeen": 23029704}
{"epoch": 6, "batch": 201, "batches": 295, "loss": 0.38076332211494446, "qat": false, "tokensSeen": 23721872}
{"epoch": 6, "batch": 251, "batches": 295, "loss": 0.3803825080394745, "qat": false, "tokensSeen": 24450324}
{"epoch": 6, "loss": 0.380917489528656, "seconds": 5.569836167000176, "qat": false, "trainingSeed": "/Users/arikko/Developer/vibecode/gpu-time-rewrite/data/synth/context/train.jsonl", "trainingTokens": 4183108, "validation": {"tokens": 87992, "sequences": 10000, "tokenAccuracy": 0.9996704245840531, "exactLabelAndBoundarySequence": 0.9956, "boundaryPrecision": 0.986019131714496, "boundaryRecall": 0.9992542878448919, "boundaryF1": 0.9925925925925926, "boundaryCounts": {"truePositive": 1340, "falsePositive": 19, "falseNegative": 1}}, "heldout": {"tokens": 71821, "sequences": 10000, "tokenAccuracy": 0.9073669261079629, "exactLabelAndBoundarySequence": 0.5388, "boundaryPrecision": 0.719954648526077, "boundaryRecall": 1.0, "boundaryF1": 0.8371786420566908, "boundaryCounts": {"truePositive": 1270, "falsePositive": 494, "falseNegative": 0}}}
{"epoch": 7, "batch": 1, "batches": 295, "loss": 0.38052406907081604, "qat": false, "tokensSeen": 25081754}
{"epoch": 7, "batch": 51, "batches": 295, "loss": 0.37983158230781555, "qat": false, "tokensSeen": 25777475}
{"epoch": 7, "batch": 101, "batches": 295, "loss": 0.37962666153907776, "qat": false, "tokensSeen": 26595726}
{"epoch": 7, "batch": 151, "batches": 295, "loss": 0.3789764642715454, "qat": false, "tokensSeen": 27246742}
{"epoch": 7, "batch": 201, "batches": 295, "loss": 0.378722608089447, "qat": false, "tokensSeen": 27912733}
{"epoch": 7, "batch": 251, "batches": 295, "loss": 0.3788217604160309, "qat": false, "tokensSeen": 28701739}
{"epoch": 7, "loss": 0.37908920645713806, "seconds": 5.5978322090013535, "qat": false, "trainingSeed": "/Users/arikko/Developer/vibecode/gpu-time-rewrite/data/synth/context/train.jsonl", "trainingTokens": 4185164, "validation": {"tokens": 87992, "sequences": 10000, "tokenAccuracy": 0.9996476952450223, "exactLabelAndBoundarySequence": 0.9956, "boundaryPrecision": 0.9925428784489188, "boundaryRecall": 0.9925428784489188, "boundaryF1": 0.9925428784489188, "boundaryCounts": {"truePositive": 1331, "falsePositive": 10, "falseNegative": 10}}, "heldout": {"tokens": 71821, "sequences": 10000, "tokenAccuracy": 0.9041088261093552, "exactLabelAndBoundarySequence": 0.5261, "boundaryPrecision": 0.7138842046093311, "boundaryRecall": 1.0, "boundaryF1": 0.8330600196785832, "boundaryCounts": {"truePositive": 1270, "falsePositive": 509, "falseNegative": 0}}}
{"epoch": 8, "batch": 1, "batches": 295, "loss": 0.3784828782081604, "qat": false, "tokensSeen": 29267293}
{"epoch": 8, "batch": 51, "batches": 295, "loss": 0.3783251941204071, "qat": false, "tokensSeen": 30026618}
{"epoch": 8, "batch": 101, "batches": 295, "loss": 0.37805595993995667, "qat": false, "tokensSeen": 30754116}
{"epoch": 8, "batch": 151, "batches": 295, "loss": 0.3778865933418274, "qat": false, "tokensSeen": 31412487}
{"epoch": 8, "batch": 201, "batches": 295, "loss": 0.3778611719608307, "qat": false, "tokensSeen": 32182387}
{"epoch": 8, "batch": 251, "batches": 295, "loss": 0.37745389342308044, "qat": false, "tokensSeen": 32844386}
{"epoch": 8, "loss": 0.3778354525566101, "seconds": 5.439945707999868, "qat": false, "trainingSeed": "/Users/arikko/Developer/vibecode/gpu-time-rewrite/data/synth/context/train.jsonl", "trainingTokens": 4179830, "validation": {"tokens": 87992, "sequences": 10000, "tokenAccuracy": 0.9996590599145377, "exactLabelAndBoundarySequence": 0.9957, "boundaryPrecision": 0.9881918819188192, "boundaryRecall": 0.9985085756897838, "boundaryF1": 0.9933234421364986, "boundaryCounts": {"truePositive": 1339, "falsePositive": 16, "falseNegative": 2}}, "heldout": {"tokens": 71821, "sequences": 10000, "tokenAccuracy": 0.9023823115801785, "exactLabelAndBoundarySequence": 0.5277, "boundaryPrecision": 0.7138842046093311, "boundaryRecall": 1.0, "boundaryF1": 0.8330600196785832, "boundaryCounts": {"truePositive": 1270, "falsePositive": 509, "falseNegative": 0}}}
{"epoch": 9, "batch": 1, "batches": 295, "loss": 0.37692373991012573, "qat": false, "tokensSeen": 33446832}
{"epoch": 9, "batch": 51, "batches": 295, "loss": 0.37722042202949524, "qat": false, "tokensSeen": 34113128}
{"epoch": 9, "batch": 101, "batches": 295, "loss": 0.37724101543426514, "qat": false, "tokensSeen": 34819315}
{"epoch": 9, "batch": 151, "batches": 295, "loss": 0.3771129548549652, "qat": false, "tokensSeen": 35542284}
{"epoch": 9, "batch": 201, "batches": 295, "loss": 0.3770022690296173, "qat": false, "tokensSeen": 36270578}
{"epoch": 9, "batch": 251, "batches": 295, "loss": 0.37677618861198425, "qat": false, "tokensSeen": 37000640}
{"epoch": 9, "loss": 0.37701645493507385, "seconds": 5.5333050830013235, "qat": false, "trainingSeed": "/Users/arikko/Developer/vibecode/gpu-time-rewrite/data/synth/context/train.jsonl", "trainingTokens": 4179034, "validation": {"tokens": 87992, "sequences": 10000, "tokenAccuracy": 0.9997045185925993, "exactLabelAndBoundarySequence": 0.996, "boundaryPrecision": 0.9903703703703703, "boundaryRecall": 0.9970171513795675, "boundaryF1": 0.9936826458565589, "boundaryCounts": {"truePositive": 1337, "falsePositive": 13, "falseNegative": 4}}, "heldout": {"tokens": 71821, "sequences": 10000, "tokenAccuracy": 0.8997646927778783, "exactLabelAndBoundarySequence": 0.5089, "boundaryPrecision": 0.7138842046093311, "boundaryRecall": 1.0, "boundaryF1": 0.8330600196785832, "boundaryCounts": {"truePositive": 1270, "falsePositive": 509, "falseNegative": 0}}}
{"epoch": 10, "batch": 1, "batches": 295, "loss": 0.37854817509651184, "qat": false, "tokensSeen": 37656313}
{"epoch": 10, "batch": 51, "batches": 295, "loss": 0.3768482208251953, "qat": false, "tokensSeen": 38386685}
{"epoch": 10, "batch": 101, "batches": 295, "loss": 0.3766113221645355, "qat": false, "tokensSeen": 39054625}
{"epoch": 10, "batch": 151, "batches": 295, "loss": 0.3763524889945984, "qat": false, "tokensSeen": 39691606}
{"epoch": 10, "batch": 201, "batches": 295, "loss": 0.3764069080352783, "qat": false, "tokensSeen": 40411811}
{"epoch": 10, "batch": 251, "batches": 295, "loss": 0.37650376558303833, "qat": false, "tokensSeen": 41200873}
{"epoch": 10, "loss": 0.37649378180503845, "seconds": 5.59029466699576, "qat": false, "trainingSeed": "/Users/arikko/Developer/vibecode/gpu-time-rewrite/data/synth/context/train.jsonl", "trainingTokens": 4177804, "validation": {"tokens": 87992, "sequences": 10000, "tokenAccuracy": 0.9997158832621147, "exactLabelAndBoundarySequence": 0.9967, "boundaryPrecision": 0.9933234421364985, "boundaryRecall": 0.9985085756897838, "boundaryF1": 0.9959092599479361, "boundaryCounts": {"truePositive": 1339, "falsePositive": 9, "falseNegative": 2}}, "heldout": {"tokens": 71821, "sequences": 10000, "tokenAccuracy": 0.8973280795310564, "exactLabelAndBoundarySequence": 0.4919, "boundaryPrecision": 0.7138842046093311, "boundaryRecall": 1.0, "boundaryF1": 0.8330600196785832, "boundaryCounts": {"truePositive": 1270, "falsePositive": 509, "falseNegative": 0}}}
{"epoch": 11, "batch": 1, "batches": 295, "loss": 0.37643489241600037, "qat": false, "tokensSeen": 41803904}
{"epoch": 11, "batch": 51, "batches": 295, "loss": 0.3761909604072571, "qat": false, "tokensSeen": 42540761}
{"epoch": 11, "batch": 101, "batches": 295, "loss": 0.37602242827415466, "qat": false, "tokensSeen": 43234990}
{"epoch": 11, "batch": 151, "batches": 295, "loss": 0.3761296570301056, "qat": false, "tokensSeen": 44023032}
{"epoch": 11, "batch": 201, "batches": 295, "loss": 0.37601304054260254, "qat": false, "tokensSeen": 44720661}
{"epoch": 11, "batch": 251, "batches": 295, "loss": 0.37591493129730225, "qat": false, "tokensSeen": 45351486}
{"epoch": 11, "loss": 0.3760203421115875, "seconds": 5.6293055420028395, "qat": false, "trainingSeed": "/Users/arikko/Developer/vibecode/gpu-time-rewrite/data/synth/context/train.jsonl", "trainingTokens": 4183707, "validation": {"tokens": 87992, "sequences": 10000, "tokenAccuracy": 0.9997613419401764, "exactLabelAndBoundarySequence": 0.9963, "boundaryPrecision": 0.988929889298893, "boundaryRecall": 0.9992542878448919, "boundaryF1": 0.9940652818991098, "boundaryCounts": {"truePositive": 1340, "falsePositive": 15, "falseNegative": 1}}, "heldout": {"tokens": 71821, "sequences": 10000, "tokenAccuracy": 0.9001406273931023, "exactLabelAndBoundarySequence": 0.5122, "boundaryPrecision": 0.7138842046093311, "boundaryRecall": 1.0, "boundaryF1": 0.8330600196785832, "boundaryCounts": {"truePositive": 1270, "falsePositive": 509, "falseNegative": 0}}}
{"epoch": 12, "batch": 1, "batches": 295, "loss": 0.3755970597267151, "qat": false, "tokensSeen": 45987185}
{"epoch": 12, "batch": 51, "batches": 295, "loss": 0.37575003504753113, "qat": false, "tokensSeen": 46653010}
{"epoch": 12, "batch": 101, "batches": 295, "loss": 0.3758634328842163, "qat": false, "tokensSeen": 47367544}
{"epoch": 12, "batch": 151, "batches": 295, "loss": 0.3756915330886841, "qat": false, "tokensSeen": 48057980}
{"epoch": 12, "batch": 201, "batches": 295, "loss": 0.37566864490509033, "qat": false, "tokensSeen": 48836660}
{"epoch": 12, "batch": 251, "batches": 295, "loss": 0.3755497336387634, "qat": false, "tokensSeen": 49595458}
{"epoch": 12, "loss": 0.37567374110221863, "seconds": 5.646522084003664, "qat": false, "trainingSeed": "/Users/arikko/Developer/vibecode/gpu-time-rewrite/data/synth/context/train.jsonl", "trainingTokens": 4182672, "validation": {"tokens": 87992, "sequences": 10000, "tokenAccuracy": 0.9997272479316301, "exactLabelAndBoundarySequence": 0.9966, "boundaryPrecision": 0.9925925925925926, "boundaryRecall": 0.9992542878448919, "boundaryF1": 0.9959123002601263, "boundaryCounts": {"truePositive": 1340, "falsePositive": 10, "falseNegative": 1}}, "heldout": {"tokens": 71821, "sequences": 10000, "tokenAccuracy": 0.8988457414962198, "exactLabelAndBoundarySequence": 0.5171, "boundaryPrecision": 0.7138842046093311, "boundaryRecall": 1.0, "boundaryF1": 0.8330600196785832, "boundaryCounts": {"truePositive": 1270, "falsePositive": 509, "falseNegative": 0}}}
{"epoch": 13, "batch": 1, "batches": 295, "loss": 0.3754461705684662, "qat": false, "tokensSeen": 50169821}
{"epoch": 13, "batch": 51, "batches": 295, "loss": 0.37554770708084106, "qat": false, "tokensSeen": 50948209}
{"epoch": 13, "batch": 101, "batches": 295, "loss": 0.3755035698413849, "qat": false, "tokensSeen": 51640747}
{"epoch": 13, "batch": 151, "batches": 295, "loss": 0.3754500448703766, "qat": false, "tokensSeen": 52370874}
{"epoch": 13, "batch": 201, "batches": 295, "loss": 0.3754400908946991, "qat": false, "tokensSeen": 53089676}
{"epoch": 13, "batch": 251, "batches": 295, "loss": 0.3753657639026642, "qat": false, "tokensSeen": 53785615}
{"epoch": 13, "loss": 0.37544089555740356, "seconds": 5.5948292079992825, "qat": false, "trainingSeed": "/Users/arikko/Developer/vibecode/gpu-time-rewrite/data/synth/context/train.jsonl", "trainingTokens": 4191448, "validation": {"tokens": 87992, "sequences": 10000, "tokenAccuracy": 0.9997840712792072, "exactLabelAndBoundarySequence": 0.997, "boundaryPrecision": 0.9918578830495929, "boundaryRecall": 0.9992542878448919, "boundaryF1": 0.9955423476968797, "boundaryCounts": {"truePositive": 1340, "falsePositive": 11, "falseNegative": 1}}, "heldout": {"tokens": 71821, "sequences": 10000, "tokenAccuracy": 0.8971888444883809, "exactLabelAndBoundarySequence": 0.4981, "boundaryPrecision": 0.7138842046093311, "boundaryRecall": 1.0, "boundaryF1": 0.8330600196785832, "boundaryCounts": {"truePositive": 1270, "falsePositive": 509, "falseNegative": 0}}}
{"epoch": 14, "batch": 1, "batches": 295, "loss": 0.37542983889579773, "qat": false, "tokensSeen": 54361230}
{"epoch": 14, "batch": 51, "batches": 295, "loss": 0.37524914741516113, "qat": false, "tokensSeen": 55021151}
{"epoch": 14, "batch": 101, "batches": 295, "loss": 0.37538382411003113, "qat": false, "tokensSeen": 55714893}
{"epoch": 14, "batch": 151, "batches": 295, "loss": 0.37529483437538147, "qat": false, "tokensSeen": 56411147}
{"epoch": 14, "batch": 201, "batches": 295, "loss": 0.37522974610328674, "qat": false, "tokensSeen": 57140171}
{"epoch": 14, "batch": 251, "batches": 295, "loss": 0.3752010762691498, "qat": false, "tokensSeen": 57811698}
{"epoch": 14, "loss": 0.37526658177375793, "seconds": 5.533772417002183, "qat": false, "trainingSeed": "/Users/arikko/Developer/vibecode/gpu-time-rewrite/data/synth/context/train.jsonl", "trainingTokens": 4183428, "validation": {"tokens": 87992, "sequences": 10000, "tokenAccuracy": 0.999806800618238, "exactLabelAndBoundarySequence": 0.9978, "boundaryPrecision": 0.9970215934475056, "boundaryRecall": 0.9985085756897838, "boundaryF1": 0.9977645305514159, "boundaryCounts": {"truePositive": 1339, "falsePositive": 4, "falseNegative": 2}}, "heldout": {"tokens": 71821, "sequences": 10000, "tokenAccuracy": 0.8980381782487016, "exactLabelAndBoundarySequence": 0.5035, "boundaryPrecision": 0.7138842046093311, "boundaryRecall": 1.0, "boundaryF1": 0.8330600196785832, "boundaryCounts": {"truePositive": 1270, "falsePositive": 509, "falseNegative": 0}}}
{"epoch": 15, "batch": 1, "batches": 295, "loss": 0.37692078948020935, "qat": true, "tokensSeen": 58544748}
{"epoch": 15, "batch": 51, "batches": 295, "loss": 0.375489741563797, "qat": true, "tokensSeen": 59272790}
{"epoch": 15, "batch": 101, "batches": 295, "loss": 0.3753325343132019, "qat": true, "tokensSeen": 59939094}
{"epoch": 15, "batch": 151, "batches": 295, "loss": 0.3753546178340912, "qat": true, "tokensSeen": 60650182}
{"epoch": 15, "batch": 201, "batches": 295, "loss": 0.37523919343948364, "qat": true, "tokensSeen": 61367592}
{"epoch": 15, "batch": 251, "batches": 295, "loss": 0.3753739595413208, "qat": true, "tokensSeen": 62031641}
{"epoch": 15, "loss": 0.37535953521728516, "seconds": 7.916832916002022, "qat": true, "trainingSeed": "/Users/arikko/Developer/vibecode/gpu-time-rewrite/data/synth/context/train.jsonl", "trainingTokens": 4181909, "validation": {"tokens": 87992, "sequences": 10000, "tokenAccuracy": 0.9997840712792072, "exactLabelAndBoundarySequence": 0.9975, "boundaryPrecision": 0.9955456570155902, "boundaryRecall": 1.0, "boundaryF1": 0.9977678571428571, "boundaryCounts": {"truePositive": 1341, "falsePositive": 6, "falseNegative": 0}}, "heldout": {"tokens": 71821, "sequences": 10000, "tokenAccuracy": 0.9084808064493671, "exactLabelAndBoundarySequence": 0.5862, "boundaryPrecision": 0.7138842046093311, "boundaryRecall": 1.0, "boundaryF1": 0.8330600196785832, "boundaryCounts": {"truePositive": 1270, "falsePositive": 509, "falseNegative": 0}}}
{"epoch": 16, "batch": 1, "batches": 295, "loss": 0.37545984983444214, "qat": true, "tokensSeen": 62726749}
{"epoch": 16, "batch": 51, "batches": 295, "loss": 0.37531426548957825, "qat": true, "tokensSeen": 63395135}
{"epoch": 16, "batch": 101, "batches": 295, "loss": 0.37533530592918396, "qat": true, "tokensSeen": 64124051}
{"epoch": 16, "batch": 151, "batches": 295, "loss": 0.375455766916275, "qat": true, "tokensSeen": 64866608}
{"epoch": 16, "batch": 201, "batches": 295, "loss": 0.37524259090423584, "qat": true, "tokensSeen": 65498587}
{"epoch": 16, "batch": 251, "batches": 295, "loss": 0.3752329349517822, "qat": true, "tokensSeen": 66216865}
{"epoch": 16, "loss": 0.37528887391090393, "seconds": 7.027441917001852, "qat": true, "trainingSeed": "/Users/arikko/Developer/vibecode/gpu-time-rewrite/data/synth/context/train.jsonl", "trainingTokens": 4184688, "validation": {"tokens": 87992, "sequences": 10000, "tokenAccuracy": 0.9997954359487227, "exactLabelAndBoundarySequence": 0.9979, "boundaryPrecision": 0.9977678571428571, "boundaryRecall": 1.0, "boundaryF1": 0.9988826815642458, "boundaryCounts": {"truePositive": 1341, "falsePositive": 3, "falseNegative": 0}}, "heldout": {"tokens": 71821, "sequences": 10000, "tokenAccuracy": 0.9030367162807535, "exactLabelAndBoundarySequence": 0.5317, "boundaryPrecision": 0.7138842046093311, "boundaryRecall": 1.0, "boundaryF1": 0.8330600196785832, "boundaryCounts": {"truePositive": 1270, "falsePositive": 509, "falseNegative": 0}}}
{"epoch": 17, "batch": 1, "batches": 295, "loss": 0.37489134073257446, "qat": true, "tokensSeen": 66910937}
{"epoch": 17, "batch": 51, "batches": 295, "loss": 0.37516725063323975, "qat": true, "tokensSeen": 67668949}
{"epoch": 17, "batch": 101, "batches": 295, "loss": 0.375232458114624, "qat": true, "tokensSeen": 68357562}
{"epoch": 17, "batch": 151, "batches": 295, "loss": 0.3751448094844818, "qat": true, "tokensSeen": 69050620}
{"epoch": 17, "batch": 201, "batches": 295, "loss": 0.37517303228378296, "qat": true, "tokensSeen": 69697921}
{"epoch": 17, "batch": 251, "batches": 295, "loss": 0.37518927454948425, "qat": true, "tokensSeen": 70455101}
{"epoch": 17, "loss": 0.37516912817955017, "seconds": 7.3453047500006505, "qat": true, "trainingSeed": "/Users/arikko/Developer/vibecode/gpu-time-rewrite/data/synth/context/train.jsonl", "trainingTokens": 4178040, "validation": {"tokens": 87992, "sequences": 10000, "tokenAccuracy": 0.999806800618238, "exactLabelAndBoundarySequence": 0.9969, "boundaryPrecision": 0.9896678966789668, "boundaryRecall": 1.0, "boundaryF1": 0.994807121661721, "boundaryCounts": {"truePositive": 1341, "falsePositive": 14, "falseNegative": 0}}, "heldout": {"tokens": 71821, "sequences": 10000, "tokenAccuracy": 0.9135211149942217, "exactLabelAndBoundarySequence": 0.5698, "boundaryPrecision": 0.7138842046093311, "boundaryRecall": 1.0, "boundaryF1": 0.8330600196785832, "boundaryCounts": {"truePositive": 1270, "falsePositive": 509, "falseNegative": 0}}}
{"epoch": 18, "batch": 1, "batches": 295, "loss": 0.3752213716506958, "qat": true, "tokensSeen": 71089668}
{"epoch": 18, "batch": 51, "batches": 295, "loss": 0.37508565187454224, "qat": true, "tokensSeen": 71806446}
{"epoch": 18, "batch": 101, "batches": 295, "loss": 0.3750728964805603, "qat": true, "tokensSeen": 72543814}
{"epoch": 18, "batch": 151, "batches": 295, "loss": 0.3751377761363983, "qat": true, "tokensSeen": 73301535}
{"epoch": 18, "batch": 201, "batches": 295, "loss": 0.3750874996185303, "qat": true, "tokensSeen": 73969483}
{"epoch": 18, "batch": 251, "batches": 295, "loss": 0.3750155568122864, "qat": true, "tokensSeen": 74637047}
{"epoch": 18, "loss": 0.37507960200309753, "seconds": 7.534483416995499, "qat": true, "trainingSeed": "/Users/arikko/Developer/vibecode/gpu-time-rewrite/data/synth/context/train.jsonl", "trainingTokens": 4182186, "validation": {"tokens": 87992, "sequences": 10000, "tokenAccuracy": 0.999806800618238, "exactLabelAndBoundarySequence": 0.9969, "boundaryPrecision": 0.9896678966789668, "boundaryRecall": 1.0, "boundaryF1": 0.994807121661721, "boundaryCounts": {"truePositive": 1341, "falsePositive": 14, "falseNegative": 0}}, "heldout": {"tokens": 71821, "sequences": 10000, "tokenAccuracy": 0.9082301833725512, "exactLabelAndBoundarySequence": 0.5555, "boundaryPrecision": 0.7138842046093311, "boundaryRecall": 1.0, "boundaryF1": 0.8330600196785832, "boundaryCounts": {"truePositive": 1270, "falsePositive": 509, "falseNegative": 0}}}
{"epoch": 19, "batch": 1, "batches": 295, "loss": 0.3751768469810486, "qat": true, "tokensSeen": 75271568}
{"epoch": 19, "batch": 51, "batches": 295, "loss": 0.37503552436828613, "qat": true, "tokensSeen": 76031465}
{"epoch": 19, "batch": 101, "batches": 295, "loss": 0.3751024901866913, "qat": true, "tokensSeen": 76753987}
{"epoch": 19, "batch": 151, "batches": 295, "loss": 0.37502819299697876, "qat": true, "tokensSeen": 77482290}
{"epoch": 19, "batch": 201, "batches": 295, "loss": 0.37501999735832214, "qat": true, "tokensSeen": 78117038}
{"epoch": 19, "batch": 251, "batches": 295, "loss": 0.3751351833343506, "qat": true, "tokensSeen": 78809574}
{"epoch": 19, "loss": 0.3750622272491455, "seconds": 6.879282207999495, "qat": true, "trainingSeed": "/Users/arikko/Developer/vibecode/gpu-time-rewrite/data/synth/context/train.jsonl", "trainingTokens": 4171244, "validation": {"tokens": 87992, "sequences": 10000, "tokenAccuracy": 0.999806800618238, "exactLabelAndBoundarySequence": 0.9978, "boundaryPrecision": 0.9962852897473997, "boundaryRecall": 1.0, "boundaryF1": 0.9981391886862672, "boundaryCounts": {"truePositive": 1341, "falsePositive": 5, "falseNegative": 0}}, "heldout": {"tokens": 71821, "sequences": 10000, "tokenAccuracy": 0.9061834282452208, "exactLabelAndBoundarySequence": 0.562, "boundaryPrecision": 0.7138842046093311, "boundaryRecall": 1.0, "boundaryF1": 0.8330600196785832, "boundaryCounts": {"truePositive": 1270, "falsePositive": 509, "falseNegative": 0}}}
{"epoch": 20, "batch": 1, "batches": 295, "loss": 0.3749683201313019, "qat": true, "tokensSeen": 79443182}
{"epoch": 20, "batch": 51, "batches": 295, "loss": 0.37505316734313965, "qat": true, "tokensSeen": 80168602}
{"epoch": 20, "batch": 101, "batches": 295, "loss": 0.3750421106815338, "qat": true, "tokensSeen": 80933564}
{"epoch": 20, "batch": 151, "batches": 295, "loss": 0.37509191036224365, "qat": true, "tokensSeen": 81622660}
{"epoch": 20, "batch": 201, "batches": 295, "loss": 0.37497368454933167, "qat": true, "tokensSeen": 82289235}
{"epoch": 20, "batch": 251, "batches": 295, "loss": 0.37503477931022644, "qat": true, "tokensSeen": 82983560}
{"epoch": 20, "loss": 0.37502944469451904, "seconds": 6.482460917002754, "qat": true, "trainingSeed": "/Users/arikko/Developer/vibecode/gpu-time-rewrite/data/synth/context/train.jsonl", "trainingTokens": 4176325, "validation": {"tokens": 87992, "sequences": 10000, "tokenAccuracy": 0.999806800618238, "exactLabelAndBoundarySequence": 0.9967, "boundaryPrecision": 0.9882092851879145, "boundaryRecall": 1.0, "boundaryF1": 0.994069681245367, "boundaryCounts": {"truePositive": 1341, "falsePositive": 16, "falseNegative": 0}}, "heldout": {"tokens": 71821, "sequences": 10000, "tokenAccuracy": 0.9034126508959776, "exactLabelAndBoundarySequence": 0.5498, "boundaryPrecision": 0.7138842046093311, "boundaryRecall": 1.0, "boundaryF1": 0.8330600196785832, "boundaryCounts": {"truePositive": 1270, "falsePositive": 509, "falseNegative": 0}}}
{"stage": "completed", "checkpoint": "/Users/arikko/Developer/vibecode/gpu-time-rewrite/training/runs/context/best.pt", "seconds": 335.9795252920012}
