{"stage": "preparing-data", "run": "diverse", "device": "mps", "samplesPerEpoch": 300000}
{"epoch": 1, "batch": 1, "batches": 295, "loss": 4.006898880004883, "qat": false, "tokensSeen": 13038}
{"epoch": 1, "batch": 51, "batches": 295, "loss": 3.8588831424713135, "qat": false, "tokensSeen": 678904}
{"epoch": 1, "batch": 101, "batches": 295, "loss": 3.0799055099487305, "qat": false, "tokensSeen": 1330331}
{"epoch": 1, "batch": 151, "batches": 295, "loss": 2.39304780960083, "qat": false, "tokensSeen": 1984789}
{"epoch": 1, "batch": 201, "batches": 295, "loss": 1.5347681045532227, "qat": false, "tokensSeen": 2774004}
{"epoch": 1, "batch": 251, "batches": 295, "loss": 0.930651068687439, "qat": false, "tokensSeen": 3550592}
{"epoch": 1, "loss": 2.115086555480957, "seconds": 6.143002333003096, "qat": false, "trainingSeed": "/Users/arikko/Developer/vibecode/gpu-time-rewrite/data/synth/diverse/train.jsonl", "trainingTokens": 4274273, "validation": {"tokens": 91185, "sequences": 10000, "tokenAccuracy": 0.9713659044799035, "exactLabelAndBoundarySequence": 0.7298, "boundaryPrecision": 0.5567748091603053, "boundaryRecall": 0.8282469836763662, "boundaryF1": 0.6659058487874464, "boundaryCounts": {"truePositive": 1167, "falsePositive": 929, "falseNegative": 242}}, "heldout": {"tokens": 68866, "sequences": 10000, "tokenAccuracy": 0.842520256730462, "exactLabelAndBoundarySequence": 0.2889, "boundaryPrecision": 0.4408866995073892, "boundaryRecall": 1.0, "boundaryF1": 0.611965811965812, "boundaryCounts": {"truePositive": 1253, "falsePositive": 1589, "falseNegative": 0}}}
{"epoch": 2, "batch": 1, "batches": 295, "loss": 0.6028013229370117, "qat": false, "tokensSeen": 4287388}
{"epoch": 2, "batch": 51, "batches": 295, "loss": 0.5535629391670227, "qat": false, "tokensSeen": 4971284}
{"epoch": 2, "batch": 101, "batches": 295, "loss": 0.5011972784996033, "qat": false, "tokensSeen": 5767153}
{"epoch": 2, "batch": 151, "batches": 295, "loss": 0.46645423769950867, "qat": false, "tokensSeen": 6463586}
{"epoch": 2, "batch": 201, "batches": 295, "loss": 0.447745144367218, "qat": false, "tokensSeen": 7177301}
{"epoch": 2, "batch": 251, "batches": 295, "loss": 0.4363727271556854, "qat": false, "tokensSeen": 7920012}
{"epoch": 2, "loss": 0.47368618845939636, "seconds": 5.750149291998241, "qat": false, "trainingSeed": "/Users/arikko/Developer/vibecode/gpu-time-rewrite/data/synth/diverse/train.jsonl", "trainingTokens": 4280740, "validation": {"tokens": 91185, "sequences": 10000, "tokenAccuracy": 0.9958874814936667, "exactLabelAndBoundarySequence": 0.9399, "boundaryPrecision": 0.8700440528634361, "boundaryRecall": 0.8410220014194464, "boundaryF1": 0.855286900036088, "boundaryCounts": {"truePositive": 1185, "falsePositive": 177, "falseNegative": 224}}, "heldout": {"tokens": 68866, "sequences": 10000, "tokenAccuracy": 0.8896988354195103, "exactLabelAndBoundarySequence": 0.4537, "boundaryPrecision": 0.6147420147420147, "boundaryRecall": 0.9984038308060654, "boundaryF1": 0.760948905109489, "boundaryCounts": {"truePositive": 1251, "falsePositive": 784, "falseNegative": 2}}}
{"epoch": 3, "batch": 1, "batches": 295, "loss": 0.4256570339202881, "qat": false, "tokensSeen": 8567938}
{"epoch": 3, "batch": 51, "batches": 295, "loss": 0.41722166538238525, "qat": false, "tokensSeen": 9220453}
{"epoch": 3, "batch": 101, "batches": 295, "loss": 0.4140359163284302, "qat": false, "tokensSeen": 9916375}
{"epoch": 3, "batch": 151, "batches": 295, "loss": 0.40843528509140015, "qat": false, "tokensSeen": 10661938}
{"epoch": 3, "batch": 201, "batches": 295, "loss": 0.4015145003795624, "qat": false, "tokensSeen": 11317241}
{"epoch": 3, "batch": 251, "batches": 295, "loss": 0.40272462368011475, "qat": false, "tokensSeen": 12152008}
{"epoch": 3, "loss": 0.40760537981987, "seconds": 5.616659708000952, "qat": false, "trainingSeed": "/Users/arikko/Developer/vibecode/gpu-time-rewrite/data/synth/diverse/train.jsonl", "trainingTokens": 4274251, "validation": {"tokens": 91185, "sequences": 10000, "tokenAccuracy": 0.9988046279541591, "exactLabelAndBoundarySequence": 0.9051, "boundaryPrecision": 0.49334733893557425, "boundaryRecall": 1.0, "boundaryF1": 0.6607268464243845, "boundaryCounts": {"truePositive": 1409, "falsePositive": 1447, "falseNegative": 0}}, "heldout": {"tokens": 68866, "sequences": 10000, "tokenAccuracy": 0.8897569192344553, "exactLabelAndBoundarySequence": 0.4017, "boundaryPrecision": 0.3589229447149814, "boundaryRecall": 1.0, "boundaryF1": 0.5282462057335582, "boundaryCounts": {"truePositive": 1253, "falsePositive": 2238, "falseNegative": 0}}}
{"epoch": 4, "batch": 1, "batches": 295, "loss": 0.40014326572418213, "qat": false, "tokensSeen": 12842698}
{"epoch": 4, "batch": 51, "batches": 295, "loss": 0.39569342136383057, "qat": false, "tokensSeen": 13550337}
{"epoch": 4, "batch": 101, "batches": 295, "loss": 0.39304816722869873, "qat": false, "tokensSeen": 14295470}
{"epoch": 4, "batch": 151, "batches": 295, "loss": 0.391510933637619, "qat": false, "tokensSeen": 15020253}
{"epoch": 4, "batch": 201, "batches": 295, "loss": 0.3890743553638458, "qat": false, "tokensSeen": 15703680}
{"epoch": 4, "batch": 251, "batches": 295, "loss": 0.3896966576576233, "qat": false, "tokensSeen": 16443618}
{"epoch": 4, "loss": 0.3912276327610016, "seconds": 5.615029042004608, "qat": false, "trainingSeed": "/Users/arikko/Developer/vibecode/gpu-time-rewrite/data/synth/diverse/train.jsonl", "trainingTokens": 4278933, "validation": {"tokens": 91185, "sequences": 10000, "tokenAccuracy": 0.9982124252892471, "exactLabelAndBoundarySequence": 0.9647, "boundaryPrecision": 0.8461538461538461, "boundaryRecall": 0.9992902767920511, "boundaryF1": 0.916368369671331, "boundaryCounts": {"truePositive": 1408, "falsePositive": 256, "falseNegative": 1}}, "heldout": {"tokens": 68866, "sequences": 10000, "tokenAccuracy": 0.8993843115615834, "exactLabelAndBoundarySequence": 0.4975, "boundaryPrecision": 0.599615938550168, "boundaryRecall": 0.9968076616121309, "boundaryF1": 0.7488009592326139, "boundaryCounts": {"truePositive": 1249, "falsePositive": 834, "falseNegative": 4}}}
{"epoch": 5, "batch": 1, "batches": 295, "loss": 0.38726651668548584, "qat": false, "tokensSeen": 17121087}
{"epoch": 5, "batch": 51, "batches": 295, "loss": 0.38652268052101135, "qat": false, "tokensSeen": 17836421}
{"epoch": 5, "batch": 101, "batches": 295, "loss": 0.38645613193511963, "qat": false, "tokensSeen": 18608449}
{"epoch": 5, "batch": 151, "batches": 295, "loss": 0.38588738441467285, "qat": false, "tokensSeen": 19382469}
{"epoch": 5, "batch": 201, "batches": 295, "loss": 0.3843156397342682, "qat": false, "tokensSeen": 20088344}
{"epoch": 5, "batch": 251, "batches": 295, "loss": 0.383383184671402, "qat": false, "tokensSeen": 20772315}
{"epoch": 5, "loss": 0.38500744104385376, "seconds": 5.618071500000951, "qat": false, "trainingSeed": "/Users/arikko/Developer/vibecode/gpu-time-rewrite/data/synth/diverse/train.jsonl", "trainingTokens": 4282807, "validation": {"tokens": 91185, "sequences": 10000, "tokenAccuracy": 0.9995722980753413, "exactLabelAndBoundarySequence": 0.9909, "boundaryPrecision": 0.9596719070403281, "boundaryRecall": 0.9964513839602555, "boundaryF1": 0.9777158774373259, "boundaryCounts": {"truePositive": 1404, "falsePositive": 59, "falseNegative": 5}}, "heldout": {"tokens": 68866, "sequences": 10000, "tokenAccuracy": 0.8985856591060901, "exactLabelAndBoundarySequence": 0.5039, "boundaryPrecision": 0.6672297297297297, "boundaryRecall": 0.945730247406225, "boundaryF1": 0.782436447672499, "boundaryCounts": {"truePositive": 1185, "falsePositive": 591, "falseNegative": 68}}}
{"epoch": 6, "batch": 1, "batches": 295, "loss": 0.3819693922996521, "qat": false, "tokensSeen": 21403811}
{"epoch": 6, "batch": 51, "batches": 295, "loss": 0.3827378749847412, "qat": false, "tokensSeen": 22077609}
{"epoch": 6, "batch": 101, "batches": 295, "loss": 0.38264235854148865, "qat": false, "tokensSeen": 22851986}
{"epoch": 6, "batch": 151, "batches": 295, "loss": 0.3817788362503052, "qat": false, "tokensSeen": 23551114}
{"epoch": 6, "batch": 201, "batches": 295, "loss": 0.38121962547302246, "qat": false, "tokensSeen": 24207988}
{"epoch": 6, "batch": 251, "batches": 295, "loss": 0.3809625506401062, "qat": false, "tokensSeen": 24982502}
{"epoch": 6, "loss": 0.3817395567893982, "seconds": 5.589432250002574, "qat": false, "trainingSeed": "/Users/arikko/Developer/vibecode/gpu-time-rewrite/data/synth/diverse/train.jsonl", "trainingTokens": 4288028, "validation": {"tokens": 91185, "sequences": 10000, "tokenAccuracy": 0.9995722980753413, "exactLabelAndBoundarySequence": 0.9861, "boundaryPrecision": 0.9263157894736842, "boundaryRecall": 0.9992902767920511, "boundaryF1": 0.9614202799590303, "boundaryCounts": {"truePositive": 1408, "falsePositive": 112, "falseNegative": 1}}, "heldout": {"tokens": 68866, "sequences": 10000, "tokenAccuracy": 0.9039874538959719, "exactLabelAndBoundarySequence": 0.5292, "boundaryPrecision": 0.640746500777605, "boundaryRecall": 0.9864325618515563, "boundaryF1": 0.7768698931489629, "boundaryCounts": {"truePositive": 1236, "falsePositive": 693, "falseNegative": 17}}}
{"epoch": 7, "batch": 1, "batches": 294, "loss": 0.3801659941673279, "qat": false, "tokensSeen": 25692278}
{"epoch": 7, "batch": 51, "batches": 294, "loss": 0.38018718361854553, "qat": false, "tokensSeen": 26372310}
{"epoch": 7, "batch": 101, "batches": 294, "loss": 0.3802734613418579, "qat": false, "tokensSeen": 27235775}
{"epoch": 7, "batch": 151, "batches": 294, "loss": 0.37945806980133057, "qat": false, "tokensSeen": 27915325}
{"epoch": 7, "batch": 201, "batches": 294, "loss": 0.3797285854816437, "qat": false, "tokensSeen": 28686168}
{"epoch": 7, "batch": 251, "batches": 294, "loss": 0.3792369067668915, "qat": false, "tokensSeen": 29339905}
{"epoch": 7, "loss": 0.3796541690826416, "seconds": 5.5811767499981215, "qat": false, "trainingSeed": "/Users/arikko/Developer/vibecode/gpu-time-rewrite/data/synth/diverse/train.jsonl", "trainingTokens": 4284285, "validation": {"tokens": 91185, "sequences": 10000, "tokenAccuracy": 0.9996819652355102, "exactLabelAndBoundarySequence": 0.9953, "boundaryPrecision": 0.9825418994413407, "boundaryRecall": 0.9985805535841022, "boundaryF1": 0.9904963041182683, "boundaryCounts": {"truePositive": 1407, "falsePositive": 25, "falseNegative": 2}}, "heldout": {"tokens": 68866, "sequences": 10000, "tokenAccuracy": 0.9006766764441089, "exactLabelAndBoundarySequence": 0.5253, "boundaryPrecision": 0.6937607326846021, "boundaryRecall": 0.9672785315243416, "boundaryF1": 0.808, "boundaryCounts": {"truePositive": 1212, "falsePositive": 535, "falseNegative": 41}}}
{"epoch": 8, "batch": 1, "batches": 295, "loss": 0.37851881980895996, "qat": false, "tokensSeen": 29976367}
{"epoch": 8, "batch": 51, "batches": 295, "loss": 0.3790039122104645, "qat": false, "tokensSeen": 30800311}
{"epoch": 8, "batch": 101, "batches": 295, "loss": 0.37858253717422485, "qat": false, "tokensSeen": 31510106}
{"epoch": 8, "batch": 151, "batches": 295, "loss": 0.3782597780227661, "qat": false, "tokensSeen": 32165490}
{"epoch": 8, "batch": 201, "batches": 295, "loss": 0.37817201018333435, "qat": false, "tokensSeen": 32859972}
{"epoch": 8, "batch": 251, "batches": 295, "loss": 0.3779073655605316, "qat": false, "tokensSeen": 33603858}
{"epoch": 8, "loss": 0.37829092144966125, "seconds": 5.661745708006492, "qat": false, "trainingSeed": "/Users/arikko/Developer/vibecode/gpu-time-rewrite/data/synth/diverse/train.jsonl", "trainingTokens": 4276333, "validation": {"tokens": 91185, "sequences": 10000, "tokenAccuracy": 0.9997258320995778, "exactLabelAndBoundarySequence": 0.993, "boundaryPrecision": 0.9637482900136799, "boundaryRecall": 1.0, "boundaryF1": 0.9815395332636712, "boundaryCounts": {"truePositive": 1409, "falsePositive": 53, "falseNegative": 0}}, "heldout": {"tokens": 68866, "sequences": 10000, "tokenAccuracy": 0.9066012255684953, "exactLabelAndBoundarySequence": 0.5662, "boundaryPrecision": 0.7084826762246117, "boundaryRecall": 0.9465283320031923, "boundaryF1": 0.8103860608131191, "boundaryCounts": {"truePositive": 1186, "falsePositive": 488, "falseNegative": 67}}}
{"epoch": 9, "batch": 1, "batches": 295, "loss": 0.37776580452919006, "qat": false, "tokensSeen": 34252884}
{"epoch": 9, "batch": 51, "batches": 295, "loss": 0.37768885493278503, "qat": false, "tokensSeen": 34974377}
{"epoch": 9, "batch": 101, "batches": 295, "loss": 0.37768223881721497, "qat": false, "tokensSeen": 35688053}
{"epoch": 9, "batch": 151, "batches": 295, "loss": 0.37754207849502563, "qat": false, "tokensSeen": 36431994}
{"epoch": 9, "batch": 201, "batches": 295, "loss": 0.3772844672203064, "qat": false, "tokensSeen": 37141638}
{"epoch": 9, "batch": 251, "batches": 295, "loss": 0.37705397605895996, "qat": false, "tokensSeen": 37826486}
{"epoch": 9, "loss": 0.3774002194404602, "seconds": 5.706387291997089, "qat": false, "trainingSeed": "/Users/arikko/Developer/vibecode/gpu-time-rewrite/data/synth/diverse/train.jsonl", "trainingTokens": 4279339, "validation": {"tokens": 91185, "sequences": 10000, "tokenAccuracy": 0.9997806656796622, "exactLabelAndBoundarySequence": 0.9946, "boundaryPrecision": 0.9730290456431535, "boundaryRecall": 0.9985805535841022, "boundaryF1": 0.9856392294220666, "boundaryCounts": {"truePositive": 1407, "falsePositive": 39, "falseNegative": 2}}, "heldout": {"tokens": 68866, "sequences": 10000, "tokenAccuracy": 0.9018673946504806, "exactLabelAndBoundarySequence": 0.5218, "boundaryPrecision": 0.6192052980132451, "boundaryRecall": 0.5969672785315243, "boundaryF1": 0.6078829744006501, "boundaryCounts": {"truePositive": 748, "falsePositive": 460, "falseNegative": 505}}}
{"epoch": 10, "batch": 1, "batches": 295, "loss": 0.3768920600414276, "qat": false, "tokensSeen": 38531918}
{"epoch": 10, "batch": 51, "batches": 295, "loss": 0.3769944906234741, "qat": false, "tokensSeen": 39277053}
{"epoch": 10, "batch": 101, "batches": 295, "loss": 0.37685638666152954, "qat": false, "tokensSeen": 40023241}
{"epoch": 10, "batch": 151, "batches": 295, "loss": 0.3767012059688568, "qat": false, "tokensSeen": 40698134}
{"epoch": 10, "batch": 201, "batches": 295, "loss": 0.37666839361190796, "qat": false, "tokensSeen": 41416353}
{"epoch": 10, "batch": 251, "batches": 295, "loss": 0.3765745460987091, "qat": false, "tokensSeen": 42162055}
{"epoch": 10, "loss": 0.3767327666282654, "seconds": 5.577855625000666, "qat": false, "trainingSeed": "/Users/arikko/Developer/vibecode/gpu-time-rewrite/data/synth/diverse/train.jsonl", "trainingTokens": 4279995, "validation": {"tokens": 91185, "sequences": 10000, "tokenAccuracy": 0.9997477655316116, "exactLabelAndBoundarySequence": 0.996, "boundaryPrecision": 0.9866946778711485, "boundaryRecall": 1.0, "boundaryF1": 0.9933027846316532, "boundaryCounts": {"truePositive": 1409, "falsePositive": 19, "falseNegative": 0}}, "heldout": {"tokens": 68866, "sequences": 10000, "tokenAccuracy": 0.9040600586646531, "exactLabelAndBoundarySequence": 0.5554, "boundaryPrecision": 0.719013627514601, "boundaryRecall": 0.8842777334397446, "boundaryF1": 0.7931281317108089, "boundaryCounts": {"truePositive": 1108, "falsePositive": 433, "falseNegative": 145}}}
{"epoch": 11, "batch": 1, "batches": 294, "loss": 0.37796178460121155, "qat": false, "tokensSeen": 42841714}
{"epoch": 11, "batch": 51, "batches": 294, "loss": 0.3763836920261383, "qat": false, "tokensSeen": 43555480}
{"epoch": 11, "batch": 101, "batches": 294, "loss": 0.3763039708137512, "qat": false, "tokensSeen": 44270128}
{"epoch": 11, "batch": 151, "batches": 294, "loss": 0.37625548243522644, "qat": false, "tokensSeen": 45009083}
{"epoch": 11, "batch": 201, "batches": 294, "loss": 0.3761652410030365, "qat": false, "tokensSeen": 45777443}
{"epoch": 11, "batch": 251, "batches": 294, "loss": 0.376102477312088, "qat": false, "tokensSeen": 46431844}
{"epoch": 11, "loss": 0.37622761726379395, "seconds": 5.829786624999542, "qat": false, "trainingSeed": "/Users/arikko/Developer/vibecode/gpu-time-rewrite/data/synth/diverse/train.jsonl", "trainingTokens": 4285414, "validation": {"tokens": 91185, "sequences": 10000, "tokenAccuracy": 0.9997806656796622, "exactLabelAndBoundarySequence": 0.996, "boundaryPrecision": 0.9846261355695318, "boundaryRecall": 1.0, "boundaryF1": 0.9922535211267606, "boundaryCounts": {"truePositive": 1409, "falsePositive": 22, "falseNegative": 0}}, "heldout": {"tokens": 68866, "sequences": 10000, "tokenAccuracy": 0.9067173931983853, "exactLabelAndBoundarySequence": 0.5644, "boundaryPrecision": 0.7091232227488151, "boundaryRecall": 0.9553072625698324, "boundaryF1": 0.8140088405304318, "boundaryCounts": {"truePositive": 1197, "falsePositive": 491, "falseNegative": 56}}}
{"epoch": 12, "batch": 1, "batches": 295, "loss": 0.37590375542640686, "qat": false, "tokensSeen": 47097439}
{"epoch": 12, "batch": 51, "batches": 295, "loss": 0.3760373294353485, "qat": false, "tokensSeen": 47774722}
{"epoch": 12, "batch": 101, "batches": 295, "loss": 0.37600383162498474, "qat": false, "tokensSeen": 48497398}
{"epoch": 12, "batch": 151, "batches": 295, "loss": 0.3759145736694336, "qat": false, "tokensSeen": 49244845}
{"epoch": 12, "batch": 201, "batches": 295, "loss": 0.3757959306240082, "qat": false, "tokensSeen": 49988187}
{"epoch": 12, "batch": 251, "batches": 295, "loss": 0.37578755617141724, "qat": false, "tokensSeen": 50700190}
{"epoch": 12, "loss": 0.3758946359157562, "seconds": 7.370528542000102, "qat": false, "trainingSeed": "/Users/arikko/Developer/vibecode/gpu-time-rewrite/data/synth/diverse/train.jsonl", "trainingTokens": 4279887, "validation": {"tokens": 91185, "sequences": 10000, "tokenAccuracy": 0.9996929319515271, "exactLabelAndBoundarySequence": 0.9955, "boundaryPrecision": 0.9866946778711485, "boundaryRecall": 1.0, "boundaryF1": 0.9933027846316532, "boundaryCounts": {"truePositive": 1409, "falsePositive": 19, "falseNegative": 0}}, "heldout": {"tokens": 68866, "sequences": 10000, "tokenAccuracy": 0.9009961374263061, "exactLabelAndBoundarySequence": 0.5432, "boundaryPrecision": 0.7169693174702567, "boundaryRecall": 0.9138068635275339, "boundaryF1": 0.8035087719298246, "boundaryCounts": {"truePositive": 1145, "falsePositive": 452, "falseNegative": 108}}}
{"epoch": 13, "batch": 1, "batches": 295, "loss": 0.37599417567253113, "qat": false, "tokensSeen": 51377581}
{"epoch": 13, "batch": 51, "batches": 295, "loss": 0.37575843930244446, "qat": false, "tokensSeen": 52090777}
{"epoch": 13, "batch": 101, "batches": 295, "loss": 0.37565848231315613, "qat": false, "tokensSeen": 52799772}
{"epoch": 13, "batch": 151, "batches": 295, "loss": 0.3756510019302368, "qat": false, "tokensSeen": 53513782}
{"epoch": 13, "batch": 201, "batches": 295, "loss": 0.37550681829452515, "qat": false, "tokensSeen": 54197888}
{"epoch": 13, "batch": 251, "batches": 295, "loss": 0.37553733587265015, "qat": false, "tokensSeen": 55023666}
{"epoch": 13, "loss": 0.37558358907699585, "seconds": 9.40051362500526, "qat": false, "trainingSeed": "/Users/arikko/Developer/vibecode/gpu-time-rewrite/data/synth/diverse/train.jsonl", "trainingTokens": 4282405, "validation": {"tokens": 91185, "sequences": 10000, "tokenAccuracy": 0.999802599111696, "exactLabelAndBoundarySequence": 0.9964, "boundaryPrecision": 0.9860041987403779, "boundaryRecall": 1.0, "boundaryF1": 0.9929527836504581, "boundaryCounts": {"truePositive": 1409, "falsePositive": 20, "falseNegative": 0}}, "heldout": {"tokens": 68866, "sequences": 10000, "tokenAccuracy": 0.901286556501031, "exactLabelAndBoundarySequence": 0.5428, "boundaryPrecision": 0.7263017356475301, "boundaryRecall": 0.8683160415003991, "boundaryF1": 0.7909850963286079, "boundaryCounts": {"truePositive": 1088, "falsePositive": 410, "falseNegative": 165}}}
{"epoch": 14, "batch": 1, "batches": 295, "loss": 0.3757931590080261, "qat": false, "tokensSeen": 55660031}
{"epoch": 14, "batch": 51, "batches": 295, "loss": 0.37550854682922363, "qat": false, "tokensSeen": 56386265}
{"epoch": 14, "batch": 101, "batches": 295, "loss": 0.37540915608406067, "qat": false, "tokensSeen": 57100013}
{"epoch": 14, "batch": 151, "batches": 295, "loss": 0.3753565549850464, "qat": false, "tokensSeen": 57874357}
{"epoch": 14, "batch": 201, "batches": 295, "loss": 0.3753393888473511, "qat": false, "tokensSeen": 58548183}
{"epoch": 14, "batch": 251, "batches": 295, "loss": 0.3753138780593872, "qat": false, "tokensSeen": 59224761}
{"epoch": 14, "loss": 0.37537840008735657, "seconds": 10.538253791004536, "qat": false, "trainingSeed": "/Users/arikko/Developer/vibecode/gpu-time-rewrite/data/synth/diverse/train.jsonl", "trainingTokens": 4275891, "validation": {"tokens": 91185, "sequences": 10000, "tokenAccuracy": 0.9997916323956791, "exactLabelAndBoundarySequence": 0.996, "boundaryPrecision": 0.9839385474860335, "boundaryRecall": 1.0, "boundaryF1": 0.9919042590637099, "boundaryCounts": {"truePositive": 1409, "falsePositive": 23, "falseNegative": 0}}, "heldout": {"tokens": 68866, "sequences": 10000, "tokenAccuracy": 0.9052652978247612, "exactLabelAndBoundarySequence": 0.5683, "boundaryPrecision": 0.6459044368600683, "boundaryRecall": 0.6041500399042299, "boundaryF1": 0.6243298969072165, "boundaryCounts": {"truePositive": 757, "falsePositive": 415, "falseNegative": 496}}}
{"epoch": 15, "batch": 1, "batches": 295, "loss": 0.37595176696777344, "qat": true, "tokensSeen": 59935947}
{"epoch": 15, "batch": 51, "batches": 295, "loss": 0.3755670487880707, "qat": true, "tokensSeen": 60594009}
{"epoch": 15, "batch": 101, "batches": 295, "loss": 0.37532687187194824, "qat": true, "tokensSeen": 61303609}
{"epoch": 15, "batch": 151, "batches": 295, "loss": 0.375492125749588, "qat": true, "tokensSeen": 61979849}
{"epoch": 15, "batch": 201, "batches": 295, "loss": 0.3753913938999176, "qat": true, "tokensSeen": 62678800}
{"epoch": 15, "batch": 251, "batches": 295, "loss": 0.37547874450683594, "qat": true, "tokensSeen": 63481326}
{"epoch": 15, "loss": 0.37545061111450195, "seconds": 11.56394483299664, "qat": true, "trainingSeed": "/Users/arikko/Developer/vibecode/gpu-time-rewrite/data/synth/diverse/train.jsonl", "trainingTokens": 4287027, "validation": {"tokens": 91185, "sequences": 10000, "tokenAccuracy": 0.9998245325437298, "exactLabelAndBoundarySequence": 0.9979, "boundaryPrecision": 0.9957597173144876, "boundaryRecall": 1.0, "boundaryF1": 0.9978753541076487, "boundaryCounts": {"truePositive": 1409, "falsePositive": 6, "falseNegative": 0}}, "heldout": {"tokens": 68866, "sequences": 10000, "tokenAccuracy": 0.9063688903087155, "exactLabelAndBoundarySequence": 0.5886, "boundaryPrecision": 0.7355481727574751, "boundaryRecall": 0.8834796488427773, "boundaryF1": 0.8027556200145033, "boundaryCounts": {"truePositive": 1107, "falsePositive": 398, "falseNegative": 146}}}
{"epoch": 16, "batch": 1, "batches": 295, "loss": 0.37563180923461914, "qat": true, "tokensSeen": 64222771}
{"epoch": 16, "batch": 51, "batches": 295, "loss": 0.37543949484825134, "qat": true, "tokensSeen": 64988978}
{"epoch": 16, "batch": 101, "batches": 295, "loss": 0.3753679692745209, "qat": true, "tokensSeen": 65702729}
{"epoch": 16, "batch": 151, "batches": 295, "loss": 0.3752603232860565, "qat": true, "tokensSeen": 66344770}
{"epoch": 16, "batch": 201, "batches": 295, "loss": 0.37547406554222107, "qat": true, "tokensSeen": 67109617}
{"epoch": 16, "batch": 251, "batches": 295, "loss": 0.3753474950790405, "qat": true, "tokensSeen": 67884741}
{"epoch": 16, "loss": 0.3753506541252136, "seconds": 9.886031667003408, "qat": true, "trainingSeed": "/Users/arikko/Developer/vibecode/gpu-time-rewrite/data/synth/diverse/train.jsonl", "trainingTokens": 4281879, "validation": {"tokens": 91185, "sequences": 10000, "tokenAccuracy": 0.999802599111696, "exactLabelAndBoundarySequence": 0.9982, "boundaryPrecision": 0.999290780141844, "boundaryRecall": 1.0, "boundaryF1": 0.9996452642781128, "boundaryCounts": {"truePositive": 1409, "falsePositive": 1, "falseNegative": 0}}, "heldout": {"tokens": 68866, "sequences": 10000, "tokenAccuracy": 0.9069206865506927, "exactLabelAndBoundarySequence": 0.5878, "boundaryPrecision": 0.727072633895818, "boundaryRecall": 0.790901835594573, "boundaryF1": 0.7576452599388378, "boundaryCounts": {"truePositive": 991, "falsePositive": 372, "falseNegative": 262}}}
{"epoch": 17, "batch": 1, "batches": 295, "loss": 0.37531018257141113, "qat": true, "tokensSeen": 68504093}
{"epoch": 17, "batch": 51, "batches": 295, "loss": 0.37530216574668884, "qat": true, "tokensSeen": 69219638}
{"epoch": 17, "batch": 101, "batches": 295, "loss": 0.37525925040245056, "qat": true, "tokensSeen": 69952088}
{"epoch": 17, "batch": 151, "batches": 295, "loss": 0.3753288686275482, "qat": true, "tokensSeen": 70696246}
{"epoch": 17, "batch": 201, "batches": 295, "loss": 0.37522318959236145, "qat": true, "tokensSeen": 71381291}
{"epoch": 17, "batch": 251, "batches": 295, "loss": 0.3752354085445404, "qat": true, "tokensSeen": 72124043}
{"epoch": 17, "loss": 0.3752603530883789, "seconds": 7.815886124997633, "qat": true, "trainingSeed": "/Users/arikko/Developer/vibecode/gpu-time-rewrite/data/synth/diverse/train.jsonl", "trainingTokens": 4274689, "validation": {"tokens": 91185, "sequences": 10000, "tokenAccuracy": 0.9998245325437298, "exactLabelAndBoundarySequence": 0.9978, "boundaryPrecision": 0.9950564971751412, "boundaryRecall": 1.0, "boundaryF1": 0.9975221238938053, "boundaryCounts": {"truePositive": 1409, "falsePositive": 7, "falseNegative": 0}}, "heldout": {"tokens": 68866, "sequences": 10000, "tokenAccuracy": 0.9066012255684953, "exactLabelAndBoundarySequence": 0.5763, "boundaryPrecision": 0.6877567789646672, "boundaryRecall": 0.6679968076616122, "boundaryF1": 0.6777327935222672, "boundaryCounts": {"truePositive": 837, "falsePositive": 380, "falseNegative": 416}}}
{"epoch": 18, "batch": 1, "batches": 295, "loss": 0.37509211897850037, "qat": true, "tokensSeen": 72779341}
{"epoch": 18, "batch": 51, "batches": 295, "loss": 0.37515535950660706, "qat": true, "tokensSeen": 73522420}
{"epoch": 18, "batch": 101, "batches": 295, "loss": 0.3754357397556305, "qat": true, "tokensSeen": 74348860}
{"epoch": 18, "batch": 151, "batches": 295, "loss": 0.3750747740268707, "qat": true, "tokensSeen": 75037447}
{"epoch": 18, "batch": 201, "batches": 295, "loss": 0.37510010600090027, "qat": true, "tokensSeen": 75813616}
{"epoch": 18, "batch": 251, "batches": 295, "loss": 0.37511977553367615, "qat": true, "tokensSeen": 76466725}
{"epoch": 18, "loss": 0.37515488266944885, "seconds": 7.085548333001498, "qat": true, "trainingSeed": "/Users/arikko/Developer/vibecode/gpu-time-rewrite/data/synth/diverse/train.jsonl", "trainingTokens": 4275560, "validation": {"tokens": 91185, "sequences": 10000, "tokenAccuracy": 0.9998135658277129, "exactLabelAndBoundarySequence": 0.9982, "boundaryPrecision": 0.9985825655563431, "boundaryRecall": 1.0, "boundaryF1": 0.999290780141844, "boundaryCounts": {"truePositive": 1409, "falsePositive": 2, "falseNegative": 0}}, "heldout": {"tokens": 68866, "sequences": 10000, "tokenAccuracy": 0.9076322132837685, "exactLabelAndBoundarySequence": 0.5873, "boundaryPrecision": 0.7228381374722838, "boundaryRecall": 0.7805267358339985, "boundaryF1": 0.7505755947812739, "boundaryCounts": {"truePositive": 978, "falsePositive": 375, "falseNegative": 275}}}
{"epoch": 19, "batch": 1, "batches": 295, "loss": 0.37520357966423035, "qat": true, "tokensSeen": 77054873}
{"epoch": 19, "batch": 51, "batches": 295, "loss": 0.3751741051673889, "qat": true, "tokensSeen": 77824560}
{"epoch": 19, "batch": 101, "batches": 295, "loss": 0.3751099705696106, "qat": true, "tokensSeen": 78560902}
{"epoch": 19, "batch": 151, "batches": 295, "loss": 0.3750954866409302, "qat": true, "tokensSeen": 79268967}
{"epoch": 19, "batch": 201, "batches": 295, "loss": 0.3751579523086548, "qat": true, "tokensSeen": 79950832}
{"epoch": 19, "batch": 251, "batches": 295, "loss": 0.3750554919242859, "qat": true, "tokensSeen": 80694838}
{"epoch": 19, "loss": 0.3751138150691986, "seconds": 6.545265541004483, "qat": true, "trainingSeed": "/Users/arikko/Developer/vibecode/gpu-time-rewrite/data/synth/diverse/train.jsonl", "trainingTokens": 4259112, "validation": {"tokens": 91185, "sequences": 10000, "tokenAccuracy": 0.9998245325437298, "exactLabelAndBoundarySequence": 0.9976, "boundaryPrecision": 0.9936530324400564, "boundaryRecall": 1.0, "boundaryF1": 0.9968164131588255, "boundaryCounts": {"truePositive": 1409, "falsePositive": 9, "falseNegative": 0}}, "heldout": {"tokens": 68866, "sequences": 10000, "tokenAccuracy": 0.9048732320738826, "exactLabelAndBoundarySequence": 0.5755, "boundaryPrecision": 0.6923701298701299, "boundaryRecall": 0.6807661612130886, "boundaryF1": 0.6865191146881288, "boundaryCounts": {"truePositive": 853, "falsePositive": 379, "falseNegative": 400}}}
{"epoch": 20, "batch": 1, "batches": 295, "loss": 0.3746190071105957, "qat": true, "tokensSeen": 81314114}
{"epoch": 20, "batch": 51, "batches": 295, "loss": 0.3750370442867279, "qat": true, "tokensSeen": 81969669}
{"epoch": 20, "batch": 101, "batches": 295, "loss": 0.37512537837028503, "qat": true, "tokensSeen": 82729286}
{"epoch": 20, "batch": 151, "batches": 295, "loss": 0.37505629658699036, "qat": true, "tokensSeen": 83366139}
{"epoch": 20, "batch": 201, "batches": 295, "loss": 0.3751055598258972, "qat": true, "tokensSeen": 84169611}
{"epoch": 20, "batch": 251, "batches": 295, "loss": 0.3750052750110626, "qat": true, "tokensSeen": 84914899}
{"epoch": 20, "loss": 0.37507373094558716, "seconds": 6.268987458002812, "qat": true, "trainingSeed": "/Users/arikko/Developer/vibecode/gpu-time-rewrite/data/synth/diverse/train.jsonl", "trainingTokens": 4276359, "validation": {"tokens": 91185, "sequences": 10000, "tokenAccuracy": 0.9998245325437298, "exactLabelAndBoundarySequence": 0.9981, "boundaryPrecision": 0.9964639321074965, "boundaryRecall": 1.0, "boundaryF1": 0.9982288345731493, "boundaryCounts": {"truePositive": 1409, "falsePositive": 5, "falseNegative": 0}}, "heldout": {"tokens": 68866, "sequences": 10000, "tokenAccuracy": 0.907966195219702, "exactLabelAndBoundarySequence": 0.5825, "boundaryPrecision": 0.7130833970925784, "boundaryRecall": 0.7438148443735035, "boundaryF1": 0.7281249999999998, "boundaryCounts": {"truePositive": 932, "falsePositive": 375, "falseNegative": 321}}}
{"stage": "completed", "checkpoint": "/Users/arikko/Developer/vibecode/gpu-time-rewrite/training/runs/diverse/best.pt", "seconds": 318.5202301249956}
