{
  "checkpoint": "training/runs/compositional/best.pt",
  "checkpointSha256": "e5f309d2e04095ba6a61de73c6cb2103e18a9f441df9970223ee36db3d9f02f9",
  "epoch": 14,
  "tokensSeenAtCheckpoint": 58982564,
  "parameters": 32953,
  "quantizationBits": 6,
  "logicalPackedBytes": 24715,
  "encodedCharacters": 32953,
  "moduleBytes": 35213,
  "moduleGzipBytes": 21648,
  "moduleBrotliBytes": 19041,
  "labels": [
    "O",
    "NUM",
    "ORD",
    "UNIT",
    "DIR_BEFORE",
    "DIR_AFTER",
    "NOW",
    "REL_DAY",
    "DEICTIC",
    "WEEKDAY",
    "DAYGROUP",
    "MONTH",
    "DOM",
    "YEAR",
    "HOUR",
    "MINUTE",
    "SECOND",
    "MERIDIEM",
    "TIME_NAMED",
    "DAYPART",
    "RANGE_START",
    "RANGE_END",
    "RECUR",
    "FREQ",
    "TIMES",
    "BOUND_START",
    "BOUND_END",
    "COUNT",
    "DUR",
    "EXCEPT",
    "TZ",
    "HOLIDAY",
    "JOIN",
    "GLUE"
  ],
  "metrics": {
    "validation": {
      "tokens": 89318,
      "sequences": 10000,
      "tokenAccuracy": 0.999708905259858,
      "exactLabelAndBoundarySequence": 0.997,
      "boundaryPrecision": 0.9985422740524781,
      "boundaryRecall": 0.9985422740524781,
      "boundaryF1": 0.9985422740524781,
      "boundaryCounts": {
        "truePositive": 1370,
        "falsePositive": 2,
        "falseNegative": 2
      }
    },
    "heldout": {
      "tokens": 71821,
      "sequences": 10000,
      "tokenAccuracy": 0.9660266495871681,
      "exactLabelAndBoundarySequence": 0.8131,
      "boundaryPrecision": 0.920957215373459,
      "boundaryRecall": 1.0,
      "boundaryF1": 0.9588523971309928,
      "boundaryCounts": {
        "truePositive": 1270,
        "falsePositive": 109,
        "falseNegative": 0
      }
    }
  },
  "scope": "Exact decoded int6 weights, sequential CPU PyTorch inference reference with the recorded intermediate precision. Training uses the mathematically equivalent parallel affine scan. Browser parity and end-to-end schedule accuracy are separate gates.",
  "parity": {
    "prefix": "training/parity",
    "sequences": 512,
    "tokens": 6048,
    "rowsPerToken": 17,
    "rolesPerToken": 40
  }
}
