{"stage": "preparing-data", "run": "main", "device": "mps", "samplesPerEpoch": 300000}
{"epoch": 1, "batch": 1, "batches": 294, "loss": 4.108316898345947, "qat": false, "tokensSeen": 14032}
{"epoch": 1, "batch": 51, "batches": 294, "loss": 3.9058678150177, "qat": false, "tokensSeen": 737838}
{"epoch": 1, "batch": 101, "batches": 294, "loss": 2.874213933944702, "qat": false, "tokensSeen": 1526517}
{"epoch": 1, "batch": 151, "batches": 294, "loss": 2.307572364807129, "qat": false, "tokensSeen": 2313697}
{"epoch": 1, "batch": 201, "batches": 294, "loss": 1.4549620151519775, "qat": false, "tokensSeen": 3162914}
{"epoch": 1, "batch": 251, "batches": 294, "loss": 0.8766435980796814, "qat": false, "tokensSeen": 3978252}
{"epoch": 1, "loss": 2.049513578414917, "seconds": 18.64260179199482, "qat": false, "trainingSeed": "/Users/arikko/Developer/vibecode/gpu-time-rewrite/data/synth/main/train.jsonl", "trainingTokens": 4644967, "validation": {"tokens": 94281, "sequences": 10000, "tokenAccuracy": 0.9717758615203488, "exactLabelAndBoundarySequence": 0.7482, "boundaryPrecision": 0.6628989361702128, "boundaryRecall": 0.7686969930609098, "boundaryF1": 0.7118886112102821, "boundaryCounts": {"truePositive": 997, "falsePositive": 507, "falseNegative": 300}}, "heldout": {"tokens": 73710, "sequences": 10000, "tokenAccuracy": 0.8699362366029033, "exactLabelAndBoundarySequence": 0.3858, "boundaryPrecision": 0.6400580551523948, "boundaryRecall": 1.0, "boundaryF1": 0.7805309734513274, "boundaryCounts": {"truePositive": 1323, "falsePositive": 744, "falseNegative": 0}}}
{"epoch": 2, "batch": 1, "batches": 294, "loss": 0.5670720934867859, "qat": false, "tokensSeen": 4658798}
{"epoch": 2, "batch": 51, "batches": 294, "loss": 0.5281818509101868, "qat": false, "tokensSeen": 5444313}
{"epoch": 2, "batch": 101, "batches": 294, "loss": 0.4729861319065094, "qat": false, "tokensSeen": 6256004}
{"epoch": 2, "batch": 151, "batches": 294, "loss": 0.44658592343330383, "qat": false, "tokensSeen": 7063489}
{"epoch": 2, "batch": 201, "batches": 294, "loss": 0.42782077193260193, "qat": false, "tokensSeen": 7787309}
{"epoch": 2, "batch": 251, "batches": 294, "loss": 0.42251941561698914, "qat": false, "tokensSeen": 8599492}
{"epoch": 2, "loss": 0.4534389078617096, "seconds": 14.000254667000263, "qat": false, "trainingSeed": "/Users/arikko/Developer/vibecode/gpu-time-rewrite/data/synth/main/train.jsonl", "trainingTokens": 4643649, "validation": {"tokens": 94281, "sequences": 10000, "tokenAccuracy": 0.9982074861318824, "exactLabelAndBoundarySequence": 0.9028, "boundaryPrecision": 0.5522131499785131, "boundaryRecall": 0.9907478797224364, "boundaryF1": 0.7091611479028697, "boundaryCounts": {"truePositive": 1285, "falsePositive": 1042, "falseNegative": 12}}, "heldout": {"tokens": 73710, "sequences": 10000, "tokenAccuracy": 0.9251119251119251, "exactLabelAndBoundarySequence": 0.5662, "boundaryPrecision": 0.6887038001041125, "boundaryRecall": 1.0, "boundaryF1": 0.8156596794081381, "boundaryCounts": {"truePositive": 1323, "falsePositive": 598, "falseNegative": 0}}}
{"epoch": 3, "batch": 1, "batches": 295, "loss": 0.4106972813606262, "qat": false, "tokensSeen": 9302106}
{"epoch": 3, "batch": 51, "batches": 295, "loss": 0.41056668758392334, "qat": false, "tokensSeen": 10088525}
{"epoch": 3, "batch": 101, "batches": 295, "loss": 0.40694859623908997, "qat": false, "tokensSeen": 10937704}
{"epoch": 3, "batch": 151, "batches": 295, "loss": 0.3994707763195038, "qat": false, "tokensSeen": 11756107}
{"epoch": 3, "batch": 201, "batches": 295, "loss": 0.3966819643974304, "qat": false, "tokensSeen": 12534587}
{"epoch": 3, "batch": 251, "batches": 295, "loss": 0.39319542050361633, "qat": false, "tokensSeen": 13300894}
{"epoch": 3, "loss": 0.3996734023094177, "seconds": 13.17239183300262, "qat": false, "trainingSeed": "/Users/arikko/Developer/vibecode/gpu-time-rewrite/data/synth/main/train.jsonl", "trainingTokens": 4654714, "validation": {"tokens": 94281, "sequences": 10000, "tokenAccuracy": 0.9997878681812878, "exactLabelAndBoundarySequence": 0.9884, "boundaryPrecision": 0.9344978165938864, "boundaryRecall": 0.9899768696993061, "boundaryF1": 0.9614376637963309, "boundaryCounts": {"truePositive": 1284, "falsePositive": 90, "falseNegative": 13}}, "heldout": {"tokens": 73710, "sequences": 10000, "tokenAccuracy": 0.9345543345543346, "exactLabelAndBoundarySequence": 0.602, "boundaryPrecision": 0.8186881188118812, "boundaryRecall": 1.0, "boundaryF1": 0.9003062266076898, "boundaryCounts": {"truePositive": 1323, "falsePositive": 293, "falseNegative": 0}}}
{"epoch": 4, "batch": 1, "batches": 294, "loss": 0.3867395222187042, "qat": false, "tokensSeen": 13957243}
{"epoch": 4, "batch": 51, "batches": 294, "loss": 0.3875148296356201, "qat": false, "tokensSeen": 14693344}
{"epoch": 4, "batch": 101, "batches": 294, "loss": 0.38660603761672974, "qat": false, "tokensSeen": 15513543}
{"epoch": 4, "batch": 151, "batches": 294, "loss": 0.3863186240196228, "qat": false, "tokensSeen": 16356467}
{"epoch": 4, "batch": 201, "batches": 294, "loss": 0.38308247923851013, "qat": false, "tokensSeen": 17079877}
{"epoch": 4, "batch": 251, "batches": 294, "loss": 0.38252773880958557, "qat": false, "tokensSeen": 17833544}
{"epoch": 4, "loss": 0.38477757573127747, "seconds": 13.712889084003109, "qat": false, "trainingSeed": "/Users/arikko/Developer/vibecode/gpu-time-rewrite/data/synth/main/train.jsonl", "trainingTokens": 4641622, "validation": {"tokens": 94281, "sequences": 10000, "tokenAccuracy": 0.9999257538634507, "exactLabelAndBoundarySequence": 0.9971, "boundaryPrecision": 0.9840546697038725, "boundaryRecall": 0.9992289899768697, "boundaryF1": 0.991583779648049, "boundaryCounts": {"truePositive": 1296, "falsePositive": 21, "falseNegative": 1}}, "heldout": {"tokens": 73710, "sequences": 10000, "tokenAccuracy": 0.9371591371591371, "exactLabelAndBoundarySequence": 0.5949, "boundaryPrecision": 0.7991775188485264, "boundaryRecall": 0.8813303099017384, "boundaryF1": 0.8382458662832495, "boundaryCounts": {"truePositive": 1166, "falsePositive": 293, "falseNegative": 157}}}
{"epoch": 5, "batch": 1, "batches": 294, "loss": 0.3815077245235443, "qat": false, "tokensSeen": 18598908}
{"epoch": 5, "batch": 51, "batches": 294, "loss": 0.38159099221229553, "qat": false, "tokensSeen": 19410971}
{"epoch": 5, "batch": 101, "batches": 294, "loss": 0.38037997484207153, "qat": false, "tokensSeen": 20198437}
{"epoch": 5, "batch": 151, "batches": 294, "loss": 0.3797808587551117, "qat": false, "tokensSeen": 20985018}
{"epoch": 5, "batch": 201, "batches": 294, "loss": 0.3793666362762451, "qat": false, "tokensSeen": 21763080}
{"epoch": 5, "batch": 251, "batches": 294, "loss": 0.37921565771102905, "qat": false, "tokensSeen": 22548791}
{"epoch": 5, "loss": 0.37989845871925354, "seconds": 17.77628808299778, "qat": false, "trainingSeed": "/Users/arikko/Developer/vibecode/gpu-time-rewrite/data/synth/main/train.jsonl", "trainingTokens": 4654216, "validation": {"tokens": 94281, "sequences": 10000, "tokenAccuracy": 0.9999469670453219, "exactLabelAndBoundarySequence": 0.9992, "boundaryPrecision": 0.9992283950617284, "boundaryRecall": 0.9984579799537394, "boundaryF1": 0.998843038951022, "boundaryCounts": {"truePositive": 1295, "falsePositive": 1, "falseNegative": 2}}, "heldout": {"tokens": 73710, "sequences": 10000, "tokenAccuracy": 0.9355718355718355, "exactLabelAndBoundarySequence": 0.5394, "boundaryPrecision": 0.6979381443298969, "boundaryRecall": 0.5117157974300831, "boundaryF1": 0.590492804186655, "boundaryCounts": {"truePositive": 677, "falsePositive": 293, "falseNegative": 646}}}
{"epoch": 6, "batch": 1, "batches": 295, "loss": 0.3800838887691498, "qat": false, "tokensSeen": 23283709}
{"epoch": 6, "batch": 51, "batches": 295, "loss": 0.37815967202186584, "qat": false, "tokensSeen": 24028364}
{"epoch": 6, "batch": 101, "batches": 295, "loss": 0.37800323963165283, "qat": false, "tokensSeen": 24935266}
{"epoch": 6, "batch": 151, "batches": 295, "loss": 0.3775899410247803, "qat": false, "tokensSeen": 25693443}
{"epoch": 6, "batch": 201, "batches": 295, "loss": 0.3774500787258148, "qat": false, "tokensSeen": 26531695}
{"epoch": 6, "batch": 251, "batches": 295, "loss": 0.3770983815193176, "qat": false, "tokensSeen": 27253117}
{"epoch": 6, "loss": 0.37755388021469116, "seconds": 17.37771020799846, "qat": false, "trainingSeed": "/Users/arikko/Developer/vibecode/gpu-time-rewrite/data/synth/main/train.jsonl", "trainingTokens": 4656149, "validation": {"tokens": 94281, "sequences": 10000, "tokenAccuracy": 0.9999681802271931, "exactLabelAndBoundarySequence": 0.9995, "boundaryPrecision": 1.0, "boundaryRecall": 0.9984579799537394, "boundaryF1": 0.9992283950617284, "boundaryCounts": {"truePositive": 1295, "falsePositive": 0, "falseNegative": 2}}, "heldout": {"tokens": 73710, "sequences": 10000, "tokenAccuracy": 0.9414055080721747, "exactLabelAndBoundarySequence": 0.5464, "boundaryPrecision": 0.2922705314009662, "boundaryRecall": 0.09145880574452003, "boundaryF1": 0.13932066781807717, "boundaryCounts": {"truePositive": 121, "falsePositive": 293, "falseNegative": 1202}}}
{"epoch": 7, "batch": 1, "batches": 294, "loss": 0.3767439126968384, "qat": false, "tokensSeen": 27909326}
{"epoch": 7, "batch": 51, "batches": 294, "loss": 0.37681275606155396, "qat": false, "tokensSeen": 28742798}
{"epoch": 7, "batch": 101, "batches": 294, "loss": 0.3766031563282013, "qat": false, "tokensSeen": 29531448}
{"epoch": 7, "batch": 151, "batches": 294, "loss": 0.37653622031211853, "qat": false, "tokensSeen": 30315076}
{"epoch": 7, "batch": 201, "batches": 294, "loss": 0.3763125538825989, "qat": false, "tokensSeen": 31087370}
{"epoch": 7, "batch": 251, "batches": 294, "loss": 0.3761967420578003, "qat": false, "tokensSeen": 31874098}
{"epoch": 7, "loss": 0.3764307498931885, "seconds": 6.688093709002715, "qat": false, "trainingSeed": "/Users/arikko/Developer/vibecode/gpu-time-rewrite/data/synth/main/train.jsonl", "trainingTokens": 4638334, "validation": {"tokens": 94281, "sequences": 10000, "tokenAccuracy": 0.9999787868181288, "exactLabelAndBoundarySequence": 0.9995, "boundaryPrecision": 1.0, "boundaryRecall": 0.9976869699306091, "boundaryF1": 0.998842145889618, "boundaryCounts": {"truePositive": 1294, "falsePositive": 0, "falseNegative": 3}}, "heldout": {"tokens": 73710, "sequences": 10000, "tokenAccuracy": 0.9384479717813051, "exactLabelAndBoundarySequence": 0.53, "boundaryPrecision": 0.09567901234567901, "boundaryRecall": 0.02343159486016629, "boundaryF1": 0.03764420157862781, "boundaryCounts": {"truePositive": 31, "falsePositive": 293, "falseNegative": 1292}}}
{"epoch": 8, "batch": 1, "batches": 294, "loss": 0.3761915862560272, "qat": false, "tokensSeen": 32547534}
{"epoch": 8, "batch": 51, "batches": 294, "loss": 0.37602031230926514, "qat": false, "tokensSeen": 33397271}
{"epoch": 8, "batch": 101, "batches": 294, "loss": 0.375822514295578, "qat": false, "tokensSeen": 34125785}
{"epoch": 8, "batch": 151, "batches": 294, "loss": 0.3757975697517395, "qat": false, "tokensSeen": 34942992}
{"epoch": 8, "batch": 201, "batches": 294, "loss": 0.3756701648235321, "qat": false, "tokensSeen": 35730556}
{"epoch": 8, "batch": 251, "batches": 294, "loss": 0.3755805194377899, "qat": false, "tokensSeen": 36483233}
{"epoch": 8, "loss": 0.37574321031570435, "seconds": 6.182942957995692, "qat": false, "trainingSeed": "/Users/arikko/Developer/vibecode/gpu-time-rewrite/data/synth/main/train.jsonl", "trainingTokens": 4639515, "validation": {"tokens": 94281, "sequences": 10000, "tokenAccuracy": 1.0, "exactLabelAndBoundarySequence": 1.0, "boundaryPrecision": 1.0, "boundaryRecall": 1.0, "boundaryF1": 1.0, "boundaryCounts": {"truePositive": 1297, "falsePositive": 0, "falseNegative": 0}}, "heldout": {"tokens": 73710, "sequences": 10000, "tokenAccuracy": 0.938013838013838, "exactLabelAndBoundarySequence": 0.5343, "boundaryPrecision": 0.033003300330033, "boundaryRecall": 0.007558578987150416, "boundaryF1": 0.012300123001230014, "boundaryCounts": {"truePositive": 10, "falsePositive": 293, "falseNegative": 1313}}}
{"epoch": 9, "batch": 1, "batches": 295, "loss": 0.37550705671310425, "qat": false, "tokensSeen": 37187586}
{"epoch": 9, "batch": 51, "batches": 295, "loss": 0.3754674792289734, "qat": false, "tokensSeen": 38004600}
{"epoch": 9, "batch": 101, "batches": 295, "loss": 0.3753904700279236, "qat": false, "tokensSeen": 38807114}
{"epoch": 9, "batch": 151, "batches": 295, "loss": 0.37529006600379944, "qat": false, "tokensSeen": 39526509}
{"epoch": 9, "batch": 201, "batches": 295, "loss": 0.3752576410770416, "qat": false, "tokensSeen": 40311277}
{"epoch": 9, "batch": 251, "batches": 295, "loss": 0.3751911222934723, "qat": false, "tokensSeen": 41087164}
{"epoch": 9, "loss": 0.37529876828193665, "seconds": 6.009808292001253, "qat": false, "trainingSeed": "/Users/arikko/Developer/vibecode/gpu-time-rewrite/data/synth/main/train.jsonl", "trainingTokens": 4647950, "validation": {"tokens": 94281, "sequences": 10000, "tokenAccuracy": 1.0, "exactLabelAndBoundarySequence": 1.0, "boundaryPrecision": 1.0, "boundaryRecall": 1.0, "boundaryF1": 1.0, "boundaryCounts": {"truePositive": 1297, "falsePositive": 0, "falseNegative": 0}}, "heldout": {"tokens": 73710, "sequences": 10000, "tokenAccuracy": 0.9368742368742369, "exactLabelAndBoundarySequence": 0.5245, "boundaryPrecision": 0.0, "boundaryRecall": 0.0, "boundaryF1": 0.0, "boundaryCounts": {"truePositive": 0, "falsePositive": 293, "falseNegative": 1323}}}
{"epoch": 10, "batch": 1, "batches": 294, "loss": 0.3751237690448761, "qat": false, "tokensSeen": 41834833}
{"epoch": 10, "batch": 51, "batches": 294, "loss": 0.3751107156276703, "qat": false, "tokensSeen": 42705655}
{"epoch": 10, "batch": 101, "batches": 294, "loss": 0.3749978244304657, "qat": false, "tokensSeen": 43450274}
{"epoch": 10, "batch": 151, "batches": 294, "loss": 0.3749520778656006, "qat": false, "tokensSeen": 44203944}
{"epoch": 10, "batch": 201, "batches": 294, "loss": 0.374923974275589, "qat": false, "tokensSeen": 44992628}
{"epoch": 10, "batch": 251, "batches": 294, "loss": 0.3748769462108612, "qat": false, "tokensSeen": 45780298}
{"epoch": 10, "loss": 0.37495407462120056, "seconds": 5.957480458004284, "qat": false, "trainingSeed": "/Users/arikko/Developer/vibecode/gpu-time-rewrite/data/synth/main/train.jsonl", "trainingTokens": 4648098, "validation": {"tokens": 94281, "sequences": 10000, "tokenAccuracy": 1.0, "exactLabelAndBoundarySequence": 1.0, "boundaryPrecision": 1.0, "boundaryRecall": 1.0, "boundaryF1": 1.0, "boundaryCounts": {"truePositive": 1297, "falsePositive": 0, "falseNegative": 0}}, "heldout": {"tokens": 73710, "sequences": 10000, "tokenAccuracy": 0.9400759734093067, "exactLabelAndBoundarySequence": 0.5504, "boundaryPrecision": 0.0, "boundaryRecall": 0.0, "boundaryF1": 0.0, "boundaryCounts": {"truePositive": 0, "falsePositive": 293, "falseNegative": 1323}}}
{"epoch": 11, "batch": 1, "batches": 294, "loss": 0.3747745156288147, "qat": false, "tokensSeen": 46482726}
{"epoch": 11, "batch": 51, "batches": 294, "loss": 0.3747963011264801, "qat": false, "tokensSeen": 47300602}
{"epoch": 11, "batch": 101, "batches": 294, "loss": 0.3747663199901581, "qat": false, "tokensSeen": 48077868}
{"epoch": 11, "batch": 151, "batches": 294, "loss": 0.37471744418144226, "qat": false, "tokensSeen": 48829768}
{"epoch": 11, "batch": 201, "batches": 294, "loss": 0.3746686279773712, "qat": false, "tokensSeen": 49589500}
{"epoch": 11, "batch": 251, "batches": 294, "loss": 0.37466445565223694, "qat": false, "tokensSeen": 50456349}
{"epoch": 11, "loss": 0.3747071623802185, "seconds": 7.7099383340028, "qat": false, "trainingSeed": "/Users/arikko/Developer/vibecode/gpu-time-rewrite/data/synth/main/train.jsonl", "trainingTokens": 4647599, "validation": {"tokens": 94281, "sequences": 10000, "tokenAccuracy": 1.0, "exactLabelAndBoundarySequence": 1.0, "boundaryPrecision": 1.0, "boundaryRecall": 1.0, "boundaryF1": 1.0, "boundaryCounts": {"truePositive": 1297, "falsePositive": 0, "falseNegative": 0}}, "heldout": {"tokens": 73710, "sequences": 10000, "tokenAccuracy": 0.9328584995251662, "exactLabelAndBoundarySequence": 0.5168, "boundaryPrecision": 0.0, "boundaryRecall": 0.0, "boundaryF1": 0.0, "boundaryCounts": {"truePositive": 0, "falsePositive": 301, "falseNegative": 1323}}}
{"epoch": 12, "batch": 1, "batches": 294, "loss": 0.37463468313217163, "qat": false, "tokensSeen": 51130597}
{"epoch": 12, "batch": 51, "batches": 294, "loss": 0.37459006905555725, "qat": false, "tokensSeen": 51919536}
{"epoch": 12, "batch": 101, "batches": 294, "loss": 0.37455466389656067, "qat": false, "tokensSeen": 52695387}
{"epoch": 12, "batch": 151, "batches": 294, "loss": 0.3745466470718384, "qat": false, "tokensSeen": 53547153}
{"epoch": 12, "batch": 201, "batches": 294, "loss": 0.3745298683643341, "qat": false, "tokensSeen": 54428580}
{"epoch": 12, "batch": 251, "batches": 294, "loss": 0.37445876002311707, "qat": false, "tokensSeen": 55145342}
{"epoch": 12, "loss": 0.3745224177837372, "seconds": 6.298491207999177, "qat": false, "trainingSeed": "/Users/arikko/Developer/vibecode/gpu-time-rewrite/data/synth/main/train.jsonl", "trainingTokens": 4657192, "validation": {"tokens": 94281, "sequences": 10000, "tokenAccuracy": 1.0, "exactLabelAndBoundarySequence": 1.0, "boundaryPrecision": 1.0, "boundaryRecall": 1.0, "boundaryF1": 1.0, "boundaryCounts": {"truePositive": 1297, "falsePositive": 0, "falseNegative": 0}}, "heldout": {"tokens": 73710, "sequences": 10000, "tokenAccuracy": 0.932967032967033, "exactLabelAndBoundarySequence": 0.511, "boundaryPrecision": 0.0, "boundaryRecall": 0.0, "boundaryF1": 0.0, "boundaryCounts": {"truePositive": 0, "falsePositive": 302, "falseNegative": 1323}}}
{"epoch": 13, "batch": 1, "batches": 294, "loss": 0.3744233250617981, "qat": false, "tokensSeen": 55788102}
{"epoch": 13, "batch": 51, "batches": 294, "loss": 0.3744448721408844, "qat": false, "tokensSeen": 56601257}
{"epoch": 13, "batch": 101, "batches": 294, "loss": 0.37442150712013245, "qat": false, "tokensSeen": 57418208}
{"epoch": 13, "batch": 151, "batches": 294, "loss": 0.3743663728237152, "qat": false, "tokensSeen": 58145472}
{"epoch": 13, "batch": 201, "batches": 294, "loss": 0.37436920404434204, "qat": false, "tokensSeen": 58923351}
{"epoch": 13, "batch": 251, "batches": 294, "loss": 0.374357134103775, "qat": false, "tokensSeen": 59765986}
{"epoch": 13, "loss": 0.37438324093818665, "seconds": 10.425282500000321, "qat": false, "trainingSeed": "/Users/arikko/Developer/vibecode/gpu-time-rewrite/data/synth/main/train.jsonl", "trainingTokens": 4649008, "validation": {"tokens": 94281, "sequences": 10000, "tokenAccuracy": 1.0, "exactLabelAndBoundarySequence": 1.0, "boundaryPrecision": 1.0, "boundaryRecall": 1.0, "boundaryF1": 1.0, "boundaryCounts": {"truePositive": 1297, "falsePositive": 0, "falseNegative": 0}}, "heldout": {"tokens": 73710, "sequences": 10000, "tokenAccuracy": 0.9331705331705332, "exactLabelAndBoundarySequence": 0.5257, "boundaryPrecision": 0.0, "boundaryRecall": 0.0, "boundaryF1": 0.0, "boundaryCounts": {"truePositive": 0, "falsePositive": 302, "falseNegative": 1323}}}
{"epoch": 14, "batch": 1, "batches": 294, "loss": 0.3743295669555664, "qat": false, "tokensSeen": 60436766}
{"epoch": 14, "batch": 51, "batches": 294, "loss": 0.37433797121047974, "qat": false, "tokensSeen": 61297634}
{"epoch": 14, "batch": 101, "batches": 294, "loss": 0.37429770827293396, "qat": false, "tokensSeen": 62081433}
{"epoch": 14, "batch": 151, "batches": 294, "loss": 0.3742634654045105, "qat": false, "tokensSeen": 62807839}
{"epoch": 14, "batch": 201, "batches": 294, "loss": 0.3742550015449524, "qat": false, "tokensSeen": 63562939}
{"epoch": 14, "batch": 251, "batches": 294, "loss": 0.3742554485797882, "qat": false, "tokensSeen": 64379852}
{"epoch": 14, "loss": 0.37427541613578796, "seconds": 8.167935249999573, "qat": false, "trainingSeed": "/Users/arikko/Developer/vibecode/gpu-time-rewrite/data/synth/main/train.jsonl", "trainingTokens": 4645763, "validation": {"tokens": 94281, "sequences": 10000, "tokenAccuracy": 1.0, "exactLabelAndBoundarySequence": 0.9999, "boundaryPrecision": 1.0, "boundaryRecall": 0.9992289899768697, "boundaryF1": 0.9996143463170073, "boundaryCounts": {"truePositive": 1296, "falsePositive": 0, "falseNegative": 1}}, "heldout": {"tokens": 73710, "sequences": 10000, "tokenAccuracy": 0.9344186677520011, "exactLabelAndBoundarySequence": 0.5279, "boundaryPrecision": 0.0, "boundaryRecall": 0.0, "boundaryF1": 0.0, "boundaryCounts": {"truePositive": 0, "falsePositive": 293, "falseNegative": 1323}}}
{"epoch": 15, "batch": 1, "batches": 294, "loss": 0.3755572438240051, "qat": true, "tokensSeen": 65082623}
{"epoch": 15, "batch": 51, "batches": 294, "loss": 0.3745034337043762, "qat": true, "tokensSeen": 65932329}
{"epoch": 15, "batch": 101, "batches": 294, "loss": 0.37431570887565613, "qat": true, "tokensSeen": 66688170}
{"epoch": 15, "batch": 151, "batches": 294, "loss": 0.37433749437332153, "qat": true, "tokensSeen": 67535014}
{"epoch": 15, "batch": 201, "batches": 294, "loss": 0.37427574396133423, "qat": true, "tokensSeen": 68253588}
{"epoch": 15, "batch": 251, "batches": 294, "loss": 0.3742866814136505, "qat": true, "tokensSeen": 69054331}
{"epoch": 15, "loss": 0.3743388056755066, "seconds": 8.219010165994405, "qat": true, "trainingSeed": "/Users/arikko/Developer/vibecode/gpu-time-rewrite/data/synth/main/train.jsonl", "trainingTokens": 4643835, "validation": {"tokens": 94281, "sequences": 10000, "tokenAccuracy": 1.0, "exactLabelAndBoundarySequence": 1.0, "boundaryPrecision": 1.0, "boundaryRecall": 1.0, "boundaryF1": 1.0, "boundaryCounts": {"truePositive": 1297, "falsePositive": 0, "falseNegative": 0}}, "heldout": {"tokens": 73710, "sequences": 10000, "tokenAccuracy": 0.9332247998914666, "exactLabelAndBoundarySequence": 0.5194, "boundaryPrecision": 0.07098765432098765, "boundaryRecall": 0.017384731670445956, "boundaryF1": 0.02792956891317547, "boundaryCounts": {"truePositive": 23, "falsePositive": 301, "falseNegative": 1300}}}
{"epoch": 16, "batch": 1, "batches": 294, "loss": 0.37429893016815186, "qat": true, "tokensSeen": 69726569}
{"epoch": 16, "batch": 51, "batches": 294, "loss": 0.3742836117744446, "qat": true, "tokensSeen": 70606288}
{"epoch": 16, "batch": 101, "batches": 294, "loss": 0.3742581903934479, "qat": true, "tokensSeen": 71357442}
{"epoch": 16, "batch": 151, "batches": 294, "loss": 0.37427711486816406, "qat": true, "tokensSeen": 72206419}
{"epoch": 16, "batch": 201, "batches": 294, "loss": 0.374237984418869, "qat": true, "tokensSeen": 72963107}
{"epoch": 16, "batch": 251, "batches": 294, "loss": 0.37423622608184814, "qat": true, "tokensSeen": 73746523}
{"epoch": 16, "loss": 0.3742530345916748, "seconds": 8.302796500000113, "qat": true, "trainingSeed": "/Users/arikko/Developer/vibecode/gpu-time-rewrite/data/synth/main/train.jsonl", "trainingTokens": 4652690, "validation": {"tokens": 94281, "sequences": 10000, "tokenAccuracy": 1.0, "exactLabelAndBoundarySequence": 1.0, "boundaryPrecision": 1.0, "boundaryRecall": 1.0, "boundaryF1": 1.0, "boundaryCounts": {"truePositive": 1297, "falsePositive": 0, "falseNegative": 0}}, "heldout": {"tokens": 73710, "sequences": 10000, "tokenAccuracy": 0.9352869352869353, "exactLabelAndBoundarySequence": 0.5324, "boundaryPrecision": 0.0, "boundaryRecall": 0.0, "boundaryF1": 0.0, "boundaryCounts": {"truePositive": 0, "falsePositive": 298, "falseNegative": 1323}}}
{"epoch": 17, "batch": 1, "batches": 294, "loss": 0.3742128312587738, "qat": true, "tokensSeen": 74379587}
{"epoch": 17, "batch": 51, "batches": 294, "loss": 0.3742309510707855, "qat": true, "tokensSeen": 75134653}
{"epoch": 17, "batch": 101, "batches": 294, "loss": 0.37422165274620056, "qat": true, "tokensSeen": 75854085}
{"epoch": 17, "batch": 151, "batches": 294, "loss": 0.3742448091506958, "qat": true, "tokensSeen": 76704756}
{"epoch": 17, "batch": 201, "batches": 294, "loss": 0.3742210865020752, "qat": true, "tokensSeen": 77475790}
{"epoch": 17, "batch": 251, "batches": 294, "loss": 0.37423333525657654, "qat": true, "tokensSeen": 78287980}
{"epoch": 17, "loss": 0.37423253059387207, "seconds": 8.2577126660035, "qat": true, "trainingSeed": "/Users/arikko/Developer/vibecode/gpu-time-rewrite/data/synth/main/train.jsonl", "trainingTokens": 4644512, "validation": {"tokens": 94281, "sequences": 10000, "tokenAccuracy": 1.0, "exactLabelAndBoundarySequence": 0.9999, "boundaryPrecision": 0.9992295839753467, "boundaryRecall": 1.0, "boundaryF1": 0.9996146435452794, "boundaryCounts": {"truePositive": 1297, "falsePositive": 1, "falseNegative": 0}}, "heldout": {"tokens": 73710, "sequences": 10000, "tokenAccuracy": 0.9354226020892688, "exactLabelAndBoundarySequence": 0.537, "boundaryPrecision": 0.009900990099009901, "boundaryRecall": 0.0022675736961451248, "boundaryF1": 0.0036900369003690036, "boundaryCounts": {"truePositive": 3, "falsePositive": 300, "falseNegative": 1320}}}
{"epoch": 18, "batch": 1, "batches": 294, "loss": 0.3743606507778168, "qat": true, "tokensSeen": 79024121}
{"epoch": 18, "batch": 51, "batches": 294, "loss": 0.374212384223938, "qat": true, "tokensSeen": 79763504}
{"epoch": 18, "batch": 101, "batches": 294, "loss": 0.3742466866970062, "qat": true, "tokensSeen": 80581376}
{"epoch": 18, "batch": 151, "batches": 294, "loss": 0.37424173951148987, "qat": true, "tokensSeen": 81460110}
{"epoch": 18, "batch": 201, "batches": 294, "loss": 0.37422025203704834, "qat": true, "tokensSeen": 82245958}
{"epoch": 18, "batch": 251, "batches": 294, "loss": 0.3742009103298187, "qat": true, "tokensSeen": 82987891}
{"epoch": 18, "loss": 0.37422603368759155, "seconds": 8.414791208997485, "qat": true, "trainingSeed": "/Users/arikko/Developer/vibecode/gpu-time-rewrite/data/synth/main/train.jsonl", "trainingTokens": 4638925, "validation": {"tokens": 94281, "sequences": 10000, "tokenAccuracy": 1.0, "exactLabelAndBoundarySequence": 1.0, "boundaryPrecision": 1.0, "boundaryRecall": 1.0, "boundaryF1": 1.0, "boundaryCounts": {"truePositive": 1297, "falsePositive": 0, "falseNegative": 0}}, "heldout": {"tokens": 73710, "sequences": 10000, "tokenAccuracy": 0.935666802333469, "exactLabelAndBoundarySequence": 0.5373, "boundaryPrecision": 0.006779661016949152, "boundaryRecall": 0.0015117157974300832, "boundaryF1": 0.0024721878862793575, "boundaryCounts": {"truePositive": 2, "falsePositive": 293, "falseNegative": 1321}}}
{"epoch": 19, "batch": 1, "batches": 294, "loss": 0.3741788864135742, "qat": true, "tokensSeen": 83662599}
{"epoch": 19, "batch": 51, "batches": 294, "loss": 0.37423470616340637, "qat": true, "tokensSeen": 84465520}
{"epoch": 19, "batch": 101, "batches": 294, "loss": 0.37424346804618835, "qat": true, "tokensSeen": 85303126}
{"epoch": 19, "batch": 151, "batches": 294, "loss": 0.3742077648639679, "qat": true, "tokensSeen": 86118957}
{"epoch": 19, "batch": 201, "batches": 294, "loss": 0.37417617440223694, "qat": true, "tokensSeen": 86816013}
{"epoch": 19, "batch": 251, "batches": 294, "loss": 0.3742080628871918, "qat": true, "tokensSeen": 87602417}
{"epoch": 19, "loss": 0.3742084503173828, "seconds": 8.364755624999816, "qat": true, "trainingSeed": "/Users/arikko/Developer/vibecode/gpu-time-rewrite/data/synth/main/train.jsonl", "trainingTokens": 4642844, "validation": {"tokens": 94281, "sequences": 10000, "tokenAccuracy": 1.0, "exactLabelAndBoundarySequence": 1.0, "boundaryPrecision": 1.0, "boundaryRecall": 1.0, "boundaryF1": 1.0, "boundaryCounts": {"truePositive": 1297, "falsePositive": 0, "falseNegative": 0}}, "heldout": {"tokens": 73710, "sequences": 10000, "tokenAccuracy": 0.9355854022520689, "exactLabelAndBoundarySequence": 0.5436, "boundaryPrecision": 0.0032258064516129032, "boundaryRecall": 0.0007558578987150416, "boundaryF1": 0.001224739742804654, "boundaryCounts": {"truePositive": 1, "falsePositive": 309, "falseNegative": 1322}}}
{"epoch": 20, "batch": 1, "batches": 294, "loss": 0.3742257058620453, "qat": true, "tokensSeen": 88305475}
{"epoch": 20, "batch": 51, "batches": 294, "loss": 0.37415367364883423, "qat": true, "tokensSeen": 89055571}
{"epoch": 20, "batch": 101, "batches": 294, "loss": 0.3741682469844818, "qat": true, "tokensSeen": 89871063}
{"epoch": 20, "batch": 151, "batches": 294, "loss": 0.374155730009079, "qat": true, "tokensSeen": 90597862}
{"epoch": 20, "batch": 201, "batches": 294, "loss": 0.3741806447505951, "qat": true, "tokensSeen": 91433756}
{"epoch": 20, "batch": 251, "batches": 294, "loss": 0.37415534257888794, "qat": true, "tokensSeen": 92189027}
{"epoch": 20, "loss": 0.37416428327560425, "seconds": 8.005519958998775, "qat": true, "trainingSeed": "/Users/arikko/Developer/vibecode/gpu-time-rewrite/data/synth/main/train.jsonl", "trainingTokens": 4648803, "validation": {"tokens": 94281, "sequences": 10000, "tokenAccuracy": 1.0, "exactLabelAndBoundarySequence": 1.0, "boundaryPrecision": 1.0, "boundaryRecall": 1.0, "boundaryF1": 1.0, "boundaryCounts": {"truePositive": 1297, "falsePositive": 0, "falseNegative": 0}}, "heldout": {"tokens": 73710, "sequences": 10000, "tokenAccuracy": 0.9345136345136346, "exactLabelAndBoundarySequence": 0.5334, "boundaryPrecision": 0.0, "boundaryRecall": 0.0, "boundaryF1": 0.0, "boundaryCounts": {"truePositive": 0, "falsePositive": 295, "falseNegative": 1323}}}
{"stage": "completed", "checkpoint": "/Users/arikko/Developer/vibecode/gpu-time-rewrite/training/runs/main/best.pt", "seconds": 426.7820932079994}
