{
  "checkpoint": "training/runs/size-int4-context/best.pt",
  "checkpointSha256": "8ad61b0260dce884601c76ed09384a0b77c78900154f72278069fe605b9faf58",
  "artifactSha256": "001fb873722ba089d05b335f9b52b52de24bdcb529b4b5dc10ad5a13b8f6882e",
  "boundaryThreshold": 1.75,
  "calibration": {
    "threshold": 1.75,
    "criterion": "Maximize the worst clause-boundary F1 across same-frame validation and reordered development data. Ties choose the lower threshold. These sets were already used for development and model selection; this is not test-set calibration.",
    "grid": [
      {
        "threshold": 0.0,
        "metrics": {
          "validation": {
            "f1": 0.9928741092636579,
            "truePositive": 627,
            "falsePositive": 8,
            "falseNegative": 1
          },
          "heldoutDevelopment": {
            "f1": 0.9682954121596419,
            "truePositive": 1298,
            "falsePositive": 85,
            "falseNegative": 0
          }
        }
      },
      {
        "threshold": 0.25,
        "metrics": {
          "validation": {
            "f1": 0.9928741092636579,
            "truePositive": 627,
            "falsePositive": 8,
            "falseNegative": 1
          },
          "heldoutDevelopment": {
            "f1": 0.9748404055576417,
            "truePositive": 1298,
            "falsePositive": 67,
            "falseNegative": 0
          }
        }
      },
      {
        "threshold": 0.5,
        "metrics": {
          "validation": {
            "f1": 0.9928741092636579,
            "truePositive": 627,
            "falsePositive": 8,
            "falseNegative": 1
          },
          "heldoutDevelopment": {
            "f1": 0.979992449981125,
            "truePositive": 1298,
            "falsePositive": 53,
            "falseNegative": 0
          }
        }
      },
      {
        "threshold": 0.75,
        "metrics": {
          "validation": {
            "f1": 0.9952380952380953,
            "truePositive": 627,
            "falsePositive": 5,
            "falseNegative": 1
          },
          "heldoutDevelopment": {
            "f1": 0.9851992409867173,
            "truePositive": 1298,
            "falsePositive": 39,
            "falseNegative": 0
          }
        }
      },
      {
        "threshold": 1.0,
        "metrics": {
          "validation": {
            "f1": 0.9952305246422893,
            "truePositive": 626,
            "falsePositive": 4,
            "falseNegative": 2
          },
          "heldoutDevelopment": {
            "f1": 0.9881994670727066,
            "truePositive": 1298,
            "falsePositive": 31,
            "falseNegative": 0
          }
        }
      },
      {
        "threshold": 1.25,
        "metrics": {
          "validation": {
            "f1": 0.9952305246422893,
            "truePositive": 626,
            "falsePositive": 4,
            "falseNegative": 2
          },
          "heldoutDevelopment": {
            "f1": 0.9912180221458572,
            "truePositive": 1298,
            "falsePositive": 23,
            "falseNegative": 0
          }
        }
      },
      {
        "threshold": 1.5,
        "metrics": {
          "validation": {
            "f1": 0.9952305246422893,
            "truePositive": 626,
            "falsePositive": 4,
            "falseNegative": 2
          },
          "heldoutDevelopment": {
            "f1": 0.9938744257274119,
            "truePositive": 1298,
            "falsePositive": 16,
            "falseNegative": 0
          }
        }
      },
      {
        "threshold": 1.75,
        "metrics": {
          "validation": {
            "f1": 0.9952305246422893,
            "truePositive": 626,
            "falsePositive": 4,
            "falseNegative": 2
          },
          "heldoutDevelopment": {
            "f1": 0.9961627014581734,
            "truePositive": 1298,
            "falsePositive": 10,
            "falseNegative": 0
          }
        }
      },
      {
        "threshold": 2.0,
        "metrics": {
          "validation": {
            "f1": 0.9952229299363057,
            "truePositive": 625,
            "falsePositive": 3,
            "falseNegative": 3
          },
          "heldoutDevelopment": {
            "f1": 0.9969278033794163,
            "truePositive": 1298,
            "falsePositive": 8,
            "falseNegative": 0
          }
        }
      },
      {
        "threshold": 2.25,
        "metrics": {
          "validation": {
            "f1": 0.9928172386272945,
            "truePositive": 622,
            "falsePositive": 3,
            "falseNegative": 6
          },
          "heldoutDevelopment": {
            "f1": 0.9984615384615385,
            "truePositive": 1298,
            "falsePositive": 4,
            "falseNegative": 0
          }
        }
      },
      {
        "threshold": 2.5,
        "metrics": {
          "validation": {
            "f1": 0.9928172386272945,
            "truePositive": 622,
            "falsePositive": 3,
            "falseNegative": 6
          },
          "heldoutDevelopment": {
            "f1": 0.9996149403157489,
            "truePositive": 1298,
            "falsePositive": 1,
            "falseNegative": 0
          }
        }
      },
      {
        "threshold": 2.75,
        "metrics": {
          "validation": {
            "f1": 0.9936102236421726,
            "truePositive": 622,
            "falsePositive": 2,
            "falseNegative": 6
          },
          "heldoutDevelopment": {
            "f1": 0.9996149403157489,
            "truePositive": 1298,
            "falsePositive": 1,
            "falseNegative": 0
          }
        }
      },
      {
        "threshold": 3.0,
        "metrics": {
          "validation": {
            "f1": 0.9936102236421726,
            "truePositive": 622,
            "falsePositive": 2,
            "falseNegative": 6
          },
          "heldoutDevelopment": {
            "f1": 0.9996149403157489,
            "truePositive": 1298,
            "falsePositive": 1,
            "falseNegative": 0
          }
        }
      },
      {
        "threshold": 3.25,
        "metrics": {
          "validation": {
            "f1": 0.992,
            "truePositive": 620,
            "falsePositive": 2,
            "falseNegative": 8
          },
          "heldoutDevelopment": {
            "f1": 0.9996149403157489,
            "truePositive": 1298,
            "falsePositive": 1,
            "falseNegative": 0
          }
        }
      },
      {
        "threshold": 3.5,
        "metrics": {
          "validation": {
            "f1": 0.9911929543634908,
            "truePositive": 619,
            "falsePositive": 2,
            "falseNegative": 9
          },
          "heldoutDevelopment": {
            "f1": 0.9992295839753467,
            "truePositive": 1297,
            "falsePositive": 1,
            "falseNegative": 1
          }
        }
      },
      {
        "threshold": 3.75,
        "metrics": {
          "validation": {
            "f1": 0.9903846153846154,
            "truePositive": 618,
            "falsePositive": 2,
            "falseNegative": 10
          },
          "heldoutDevelopment": {
            "f1": 0.9992295839753467,
            "truePositive": 1297,
            "falsePositive": 1,
            "falseNegative": 1
          }
        }
      },
      {
        "threshold": 4.0,
        "metrics": {
          "validation": {
            "f1": 0.9879518072289156,
            "truePositive": 615,
            "falsePositive": 2,
            "falseNegative": 13
          },
          "heldoutDevelopment": {
            "f1": 0.9988439306358381,
            "truePositive": 1296,
            "falsePositive": 1,
            "falseNegative": 2
          }
        }
      },
      {
        "threshold": 4.25,
        "metrics": {
          "validation": {
            "f1": 0.9871382636655949,
            "truePositive": 614,
            "falsePositive": 2,
            "falseNegative": 14
          },
          "heldoutDevelopment": {
            "f1": 0.9984579799537394,
            "truePositive": 1295,
            "falsePositive": 1,
            "falseNegative": 3
          }
        }
      },
      {
        "threshold": 4.5,
        "metrics": {
          "validation": {
            "f1": 0.9871382636655949,
            "truePositive": 614,
            "falsePositive": 2,
            "falseNegative": 14
          },
          "heldoutDevelopment": {
            "f1": 0.9972983404091085,
            "truePositive": 1292,
            "falsePositive": 1,
            "falseNegative": 6
          }
        }
      },
      {
        "threshold": 4.75,
        "metrics": {
          "validation": {
            "f1": 0.9855072463768116,
            "truePositive": 612,
            "falsePositive": 2,
            "falseNegative": 16
          },
          "heldoutDevelopment": {
            "f1": 0.9965210668728257,
            "truePositive": 1289,
            "falsePositive": 0,
            "falseNegative": 9
          }
        }
      },
      {
        "threshold": 5.0,
        "metrics": {
          "validation": {
            "f1": 0.9830508474576272,
            "truePositive": 609,
            "falsePositive": 2,
            "falseNegative": 19
          },
          "heldoutDevelopment": {
            "f1": 0.9953560371517027,
            "truePositive": 1286,
            "falsePositive": 0,
            "falseNegative": 12
          }
        }
      }
    ]
  },
  "epoch": 6,
  "tokensSeenAtCheckpoint": 452407584,
  "lineage": [
    {
      "checkpoint": "training/runs/size-int4-context/best.pt",
      "sha256": "8ad61b0260dce884601c76ed09384a0b77c78900154f72278069fe605b9faf58",
      "epoch": 6,
      "trainingTokens": 27618254
    },
    {
      "checkpoint": "/Users/arikko/Developer/vibecode/gpu-time-rewrite/training/runs/size-int4-refined/best.pt",
      "sha256": "2c95ec945cb0f376da2f21191bc22b02c9ebdf3e0f94c13bb81d5326f060dcc1",
      "epoch": 7,
      "trainingTokens": 32108866
    },
    {
      "checkpoint": "/Users/arikko/Developer/vibecode/gpu-time-rewrite/training/runs/size-int4-rows/best.pt",
      "sha256": "15380a7eb0bc843c82eeb6ff42da247a53cf86f1227edc9e188d2a035076c711",
      "epoch": 12,
      "trainingTokens": 55435149
    },
    {
      "checkpoint": "/Users/arikko/Developer/vibecode/gpu-time-rewrite/training/runs/natural-language-final/best.pt",
      "sha256": "443c98c548dba368f160a627585b3297b60b97b4398a587d86a94f7da74e1ba0",
      "epoch": 8,
      "trainingTokens": 36959364
    },
    {
      "checkpoint": "/Users/arikko/Developer/vibecode/gpu-time-rewrite/training/runs/natural-language-v2/best.pt",
      "sha256": "242413626cb6158d1fb3c17511e39141b0e7073ccb9062b82480dc90f988a9e5",
      "epoch": 9,
      "trainingTokens": 41712078
    },
    {
      "checkpoint": "/Users/arikko/Developer/vibecode/gpu-time-rewrite/training/runs/direct-results/best.pt",
      "sha256": "c7566f5ba54b587d3a951c5b6ea27556837192827675352884b989c332327ee2",
      "epoch": 8,
      "trainingTokens": 32631905
    },
    {
      "checkpoint": "/Users/arikko/Developer/vibecode/gpu-time-rewrite/training/runs/clock-periods/last.pt",
      "sha256": "ef52b6ad9935d72e4f6e6de1408e11eae527a0fbbd73cd4671ce6c1d1c309003",
      "epoch": 4,
      "trainingTokens": 16309375
    },
    {
      "checkpoint": "/Users/arikko/Developer/vibecode/gpu-time-rewrite/training/runs/prose-casing/last.pt",
      "sha256": "a3e695075a980b5de88c77c40b1a5cd95891f06fc9c5da2a3fdcf95c280406e6",
      "epoch": 3,
      "trainingTokens": 12098451
    },
    {
      "checkpoint": "/Users/arikko/Developer/vibecode/gpu-time-rewrite/training/runs/prose-durations/last.pt",
      "sha256": "0c1198524b16faa4a52036d81f1789c8d4208cbedd9fab4311c929e39502d39d",
      "epoch": 4,
      "trainingTokens": 16120775
    },
    {
      "checkpoint": "/Users/arikko/Developer/vibecode/gpu-time-rewrite/training/runs/prose-context/last.pt",
      "sha256": "aa332cd5851986f48981d8dba7535b9648a69d817d9069c76ea7880a4f81dff9",
      "epoch": 3,
      "trainingTokens": 12075714
    },
    {
      "checkpoint": "/Users/arikko/Developer/vibecode/gpu-time-rewrite/training/runs/timezone-free/best.pt",
      "sha256": "4abbe1eeb3f9218dbee317ca6339eec177bdcaef76b866639c4b05233bb952d4",
      "epoch": 1,
      "trainingTokens": 3889018
    },
    {
      "checkpoint": "/Users/arikko/Developer/vibecode/gpu-time-rewrite/training/runs/caller-timezone/best.pt",
      "sha256": "e3a7716f53059dc8a7eae876d1e324c4f6c84b29ce95a54929251cab7b7ca9da",
      "epoch": 2,
      "trainingTokens": 7803214
    },
    {
      "checkpoint": "/Users/arikko/Developer/vibecode/gpu-time-rewrite/training/runs/natural-grammar/best.pt",
      "sha256": "3192efb3f907073baa31ffadce4d3753fd36ddcb483474594a91c60ae6df2888",
      "epoch": 2,
      "trainingTokens": 7659498
    },
    {
      "checkpoint": "/Users/arikko/Developer/vibecode/gpu-time-rewrite/training/runs/timezone-grammar/best.pt",
      "sha256": "db532eb33cff44bbdde1c154b6c611ca70522abd04a160d415eb8dfe80d430c7",
      "epoch": 1,
      "trainingTokens": 3820163
    },
    {
      "checkpoint": "/Users/arikko/Developer/vibecode/gpu-time-rewrite/training/runs/range-grammar/best.pt",
      "sha256": "e8bbd55dfdad73a9c676af05b777fa3b619dbc577c0d8710f9e780f8383c49df",
      "epoch": 2,
      "trainingTokens": 7776685
    },
    {
      "checkpoint": "/Users/arikko/Developer/vibecode/gpu-time-rewrite/training/runs/written-time/best.pt",
      "sha256": "a251091c0350f83059e06396731b8922b5cb39e4d072299e264c5b3e3f46383a",
      "epoch": 1,
      "trainingTokens": 3886977
    },
    {
      "checkpoint": "/Users/arikko/Developer/vibecode/gpu-time-rewrite/training/runs/complete-grammar/best.pt",
      "sha256": "d6b126345206512308c29c6bccbd5cfb87c90d6c0d933549236163c80deaab38",
      "epoch": 1,
      "trainingTokens": 3873541
    },
    {
      "checkpoint": "/Users/arikko/Developer/vibecode/gpu-time-rewrite/training/runs/modifier-context/best.pt",
      "sha256": "7dbc03c567769b7caeff76e8023c61c1e1c9dd18c8f553f55858dd5a2f9d5ac6",
      "epoch": 1,
      "trainingTokens": 4210121
    },
    {
      "checkpoint": "/Users/arikko/Developer/vibecode/gpu-time-rewrite/training/runs/grammar-contrasts/best.pt",
      "sha256": "3ff0d3caa9c6d65fc5f3d3eed3b1ffb22fa7cdd1e2726326112369322c0afbdf",
      "epoch": 1,
      "trainingTokens": 4199340
    },
    {
      "checkpoint": "/Users/arikko/Developer/vibecode/gpu-time-rewrite/training/runs/grammar-context/best.pt",
      "sha256": "4663a3c890f380eee299611b0ea25158969051982bea9cd941d28b913bd2c8d0",
      "epoch": 2,
      "trainingTokens": 8305966
    },
    {
      "checkpoint": "/Users/arikko/Developer/vibecode/gpu-time-rewrite/training/runs/core-grammar/best.pt",
      "sha256": "32e745c07f07bd55fe36f562d73e7516ee69bce2b33a09935fc25fac4834e615",
      "epoch": 3,
      "trainingTokens": 12536650
    },
    {
      "checkpoint": "/Users/arikko/Developer/vibecode/gpu-time-rewrite/training/runs/grammar-coverage/best.pt",
      "sha256": "ae743a161809e9ceae976d118acf28d7bcc8972e37e4a19dcfb017c4a8614e75",
      "epoch": 3,
      "trainingTokens": 13221729
    },
    {
      "checkpoint": "/Users/arikko/Developer/vibecode/gpu-time-rewrite/training/runs/compact/last.pt",
      "sha256": "128022aa97bfda180c0d4fb77f450b8ae6f1881bbc835bfd14e54c27572ba75b",
      "epoch": 20,
      "trainingTokens": 88154751
    }
  ],
  "parameters": 24761,
  "quantizationBits": 4,
  "quantizationScheme": "power-of-two-rows",
  "logicalPackedBytes": 12381,
  "encodedCharacters": 24761,
  "moduleBytes": 27782,
  "moduleGzipBytes": 13338,
  "moduleBrotliBytes": 10786,
  "labels": [
    "O",
    "NUM",
    "ORD",
    "UNIT",
    "DIR_BEFORE",
    "DIR_AFTER",
    "NOW",
    "REL_DAY",
    "DEICTIC",
    "WEEKDAY",
    "DAYGROUP",
    "MONTH",
    "DOM",
    "YEAR",
    "HOUR",
    "MINUTE",
    "SECOND",
    "MERIDIEM",
    "TIME_NAMED",
    "DAYPART",
    "RANGE_START",
    "RANGE_END",
    "RECUR",
    "FREQ",
    "TIMES",
    "BOUND_START",
    "BOUND_END",
    "COUNT",
    "DUR",
    "EXCEPT",
    "HOLIDAY",
    "JOIN",
    "GLUE",
    "EDGE",
    "CLOCK_OFFSET"
  ],
  "metrics": {
    "validation": {
      "tokens": 88376,
      "sequences": 10000,
      "tokenAccuracy": 0.999785009504843,
      "exactLabelAndBoundarySequence": 0.9977,
      "boundaryPrecision": 0.9936507936507937,
      "boundaryRecall": 0.9968152866242038,
      "boundaryF1": 0.9952305246422894,
      "boundaryCounts": {
        "truePositive": 626,
        "falsePositive": 4,
        "falseNegative": 2
      }
    },
    "heldout": {
      "tokens": 71630,
      "sequences": 10000,
      "tokenAccuracy": 0.9753455256177579,
      "exactLabelAndBoundarySequence": 0.8731,
      "boundaryPrecision": 0.9923547400611621,
      "boundaryRecall": 1.0,
      "boundaryF1": 0.9961627014581734,
      "boundaryCounts": {
        "truePositive": 1298,
        "falsePositive": 10,
        "falseNegative": 0
      }
    }
  },
  "scope": "Exact decoded int4 weights, sequential CPU PyTorch inference reference with the recorded intermediate precision. Training uses the mathematically equivalent parallel affine scan. Browser parity and end-to-end schedule accuracy are separate gates.",
  "parity": {
    "prefix": "training/parity",
    "sequences": 512,
    "tokens": 6002,
    "rowsPerToken": 17,
    "rolesPerToken": 40,
    "boundaryThreshold": 1.75
  },
  "exportSourceDirectory": "training/exports/001fb873722ba089d05b335f9b52b52de24bdcb529b4b5dc10ad5a13b8f6882e/source",
  "exportSourceHashes": {
    "training/export.py": "ac2e6a0f2ab2302679425fb9c53f6a7de9101495853ce831875723fbbec3e422",
    "training/calibrate.py": "a36888bf0f01f8b92b56d35c9d2417276a6bd896666402513ec60362e8d4ab74",
    "training/model.py": "4df9943a6d9ddfe4525cd9925bc79e74003d30c1d537bfddca1f44b2db8b22de",
    "training/train.py": "8573b0dce0d22a65687aa344b0ce2a53ee7c95a023d50207febf08a52c5816ed",
    "training/uv.lock": "e38fc9c47a173255a61427fa2aade8440a7f642a0e55a85ef1bba2ece4d0034f"
  }
}
