{
  "checkpoint": "training/runs/grammar-coverage/best.pt",
  "checkpointSha256": "ae743a161809e9ceae976d118acf28d7bcc8972e37e4a19dcfb017c4a8614e75",
  "artifactSha256": "0694a98c6993c88da39c9bb373af2ee7d10513065bdf671a7583562e5425f958",
  "boundaryThreshold": 5.0,
  "calibration": {
    "threshold": 5.0,
    "criterion": "Maximize the worst clause-boundary F1 across same-frame validation and reordered development data. Ties choose the lower threshold. These sets were already used for development and model selection; this is not test-set calibration.",
    "grid": [
      {
        "threshold": 0.0,
        "metrics": {
          "validation": {
            "f1": 0.9938118811881188,
            "truePositive": 1606,
            "falsePositive": 18,
            "falseNegative": 2
          },
          "heldoutDevelopment": {
            "f1": 0.7018513401492125,
            "truePositive": 1270,
            "falsePositive": 1079,
            "falseNegative": 0
          }
        }
      },
      {
        "threshold": 0.25,
        "metrics": {
          "validation": {
            "f1": 0.9938042131350682,
            "truePositive": 1604,
            "falsePositive": 16,
            "falseNegative": 4
          },
          "heldoutDevelopment": {
            "f1": 0.7057515976660184,
            "truePositive": 1270,
            "falsePositive": 1059,
            "falseNegative": 0
          }
        }
      },
      {
        "threshold": 0.5,
        "metrics": {
          "validation": {
            "f1": 0.9934924078091106,
            "truePositive": 1603,
            "falsePositive": 16,
            "falseNegative": 5
          },
          "heldoutDevelopment": {
            "f1": 0.7077180273056561,
            "truePositive": 1270,
            "falsePositive": 1049,
            "falseNegative": 0
          }
        }
      },
      {
        "threshold": 0.75,
        "metrics": {
          "validation": {
            "f1": 0.9941048712379771,
            "truePositive": 1602,
            "falsePositive": 13,
            "falseNegative": 6
          },
          "heldoutDevelopment": {
            "f1": 0.7100922560805144,
            "truePositive": 1270,
            "falsePositive": 1037,
            "falseNegative": 0
          }
        }
      },
      {
        "threshold": 1.0,
        "metrics": {
          "validation": {
            "f1": 0.9937926753569212,
            "truePositive": 1601,
            "falsePositive": 13,
            "falseNegative": 7
          },
          "heldoutDevelopment": {
            "f1": 0.7128824024698288,
            "truePositive": 1270,
            "falsePositive": 1023,
            "falseNegative": 0
          }
        }
      },
      {
        "threshold": 1.25,
        "metrics": {
          "validation": {
            "f1": 0.9937888198757764,
            "truePositive": 1600,
            "falsePositive": 12,
            "falseNegative": 8
          },
          "heldoutDevelopment": {
            "f1": 0.7144866385372715,
            "truePositive": 1270,
            "falsePositive": 1015,
            "falseNegative": 0
          }
        }
      },
      {
        "threshold": 1.5,
        "metrics": {
          "validation": {
            "f1": 0.9934721790488033,
            "truePositive": 1598,
            "falsePositive": 11,
            "falseNegative": 10
          },
          "heldoutDevelopment": {
            "f1": 0.715694561848408,
            "truePositive": 1270,
            "falsePositive": 1009,
            "falseNegative": 0
          }
        }
      },
      {
        "threshold": 1.75,
        "metrics": {
          "validation": {
            "f1": 0.9931592039800995,
            "truePositive": 1597,
            "falsePositive": 11,
            "falseNegative": 11
          },
          "heldoutDevelopment": {
            "f1": 0.7177168691720825,
            "truePositive": 1270,
            "falsePositive": 999,
            "falseNegative": 0
          }
        }
      },
      {
        "threshold": 2.0,
        "metrics": {
          "validation": {
            "f1": 0.9931506849315068,
            "truePositive": 1595,
            "falsePositive": 9,
            "falseNegative": 13
          },
          "heldoutDevelopment": {
            "f1": 0.7193429623336165,
            "truePositive": 1270,
            "falsePositive": 991,
            "falseNegative": 0
          }
        }
      },
      {
        "threshold": 2.25,
        "metrics": {
          "validation": {
            "f1": 0.993142144638404,
            "truePositive": 1593,
            "falsePositive": 7,
            "falseNegative": 15
          },
          "heldoutDevelopment": {
            "f1": 0.7205673758865249,
            "truePositive": 1270,
            "falsePositive": 985,
            "falseNegative": 0
          }
        }
      },
      {
        "threshold": 2.5,
        "metrics": {
          "validation": {
            "f1": 0.9928281883380106,
            "truePositive": 1592,
            "falsePositive": 7,
            "falseNegative": 16
          },
          "heldoutDevelopment": {
            "f1": 0.7261292166952544,
            "truePositive": 1270,
            "falsePositive": 958,
            "falseNegative": 0
          }
        }
      },
      {
        "threshold": 2.75,
        "metrics": {
          "validation": {
            "f1": 0.9921948173587262,
            "truePositive": 1589,
            "falsePositive": 6,
            "falseNegative": 19
          },
          "heldoutDevelopment": {
            "f1": 0.7334680912503609,
            "truePositive": 1270,
            "falsePositive": 923,
            "falseNegative": 0
          }
        }
      },
      {
        "threshold": 3.0,
        "metrics": {
          "validation": {
            "f1": 0.9915651358950328,
            "truePositive": 1587,
            "falsePositive": 6,
            "falseNegative": 21
          },
          "heldoutDevelopment": {
            "f1": 0.7437774524158126,
            "truePositive": 1270,
            "falsePositive": 875,
            "falseNegative": 0
          }
        }
      },
      {
        "threshold": 3.25,
        "metrics": {
          "validation": {
            "f1": 0.99125,
            "truePositive": 1586,
            "falsePositive": 6,
            "falseNegative": 22
          },
          "heldoutDevelopment": {
            "f1": 0.7546048722519311,
            "truePositive": 1270,
            "falsePositive": 826,
            "falseNegative": 0
          }
        }
      },
      {
        "threshold": 3.5,
        "metrics": {
          "validation": {
            "f1": 0.9909346670834636,
            "truePositive": 1585,
            "falsePositive": 6,
            "falseNegative": 23
          },
          "heldoutDevelopment": {
            "f1": 0.7650602409638554,
            "truePositive": 1270,
            "falsePositive": 780,
            "falseNegative": 0
          }
        }
      },
      {
        "threshold": 3.75,
        "metrics": {
          "validation": {
            "f1": 0.990303409446356,
            "truePositive": 1583,
            "falsePositive": 6,
            "falseNegative": 25
          },
          "heldoutDevelopment": {
            "f1": 0.7803379416282642,
            "truePositive": 1270,
            "falsePositive": 715,
            "falseNegative": 0
          }
        }
      },
      {
        "threshold": 4.0,
        "metrics": {
          "validation": {
            "f1": 0.9887218045112782,
            "truePositive": 1578,
            "falsePositive": 6,
            "falseNegative": 30
          },
          "heldoutDevelopment": {
            "f1": 0.8007566204287516,
            "truePositive": 1270,
            "falsePositive": 632,
            "falseNegative": 0
          }
        }
      },
      {
        "threshold": 4.25,
        "metrics": {
          "validation": {
            "f1": 0.9868090452261307,
            "truePositive": 1571,
            "falsePositive": 5,
            "falseNegative": 37
          },
          "heldoutDevelopment": {
            "f1": 0.8201485308362931,
            "truePositive": 1270,
            "falsePositive": 557,
            "falseNegative": 0
          }
        }
      },
      {
        "threshold": 4.5,
        "metrics": {
          "validation": {
            "f1": 0.9848961611076148,
            "truePositive": 1565,
            "falsePositive": 5,
            "falseNegative": 43
          },
          "heldoutDevelopment": {
            "f1": 0.8430136076999668,
            "truePositive": 1270,
            "falsePositive": 473,
            "falseNegative": 0
          }
        }
      },
      {
        "threshold": 4.75,
        "metrics": {
          "validation": {
            "f1": 0.9823232323232324,
            "truePositive": 1556,
            "falsePositive": 4,
            "falseNegative": 52
          },
          "heldoutDevelopment": {
            "f1": 0.8668941979522184,
            "truePositive": 1270,
            "falsePositive": 390,
            "falseNegative": 0
          }
        }
      },
      {
        "threshold": 5.0,
        "metrics": {
          "validation": {
            "f1": 0.9778059606848446,
            "truePositive": 1542,
            "falsePositive": 4,
            "falseNegative": 66
          },
          "heldoutDevelopment": {
            "f1": 0.8899789768745621,
            "truePositive": 1270,
            "falsePositive": 314,
            "falseNegative": 0
          }
        }
      }
    ]
  },
  "epoch": 3,
  "tokensSeenAtCheckpoint": 101376480,
  "lineage": [
    {
      "checkpoint": "training/runs/grammar-coverage/best.pt",
      "sha256": "ae743a161809e9ceae976d118acf28d7bcc8972e37e4a19dcfb017c4a8614e75",
      "epoch": 3,
      "trainingTokens": 13221729
    },
    {
      "checkpoint": "/Users/arikko/Developer/vibecode/gpu-time-rewrite/training/runs/compact/last.pt",
      "sha256": "128022aa97bfda180c0d4fb77f450b8ae6f1881bbc835bfd14e54c27572ba75b",
      "epoch": 20,
      "trainingTokens": 88154751
    }
  ],
  "parameters": 24761,
  "quantizationBits": 6,
  "logicalPackedBytes": 18571,
  "encodedCharacters": 24761,
  "moduleBytes": 27044,
  "moduleGzipBytes": 17085,
  "moduleBrotliBytes": 15385,
  "labels": [
    "O",
    "NUM",
    "ORD",
    "UNIT",
    "DIR_BEFORE",
    "DIR_AFTER",
    "NOW",
    "REL_DAY",
    "DEICTIC",
    "WEEKDAY",
    "DAYGROUP",
    "MONTH",
    "DOM",
    "YEAR",
    "HOUR",
    "MINUTE",
    "SECOND",
    "MERIDIEM",
    "TIME_NAMED",
    "DAYPART",
    "RANGE_START",
    "RANGE_END",
    "RECUR",
    "FREQ",
    "TIMES",
    "BOUND_START",
    "BOUND_END",
    "COUNT",
    "DUR",
    "EXCEPT",
    "TZ",
    "HOLIDAY",
    "JOIN",
    "GLUE"
  ],
  "metrics": {
    "validation": {
      "tokens": 93636,
      "sequences": 10000,
      "tokenAccuracy": 0.9996368917937546,
      "exactLabelAndBoundarySequence": 0.9903,
      "boundaryPrecision": 0.9974126778783958,
      "boundaryRecall": 0.9589552238805971,
      "boundaryF1": 0.9778059606848446,
      "boundaryCounts": {
        "truePositive": 1542,
        "falsePositive": 4,
        "falseNegative": 66
      }
    },
    "heldout": {
      "tokens": 71821,
      "sequences": 10000,
      "tokenAccuracy": 0.9647874577073557,
      "exactLabelAndBoundarySequence": 0.8165,
      "boundaryPrecision": 0.8017676767676768,
      "boundaryRecall": 1.0,
      "boundaryF1": 0.889978976874562,
      "boundaryCounts": {
        "truePositive": 1270,
        "falsePositive": 314,
        "falseNegative": 0
      }
    }
  },
  "scope": "Exact decoded int6 weights, sequential CPU PyTorch inference reference with the recorded intermediate precision. Training uses the mathematically equivalent parallel affine scan. Browser parity and end-to-end schedule accuracy are separate gates.",
  "parity": {
    "prefix": "training/parity",
    "sequences": 512,
    "tokens": 6048,
    "rowsPerToken": 17,
    "rolesPerToken": 40,
    "boundaryThreshold": 5.0
  },
  "exportSourceDirectory": "training/exports/0694a98c6993c88da39c9bb373af2ee7d10513065bdf671a7583562e5425f958/source",
  "exportSourceHashes": {
    "training/export.py": "c24a6453e3c1304bc3d5cf25258b4149ea8a6bab2d01d7611051377d35f47aa1",
    "training/calibrate.py": "a36888bf0f01f8b92b56d35c9d2417276a6bd896666402513ec60362e8d4ab74",
    "training/model.py": "2d293439c4b256bf424ed09cc0523121752c5a455cd0640f308ab3730bd7cc43",
    "training/train.py": "236bdc60f1730abae59eb3d41f702ba13e90bbdf3136f8de1529f7add0116746",
    "training/uv.lock": "e38fc9c47a173255a61427fa2aade8440a7f642a0e55a85ef1bba2ece4d0034f"
  }
}
