{
  "checkpoint": "training/runs/caller-timezone/best.pt",
  "checkpointSha256": "e3a7716f53059dc8a7eae876d1e324c4f6c84b29ce95a54929251cab7b7ca9da",
  "artifactSha256": "b1b34a5562e032735c3a0eb4002644693f5396865e81f773fa8db34b3ddaa6ef",
  "boundaryThreshold": 5.0,
  "calibration": {
    "threshold": 5.0,
    "criterion": "Maximize the worst clause-boundary F1 across same-frame validation and reordered development data. Ties choose the lower threshold. These sets were already used for development and model selection; this is not test-set calibration.",
    "grid": [
      {
        "threshold": 0.0,
        "metrics": {
          "validation": {
            "f1": 0.999034749034749,
            "truePositive": 1035,
            "falsePositive": 1,
            "falseNegative": 1
          },
          "heldoutDevelopment": {
            "f1": 0.6930058729311266,
            "truePositive": 1298,
            "falsePositive": 1150,
            "falseNegative": 0
          }
        }
      },
      {
        "threshold": 0.25,
        "metrics": {
          "validation": {
            "f1": 0.999034749034749,
            "truePositive": 1035,
            "falsePositive": 1,
            "falseNegative": 1
          },
          "heldoutDevelopment": {
            "f1": 0.6943032896496389,
            "truePositive": 1298,
            "falsePositive": 1143,
            "falseNegative": 0
          }
        }
      },
      {
        "threshold": 0.5,
        "metrics": {
          "validation": {
            "f1": 0.9995171414775471,
            "truePositive": 1035,
            "falsePositive": 0,
            "falseNegative": 1
          },
          "heldoutDevelopment": {
            "f1": 0.6976619188390217,
            "truePositive": 1298,
            "falsePositive": 1125,
            "falseNegative": 0
          }
        }
      },
      {
        "threshold": 0.75,
        "metrics": {
          "validation": {
            "f1": 0.9990338164251208,
            "truePositive": 1034,
            "falsePositive": 0,
            "falseNegative": 2
          },
          "heldoutDevelopment": {
            "f1": 0.7016216216216217,
            "truePositive": 1298,
            "falsePositive": 1104,
            "falseNegative": 0
          }
        }
      },
      {
        "threshold": 1.0,
        "metrics": {
          "validation": {
            "f1": 0.9990338164251208,
            "truePositive": 1034,
            "falsePositive": 0,
            "falseNegative": 2
          },
          "heldoutDevelopment": {
            "f1": 0.7050516023900054,
            "truePositive": 1298,
            "falsePositive": 1086,
            "falseNegative": 0
          }
        }
      },
      {
        "threshold": 1.25,
        "metrics": {
          "validation": {
            "f1": 0.9990338164251208,
            "truePositive": 1034,
            "falsePositive": 0,
            "falseNegative": 2
          },
          "heldoutDevelopment": {
            "f1": 0.7094834654277125,
            "truePositive": 1298,
            "falsePositive": 1063,
            "falseNegative": 0
          }
        }
      },
      {
        "threshold": 1.5,
        "metrics": {
          "validation": {
            "f1": 0.9990338164251208,
            "truePositive": 1034,
            "falsePositive": 0,
            "falseNegative": 2
          },
          "heldoutDevelopment": {
            "f1": 0.7135788894997251,
            "truePositive": 1298,
            "falsePositive": 1042,
            "falseNegative": 0
          }
        }
      },
      {
        "threshold": 1.75,
        "metrics": {
          "validation": {
            "f1": 0.9990338164251208,
            "truePositive": 1034,
            "falsePositive": 0,
            "falseNegative": 2
          },
          "heldoutDevelopment": {
            "f1": 0.7185164683088846,
            "truePositive": 1298,
            "falsePositive": 1017,
            "falseNegative": 0
          }
        }
      },
      {
        "threshold": 2.0,
        "metrics": {
          "validation": {
            "f1": 0.9985500241662639,
            "truePositive": 1033,
            "falsePositive": 0,
            "falseNegative": 3
          },
          "heldoutDevelopment": {
            "f1": 0.7251396648044692,
            "truePositive": 1298,
            "falsePositive": 984,
            "falseNegative": 0
          }
        }
      },
      {
        "threshold": 2.25,
        "metrics": {
          "validation": {
            "f1": 0.9985500241662639,
            "truePositive": 1033,
            "falsePositive": 0,
            "falseNegative": 3
          },
          "heldoutDevelopment": {
            "f1": 0.7329192546583851,
            "truePositive": 1298,
            "falsePositive": 946,
            "falseNegative": 0
          }
        }
      },
      {
        "threshold": 2.5,
        "metrics": {
          "validation": {
            "f1": 0.9985500241662639,
            "truePositive": 1033,
            "falsePositive": 0,
            "falseNegative": 3
          },
          "heldoutDevelopment": {
            "f1": 0.7449067431850789,
            "truePositive": 1298,
            "falsePositive": 889,
            "falseNegative": 0
          }
        }
      },
      {
        "threshold": 2.75,
        "metrics": {
          "validation": {
            "f1": 0.9985500241662639,
            "truePositive": 1033,
            "falsePositive": 0,
            "falseNegative": 3
          },
          "heldoutDevelopment": {
            "f1": 0.7588424437299035,
            "truePositive": 1298,
            "falsePositive": 825,
            "falseNegative": 0
          }
        }
      },
      {
        "threshold": 3.0,
        "metrics": {
          "validation": {
            "f1": 0.9980657640232108,
            "truePositive": 1032,
            "falsePositive": 0,
            "falseNegative": 4
          },
          "heldoutDevelopment": {
            "f1": 0.7760837070254111,
            "truePositive": 1298,
            "falsePositive": 749,
            "falseNegative": 0
          }
        }
      },
      {
        "threshold": 3.25,
        "metrics": {
          "validation": {
            "f1": 0.9966101694915255,
            "truePositive": 1029,
            "falsePositive": 0,
            "falseNegative": 7
          },
          "heldoutDevelopment": {
            "f1": 0.7941266442337106,
            "truePositive": 1298,
            "falsePositive": 673,
            "falseNegative": 0
          }
        }
      },
      {
        "threshold": 3.5,
        "metrics": {
          "validation": {
            "f1": 0.9966101694915255,
            "truePositive": 1029,
            "falsePositive": 0,
            "falseNegative": 7
          },
          "heldoutDevelopment": {
            "f1": 0.8166089965397924,
            "truePositive": 1298,
            "falsePositive": 583,
            "falseNegative": 0
          }
        }
      },
      {
        "threshold": 3.75,
        "metrics": {
          "validation": {
            "f1": 0.9951503394762367,
            "truePositive": 1026,
            "falsePositive": 0,
            "falseNegative": 10
          },
          "heldoutDevelopment": {
            "f1": 0.8390433096315449,
            "truePositive": 1298,
            "falsePositive": 498,
            "falseNegative": 0
          }
        }
      },
      {
        "threshold": 4.0,
        "metrics": {
          "validation": {
            "f1": 0.9936862554638174,
            "truePositive": 1023,
            "falsePositive": 0,
            "falseNegative": 13
          },
          "heldoutDevelopment": {
            "f1": 0.857331571994716,
            "truePositive": 1298,
            "falsePositive": 432,
            "falseNegative": 0
          }
        }
      },
      {
        "threshold": 4.25,
        "metrics": {
          "validation": {
            "f1": 0.9936862554638174,
            "truePositive": 1023,
            "falsePositive": 0,
            "falseNegative": 13
          },
          "heldoutDevelopment": {
            "f1": 0.8764348413234301,
            "truePositive": 1298,
            "falsePositive": 366,
            "falseNegative": 0
          }
        }
      },
      {
        "threshold": 4.5,
        "metrics": {
          "validation": {
            "f1": 0.9922178988326849,
            "truePositive": 1020,
            "falsePositive": 0,
            "falseNegative": 16
          },
          "heldoutDevelopment": {
            "f1": 0.8967184801381692,
            "truePositive": 1298,
            "falsePositive": 299,
            "falseNegative": 0
          }
        }
      },
      {
        "threshold": 4.75,
        "metrics": {
          "validation": {
            "f1": 0.9897610921501706,
            "truePositive": 1015,
            "falsePositive": 0,
            "falseNegative": 21
          },
          "heldoutDevelopment": {
            "f1": 0.9134412385643913,
            "truePositive": 1298,
            "falsePositive": 246,
            "falseNegative": 0
          }
        }
      },
      {
        "threshold": 5.0,
        "metrics": {
          "validation": {
            "f1": 0.9892682926829268,
            "truePositive": 1014,
            "falsePositive": 0,
            "falseNegative": 22
          },
          "heldoutDevelopment": {
            "f1": 0.9318018664752333,
            "truePositive": 1298,
            "falsePositive": 190,
            "falseNegative": 0
          }
        }
      }
    ]
  },
  "epoch": 2,
  "tokensSeenAtCheckpoint": 165448635,
  "lineage": [
    {
      "checkpoint": "training/runs/caller-timezone/best.pt",
      "sha256": "e3a7716f53059dc8a7eae876d1e324c4f6c84b29ce95a54929251cab7b7ca9da",
      "epoch": 2,
      "trainingTokens": 7803214
    },
    {
      "checkpoint": "/Users/arikko/Developer/vibecode/gpu-time-rewrite/training/runs/natural-grammar/best.pt",
      "sha256": "3192efb3f907073baa31ffadce4d3753fd36ddcb483474594a91c60ae6df2888",
      "epoch": 2,
      "trainingTokens": 7659498
    },
    {
      "checkpoint": "/Users/arikko/Developer/vibecode/gpu-time-rewrite/training/runs/timezone-grammar/best.pt",
      "sha256": "db532eb33cff44bbdde1c154b6c611ca70522abd04a160d415eb8dfe80d430c7",
      "epoch": 1,
      "trainingTokens": 3820163
    },
    {
      "checkpoint": "/Users/arikko/Developer/vibecode/gpu-time-rewrite/training/runs/range-grammar/best.pt",
      "sha256": "e8bbd55dfdad73a9c676af05b777fa3b619dbc577c0d8710f9e780f8383c49df",
      "epoch": 2,
      "trainingTokens": 7776685
    },
    {
      "checkpoint": "/Users/arikko/Developer/vibecode/gpu-time-rewrite/training/runs/written-time/best.pt",
      "sha256": "a251091c0350f83059e06396731b8922b5cb39e4d072299e264c5b3e3f46383a",
      "epoch": 1,
      "trainingTokens": 3886977
    },
    {
      "checkpoint": "/Users/arikko/Developer/vibecode/gpu-time-rewrite/training/runs/complete-grammar/best.pt",
      "sha256": "d6b126345206512308c29c6bccbd5cfb87c90d6c0d933549236163c80deaab38",
      "epoch": 1,
      "trainingTokens": 3873541
    },
    {
      "checkpoint": "/Users/arikko/Developer/vibecode/gpu-time-rewrite/training/runs/modifier-context/best.pt",
      "sha256": "7dbc03c567769b7caeff76e8023c61c1e1c9dd18c8f553f55858dd5a2f9d5ac6",
      "epoch": 1,
      "trainingTokens": 4210121
    },
    {
      "checkpoint": "/Users/arikko/Developer/vibecode/gpu-time-rewrite/training/runs/grammar-contrasts/best.pt",
      "sha256": "3ff0d3caa9c6d65fc5f3d3eed3b1ffb22fa7cdd1e2726326112369322c0afbdf",
      "epoch": 1,
      "trainingTokens": 4199340
    },
    {
      "checkpoint": "/Users/arikko/Developer/vibecode/gpu-time-rewrite/training/runs/grammar-context/best.pt",
      "sha256": "4663a3c890f380eee299611b0ea25158969051982bea9cd941d28b913bd2c8d0",
      "epoch": 2,
      "trainingTokens": 8305966
    },
    {
      "checkpoint": "/Users/arikko/Developer/vibecode/gpu-time-rewrite/training/runs/core-grammar/best.pt",
      "sha256": "32e745c07f07bd55fe36f562d73e7516ee69bce2b33a09935fc25fac4834e615",
      "epoch": 3,
      "trainingTokens": 12536650
    },
    {
      "checkpoint": "/Users/arikko/Developer/vibecode/gpu-time-rewrite/training/runs/grammar-coverage/best.pt",
      "sha256": "ae743a161809e9ceae976d118acf28d7bcc8972e37e4a19dcfb017c4a8614e75",
      "epoch": 3,
      "trainingTokens": 13221729
    },
    {
      "checkpoint": "/Users/arikko/Developer/vibecode/gpu-time-rewrite/training/runs/compact/last.pt",
      "sha256": "128022aa97bfda180c0d4fb77f450b8ae6f1881bbc835bfd14e54c27572ba75b",
      "epoch": 20,
      "trainingTokens": 88154751
    }
  ],
  "parameters": 24761,
  "quantizationBits": 6,
  "logicalPackedBytes": 18571,
  "encodedCharacters": 24761,
  "moduleBytes": 27044,
  "moduleGzipBytes": 17006,
  "moduleBrotliBytes": 15126,
  "labels": [
    "O",
    "NUM",
    "ORD",
    "UNIT",
    "DIR_BEFORE",
    "DIR_AFTER",
    "NOW",
    "REL_DAY",
    "DEICTIC",
    "WEEKDAY",
    "DAYGROUP",
    "MONTH",
    "DOM",
    "YEAR",
    "HOUR",
    "MINUTE",
    "SECOND",
    "MERIDIEM",
    "TIME_NAMED",
    "DAYPART",
    "RANGE_START",
    "RANGE_END",
    "RECUR",
    "FREQ",
    "TIMES",
    "BOUND_START",
    "BOUND_END",
    "COUNT",
    "DUR",
    "EXCEPT",
    "HOLIDAY",
    "JOIN",
    "GLUE",
    "EDGE"
  ],
  "metrics": {
    "validation": {
      "tokens": 78009,
      "sequences": 10000,
      "tokenAccuracy": 0.9999230857977925,
      "exactLabelAndBoundarySequence": 0.9972,
      "boundaryPrecision": 1.0,
      "boundaryRecall": 0.9787644787644788,
      "boundaryF1": 0.9892682926829269,
      "boundaryCounts": {
        "truePositive": 1014,
        "falsePositive": 0,
        "falseNegative": 22
      }
    },
    "heldout": {
      "tokens": 71630,
      "sequences": 10000,
      "tokenAccuracy": 0.9715901158732375,
      "exactLabelAndBoundarySequence": 0.8226,
      "boundaryPrecision": 0.8723118279569892,
      "boundaryRecall": 1.0,
      "boundaryF1": 0.9318018664752333,
      "boundaryCounts": {
        "truePositive": 1298,
        "falsePositive": 190,
        "falseNegative": 0
      }
    }
  },
  "scope": "Exact decoded int6 weights, sequential CPU PyTorch inference reference with the recorded intermediate precision. Training uses the mathematically equivalent parallel affine scan. Browser parity and end-to-end schedule accuracy are separate gates.",
  "parity": {
    "prefix": "training/parity",
    "sequences": 512,
    "tokens": 6002,
    "rowsPerToken": 17,
    "rolesPerToken": 40,
    "boundaryThreshold": 5.0
  },
  "exportSourceDirectory": "training/exports/b1b34a5562e032735c3a0eb4002644693f5396865e81f773fa8db34b3ddaa6ef/source",
  "exportSourceHashes": {
    "training/export.py": "c24a6453e3c1304bc3d5cf25258b4149ea8a6bab2d01d7611051377d35f47aa1",
    "training/calibrate.py": "a36888bf0f01f8b92b56d35c9d2417276a6bd896666402513ec60362e8d4ab74",
    "training/model.py": "2d293439c4b256bf424ed09cc0523121752c5a455cd0640f308ab3730bd7cc43",
    "training/train.py": "8a197e6ff4d5af0ba3fe1a7a7cf65b8ed697a3cd213489d66648aeb8b44241f3",
    "training/uv.lock": "e38fc9c47a173255a61427fa2aade8440a7f642a0e55a85ef1bba2ece4d0034f"
  }
}
