{
  "checkpoint": "training/runs/semantic-dates/best.pt",
  "checkpointSha256": "899832aca003f4aeb16622c769e7781004c828d14a94c0bf84d2c2393c2bcde2",
  "artifactSha256": "01b1b14c15cc547fa46dedae37e4047a35e555809874492bfc5766635b94dcf1",
  "boundaryThreshold": 3.75,
  "calibration": {
    "threshold": 3.75,
    "criterion": "Maximize the worst clause-boundary F1 across same-frame validation and reordered development data. Ties choose the lower threshold. These sets were already used for development and model selection; this is not test-set calibration.",
    "grid": [
      {
        "threshold": 0.0,
        "metrics": {
          "validation": {
            "f1": 0.9990539262062441,
            "truePositive": 1584,
            "falsePositive": 2,
            "falseNegative": 1
          },
          "heldoutDevelopment": {
            "f1": 0.9071428571428571,
            "truePositive": 1270,
            "falsePositive": 260,
            "falseNegative": 0
          }
        }
      },
      {
        "threshold": 0.25,
        "metrics": {
          "validation": {
            "f1": 0.9987381703470032,
            "truePositive": 1583,
            "falsePositive": 2,
            "falseNegative": 2
          },
          "heldoutDevelopment": {
            "f1": 0.9090909090909091,
            "truePositive": 1270,
            "falsePositive": 254,
            "falseNegative": 0
          }
        }
      },
      {
        "threshold": 0.5,
        "metrics": {
          "validation": {
            "f1": 0.9987381703470032,
            "truePositive": 1583,
            "falsePositive": 2,
            "falseNegative": 2
          },
          "heldoutDevelopment": {
            "f1": 0.9113742375313958,
            "truePositive": 1270,
            "falsePositive": 247,
            "falseNegative": 0
          }
        }
      },
      {
        "threshold": 0.75,
        "metrics": {
          "validation": {
            "f1": 0.9987373737373737,
            "truePositive": 1582,
            "falsePositive": 1,
            "falseNegative": 3
          },
          "heldoutDevelopment": {
            "f1": 0.9149855907780979,
            "truePositive": 1270,
            "falsePositive": 236,
            "falseNegative": 0
          }
        }
      },
      {
        "threshold": 1.0,
        "metrics": {
          "validation": {
            "f1": 0.9987373737373737,
            "truePositive": 1582,
            "falsePositive": 1,
            "falseNegative": 3
          },
          "heldoutDevelopment": {
            "f1": 0.918293564714389,
            "truePositive": 1270,
            "falsePositive": 226,
            "falseNegative": 0
          }
        }
      },
      {
        "threshold": 1.25,
        "metrics": {
          "validation": {
            "f1": 0.9987373737373737,
            "truePositive": 1582,
            "falsePositive": 1,
            "falseNegative": 3
          },
          "heldoutDevelopment": {
            "f1": 0.9216255442670537,
            "truePositive": 1270,
            "falsePositive": 216,
            "falseNegative": 0
          }
        }
      },
      {
        "threshold": 1.5,
        "metrics": {
          "validation": {
            "f1": 0.999052731291443,
            "truePositive": 1582,
            "falsePositive": 0,
            "falseNegative": 3
          },
          "heldoutDevelopment": {
            "f1": 0.9253187613843351,
            "truePositive": 1270,
            "falsePositive": 205,
            "falseNegative": 0
          }
        }
      },
      {
        "threshold": 1.75,
        "metrics": {
          "validation": {
            "f1": 0.9984202211690363,
            "truePositive": 1580,
            "falsePositive": 0,
            "falseNegative": 5
          },
          "heldoutDevelopment": {
            "f1": 0.9331373989713446,
            "truePositive": 1270,
            "falsePositive": 182,
            "falseNegative": 0
          }
        }
      },
      {
        "threshold": 2.0,
        "metrics": {
          "validation": {
            "f1": 0.9981036662452591,
            "truePositive": 1579,
            "falsePositive": 0,
            "falseNegative": 6
          },
          "heldoutDevelopment": {
            "f1": 0.9417871709306637,
            "truePositive": 1270,
            "falsePositive": 157,
            "falseNegative": 0
          }
        }
      },
      {
        "threshold": 2.25,
        "metrics": {
          "validation": {
            "f1": 0.9981036662452591,
            "truePositive": 1579,
            "falsePositive": 0,
            "falseNegative": 6
          },
          "heldoutDevelopment": {
            "f1": 0.9477611940298507,
            "truePositive": 1270,
            "falsePositive": 140,
            "falseNegative": 0
          }
        }
      },
      {
        "threshold": 2.5,
        "metrics": {
          "validation": {
            "f1": 0.9971527997469155,
            "truePositive": 1576,
            "falsePositive": 0,
            "falseNegative": 9
          },
          "heldoutDevelopment": {
            "f1": 0.9559653744824991,
            "truePositive": 1270,
            "falsePositive": 117,
            "falseNegative": 0
          }
        }
      },
      {
        "threshold": 2.75,
        "metrics": {
          "validation": {
            "f1": 0.9968354430379747,
            "truePositive": 1575,
            "falsePositive": 0,
            "falseNegative": 10
          },
          "heldoutDevelopment": {
            "f1": 0.9621212121212122,
            "truePositive": 1270,
            "falsePositive": 100,
            "falseNegative": 0
          }
        }
      },
      {
        "threshold": 3.0,
        "metrics": {
          "validation": {
            "f1": 0.9952456418383518,
            "truePositive": 1570,
            "falsePositive": 0,
            "falseNegative": 15
          },
          "heldoutDevelopment": {
            "f1": 0.9668823753330795,
            "truePositive": 1270,
            "falsePositive": 87,
            "falseNegative": 0
          }
        }
      },
      {
        "threshold": 3.25,
        "metrics": {
          "validation": {
            "f1": 0.9936507936507937,
            "truePositive": 1565,
            "falsePositive": 0,
            "falseNegative": 20
          },
          "heldoutDevelopment": {
            "f1": 0.9735530854733614,
            "truePositive": 1270,
            "falsePositive": 69,
            "falseNegative": 0
          }
        }
      },
      {
        "threshold": 3.5,
        "metrics": {
          "validation": {
            "f1": 0.9926914521766762,
            "truePositive": 1562,
            "falsePositive": 0,
            "falseNegative": 23
          },
          "heldoutDevelopment": {
            "f1": 0.9825918762088974,
            "truePositive": 1270,
            "falsePositive": 45,
            "falseNegative": 0
          }
        }
      },
      {
        "threshold": 3.75,
        "metrics": {
          "validation": {
            "f1": 0.9920508744038156,
            "truePositive": 1560,
            "falsePositive": 0,
            "falseNegative": 25
          },
          "heldoutDevelopment": {
            "f1": 0.9894818854694195,
            "truePositive": 1270,
            "falsePositive": 27,
            "falseNegative": 0
          }
        }
      },
      {
        "threshold": 4.0,
        "metrics": {
          "validation": {
            "f1": 0.98851308232291,
            "truePositive": 1549,
            "falsePositive": 0,
            "falseNegative": 36
          },
          "heldoutDevelopment": {
            "f1": 0.9929632525410477,
            "truePositive": 1270,
            "falsePositive": 18,
            "falseNegative": 0
          }
        }
      },
      {
        "threshold": 4.25,
        "metrics": {
          "validation": {
            "f1": 0.9849503682356708,
            "truePositive": 1538,
            "falsePositive": 0,
            "falseNegative": 47
          },
          "heldoutDevelopment": {
            "f1": 0.9964692036092585,
            "truePositive": 1270,
            "falsePositive": 9,
            "falseNegative": 0
          }
        }
      },
      {
        "threshold": 4.5,
        "metrics": {
          "validation": {
            "f1": 0.9813624678663239,
            "truePositive": 1527,
            "falsePositive": 0,
            "falseNegative": 58
          },
          "heldoutDevelopment": {
            "f1": 0.997643362136685,
            "truePositive": 1270,
            "falsePositive": 6,
            "falseNegative": 0
          }
        }
      },
      {
        "threshold": 4.75,
        "metrics": {
          "validation": {
            "f1": 0.9751050759780149,
            "truePositive": 1508,
            "falsePositive": 0,
            "falseNegative": 77
          },
          "heldoutDevelopment": {
            "f1": 0.9988202909948879,
            "truePositive": 1270,
            "falsePositive": 3,
            "falseNegative": 0
          }
        }
      },
      {
        "threshold": 5.0,
        "metrics": {
          "validation": {
            "f1": 0.9691056910569106,
            "truePositive": 1490,
            "falsePositive": 0,
            "falseNegative": 95
          },
          "heldoutDevelopment": {
            "f1": 0.999213217938631,
            "truePositive": 1270,
            "falsePositive": 2,
            "falseNegative": 0
          }
        }
      }
    ]
  },
  "epoch": 2,
  "tokensSeenAtCheckpoint": 70599985,
  "lineage": [
    {
      "checkpoint": "training/runs/semantic-dates/best.pt",
      "sha256": "899832aca003f4aeb16622c769e7781004c828d14a94c0bf84d2c2393c2bcde2",
      "epoch": 2,
      "trainingTokens": 8802774
    },
    {
      "checkpoint": "/Users/arikko/Developer/vibecode/gpu-time-rewrite/training/runs/edge-cases/best.pt",
      "sha256": "0b4fafea248d0f69bb65d99d86c950a6a78e2bb824e8a4f34db74987d2cb750c",
      "epoch": 1,
      "trainingTokens": 2814647
    },
    {
      "checkpoint": "/Users/arikko/Developer/vibecode/gpu-time-rewrite/training/runs/compositional/best.pt",
      "sha256": "e5f309d2e04095ba6a61de73c6cb2103e18a9f441df9970223ee36db3d9f02f9",
      "epoch": 14,
      "trainingTokens": 58982564
    }
  ],
  "parameters": 32953,
  "quantizationBits": 6,
  "logicalPackedBytes": 24715,
  "encodedCharacters": 32953,
  "moduleBytes": 35235,
  "moduleGzipBytes": 21712,
  "moduleBrotliBytes": 19067,
  "labels": [
    "O",
    "NUM",
    "ORD",
    "UNIT",
    "DIR_BEFORE",
    "DIR_AFTER",
    "NOW",
    "REL_DAY",
    "DEICTIC",
    "WEEKDAY",
    "DAYGROUP",
    "MONTH",
    "DOM",
    "YEAR",
    "HOUR",
    "MINUTE",
    "SECOND",
    "MERIDIEM",
    "TIME_NAMED",
    "DAYPART",
    "RANGE_START",
    "RANGE_END",
    "RECUR",
    "FREQ",
    "TIMES",
    "BOUND_START",
    "BOUND_END",
    "COUNT",
    "DUR",
    "EXCEPT",
    "TZ",
    "HOLIDAY",
    "JOIN",
    "GLUE"
  ],
  "metrics": {
    "validation": {
      "tokens": 93011,
      "sequences": 10000,
      "tokenAccuracy": 0.9989463611830859,
      "exactLabelAndBoundarySequence": 0.9887,
      "boundaryPrecision": 1.0,
      "boundaryRecall": 0.9842271293375394,
      "boundaryF1": 0.9920508744038156,
      "boundaryCounts": {
        "truePositive": 1560,
        "falsePositive": 0,
        "falseNegative": 25
      }
    },
    "heldout": {
      "tokens": 71821,
      "sequences": 10000,
      "tokenAccuracy": 0.9589952799320532,
      "exactLabelAndBoundarySequence": 0.8189,
      "boundaryPrecision": 0.9791827293754819,
      "boundaryRecall": 1.0,
      "boundaryF1": 0.9894818854694195,
      "boundaryCounts": {
        "truePositive": 1270,
        "falsePositive": 27,
        "falseNegative": 0
      }
    }
  },
  "scope": "Exact decoded int6 weights, sequential CPU PyTorch inference reference with the recorded intermediate precision. Training uses the mathematically equivalent parallel affine scan. Browser parity and end-to-end schedule accuracy are separate gates.",
  "parity": {
    "prefix": "training/parity",
    "sequences": 512,
    "tokens": 6048,
    "rowsPerToken": 17,
    "rolesPerToken": 40,
    "boundaryThreshold": 3.75
  },
  "exportSourceDirectory": "training/exports/01b1b14c15cc547fa46dedae37e4047a35e555809874492bfc5766635b94dcf1/source",
  "exportSourceHashes": {
    "training/export.py": "2b1cef9cb7200aa2465280265b62108e54a78694d057c7a4635428f0f6b3aeca",
    "training/calibrate.py": "a36888bf0f01f8b92b56d35c9d2417276a6bd896666402513ec60362e8d4ab74",
    "training/model.py": "9a83b4b90a550b92fd202c0ea5b7b355d4209bbcec3e23eb8ae72934d50d06cc",
    "training/train.py": "d3ddcde36984e7d707760bbd9c54fd04f056bf13191df6c13c0c0c65d5071b04",
    "training/uv.lock": "e38fc9c47a173255a61427fa2aade8440a7f642a0e55a85ef1bba2ece4d0034f"
  }
}
